12-18 23:56:41.795 E/secmem_tz( 3203): [Secure_NegotiateVersion:488] Negotiated secmem version = 2
12-18 23:56:41.795 I/OmxVideoDecoder( 3203): we will use V2
12-18 23:56:41.795 D/InsManage( 3203): Register Instance 0xacf83a00, Active Number=1
12-18 23:56:41.795 W/OmxLogConf( 3203): Can not read property media.omx.log_levels, using 0
12-18 23:56:41.795 V/AmlogicVideoDecoderAwesome( 3203): media.omx.out_buffer1 is not set used def=4
12-18 23:56:41.795 D/OmxVideoDecoder( 3203): setInputCoding OMX.amlogic.vp9.decoder.awesome.secure
12-18 23:56:41.795 D/OmxVideoDecoder( 3203): mIsLinux49=1, major=4, minor=9
12-18 23:56:41.795 D/OmxVideoDecoder( 3203): multi dec exist
12-18 23:56:41.795 D/OmxVideoDecoder( 3203): Use frame mode for multidec.
12-18 23:56:41.795 D/OmxVideoDecoder( 3203): Use min out buffer size
12-18 23:56:41.795 D/OmxVideoDecoder( 3203): mSupportPiPVideo = 1
12-18 23:56:41.795 D/OmxVideoDecoder( 3203): mMustOsdDisplay 0, mAmVideoUsed=0, mSupportPiPVideo=1, mPipVideoUsed=0, mVideoUsedByOmx=0
12-18 23:56:41.796 D/OMX-VENDOR-EXT( 3203): OMX.amlogic.vp9.decoder.awesome.secure : Vendor extensions supported (8)
12-18 23:56:41.796 D/OMX-VENDOR-EXT( 3203):    vendor.4k-osd{{ enable : Int32 },  }
12-18 23:56:41.796 D/OMX-VENDOR-EXT( 3203):    vendor.unstable-pts{{ enable : Int32 },  }
12-18 23:56:41.796 D/OMX-VENDOR-EXT( 3203):    vendor.is-mvc{{ enable : Int32 },  }
12-18 23:56:41.796 D/OMX-VENDOR-EXT( 3203):    vendor.is-flv{{ nContainIndex : Int32 },  }
12-18 23:56:41.796 D/OMX-VENDOR-EXT( 3203):    vendor.dvconfig-box{{ disable : Int32 },  }
12-18 23:56:41.796 D/OMX-VENDOR-EXT( 3203):    vendor.profile-level{{ n-profile : Int32 },  { n-level : Int32 },  }
12-18 23:56:41.796 D/OMX-VENDOR-EXT( 3203):    vendor.nrdp{{ video-peek-in-tunnel : Int32 },  }
12-18 23:56:41.796 D/OMX-VENDOR-EXT( 3203):    vendor.display-layer{{ value : Int32 },  }
12-18 23:56:41.796 D/OmxComponentManagerImpl( 3203): IncreaseEntryNumByName pEntry->mNum=0, pEntry->mMaxNum:1,componentName:OMX.amlogic.vp9.decoder.awesome.secure
12-18 23:56:41.796 I/omx_core( 3203): OMX_getHandle_num=1
12-18 23:56:41.796 D/OmxComponent( 3203): mApkName=media.codec
12-18 23:56:41.796 D/bt_hwcfg_uart( 3086): dump_uart_chip_name chip name:8822CS-VL-CG
12-18 23:56:41.797 D/OmxVideoDecoder( 3203): setParameter 907 0x1000017
12-18 23:56:41.797 D/OmxVideoDecoder( 3203): setInputCoding video_decoder.vp9
12-18 23:56:41.797 D/StorageNotification( 3479): Notifying about private volume: VolumeInfo{private}:
12-18 23:56:41.797 D/StorageNotification( 3479):     type=PRIVATE diskId=null partGuid=null mountFlags=0 mountUserId=-1 
12-18 23:56:41.797 D/StorageNotification( 3479):     state=MOUNTED 
12-18 23:56:41.797 D/StorageNotification( 3479):     fsType=null fsUuid=null fsLabel=null 
12-18 23:56:41.797 D/StorageNotification( 3479):     path=/data internalPath=null 
12-18 23:56:41.798 E/OMXNodeInstance( 3203): getParameter(0xacf83bc8:amlogic.vp9.decoder.awesome.secure, ParamVideoProfileLevelQuerySupported(0x600000f)) ERROR: BadParameter(0x80001005)
12-18 23:56:41.798 D/StorageNotification( 3479): Notifying about public volume: VolumeInfo{public:8,1}:
12-18 23:56:41.798 D/StorageNotification( 3479):     type=PUBLIC diskId=disk:8,0 partGuid= mountFlags=VISIBLE mountUserId=0 
12-18 23:56:41.798 D/StorageNotification( 3479):     state=MOUNTED 
12-18 23:56:41.798 D/StorageNotification( 3479):     fsType=ufsd fsUuid=01CD55BF22B680D3 fsLabel=SanDisk 
12-18 23:56:41.798 D/StorageNotification( 3479):     path=/storage/01CD55BF22B680D3 internalPath=/mnt/media_rw/01CD55BF22B680D3 
12-18 23:56:41.799 D/OmxComponent( 3203): getExtensionIndex 1136 name="OMX.google.android.index.describeColorFormat"
12-18 23:56:41.799 D/OmxComponent( 3203): getExtensionIndex 1136 name="OMX.google.android.index.storeMetaDataInBuffers"
12-18 23:56:41.799 D/OmxComponent( 3203): getExtensionIndex 1136 name="OMX.google.android.index.storeANWBufferInMetadata"
12-18 23:56:41.799 D/OmxComponent( 3203): getExtensionIndex 1136 name="OMX.google.android.index.prepareForAdaptivePlayback"
12-18 23:56:41.799 D/OmxComponent( 3203): getExtensionIndex 1136 name="OMX.google.android.index.configureVideoTunnelMode"
12-18 23:56:41.799 D/OmxComponent( 3203): getExtensionIndex 1136 name="OMX.google.android.index.useAndroidNativeBuffer2"
12-18 23:56:41.799 D/OmxComponent( 3203): getExtensionIndex 1136 name="OMX.google.android.index.useAndroidNativeBuffer"
12-18 23:56:41.799 D/OmxComponent( 3203): getExtensionIndex 1136 name="OMX.google.android.index.enableAndroidNativeBuffers"
12-18 23:56:41.799 D/OmxComponent( 3203): getExtensionIndex 1136 name="OMX.google.android.index.allocateNativeHandle"
12-18 23:56:41.799 D/OmxComponent( 3203): getExtensionIndex 1136 name="OMX.google.android.index.getAndroidNativeBufferUsage"
12-18 23:56:41.799 V/OmxVideoDecoder( 3203): updatePort mUseNativeBuffers 0
12-18 23:56:41.801 D/OmxComponent( 3203): getExtensionIndex 1136 name="OMX.google.android.index.configureVideoTunnelMode"
12-18 23:56:41.801 D/OmxVideoDecoder( 3203): setParameter 907 0x7f000008
12-18 23:56:41.801 I/OmxVideoDecoder( 3203): OmxVideoDecoder::setParameter OMX_IndexAndroidConfigureVideoTunnelMode, enable=1
12-18 23:56:41.801 D/OmxComponentManagerImpl( 3203): DecreaseEntryNumByName pEntry->mNum=1, pEntry->mMaxNum:1,componentName:OMX.amlogic.vp9.decoder.awesome.secure
12-18 23:56:41.801 I/omx_core( 3203): OMX_freeHandle_num_= 0
12-18 23:56:41.802 D/AmlogicVideoDecoderAwesome( 3203): AmlogicVideoDecoderVp9 Dtor
12-18 23:56:41.802 D/AmlogicVideoDecoderAwesome( 3203): ~AmlogicVideoDecoderAwesome
12-18 23:56:41.802 D/AmlogicVideoDecoderAwesome( 3203): ~AmlogicVideoDecoder
12-18 23:56:41.802 D/AmlogicVideoDecoderAwesome( 3203): ~AmlogicVideoDecoder, mOmxInstancenum 0
12-18 23:56:41.802 D/InsManage( 3203): UnRegisterInstance 0xacf83a00 Success, QuitClass 0x0
12-18 23:56:41.802 I/AmAVUtils( 3196): AmAVUtils::getComponentRole isEncoder :0 mime:video/x-vnd.on2.vp9 
12-18 23:56:41.802 V/AVUtils ( 3196): AVUtils::getComponentRole
12-18 23:56:41.805 I/OMXClient( 3196): IOmx service obtained
12-18 23:56:41.805 I/OMXMaster( 3203): makeComponentInstance(OMX.google.vp9.decoder) in omx@1.0-service process
12-18 23:56:41.808 D/bt_hwcfg_uart( 3086): hw_cfg_cb.state = 3
12-18 23:56:41.808 D/bt_hwcfg_uart( 3086): hw_config_cback chip_id of the IC:4
12-18 23:56:41.808 I/bt_hwcfg_uart( 3086): check_match_state return 1(cfg->lmp_subversion:0x8822 cfg->hci_vesion:0x8 cfg->hci_revision:0xc cfg->chip_type:0x1f mask:00000000)
12-18 23:56:41.808 I/bt_hwcfg_uart( 3086): get_patch_entry(lmp_subversion:0x8822 hci_vesion:0x8 cfg->hci_revision:0xc chip_type:0x1f)
12-18 23:56:41.808 I/bt_hwcfg_uart( 3086): get_patch_entry return(patch_name:rtl8822cs_fw config_name:rtl8822cs_config mac_offset:0x30)
12-18 23:56:41.808 I/bt_hwcfg_uart( 3086): BT config file: /vendor/firmware/rtl8822cs_config
12-18 23:56:41.810 D/bt_hwcfg_uart( 3086): bt_addr = f0
12-18 23:56:41.810 I/bt_hwcfg_uart( 3086): config baud rate to :0x00005002, hwflowcontrol:0x5f, 0x81
12-18 23:56:41.810 I/bt_hwcfg_uart( 3086): config 0x01be heartbeat = 1
12-18 23:56:41.810 I/bt_hwcfg_uart( 3086): config offset(0x1bb),length(0x1)
12-18 23:56:41.810 I/bt_hwcfg_uart( 3086): config offset(0x1c0),length(0x4)
12-18 23:56:41.810 I/bt_hwcfg_uart( 3086): config offset(0x1000),length(0xb)
12-18 23:56:41.810 I/bt_hwcfg_uart( 3086): config offset(0x1040),length(0xb)
12-18 23:56:41.810 I/bt_hwcfg_uart( 3086): config offset(0x1c4),length(0x1)
12-18 23:56:41.810 I/bt_hwcfg_uart( 3086): Get config baud rate from config file:0x5002
12-18 23:56:41.810 I/bt_hwcfg_uart( 3086): ORG Config len=00000049:
12-18 23:56:41.810 I/bt_hwcfg_uart( 3086): 00000000: 55 ab 23 87 43 00 0c 00 10 02 50 00 00 50 c5 ea
12-18 23:56:41.810 I/bt_hwcfg_uart( 3086): 00000010: 19 e1 1b fd af 5f 01 a4 0b be 01 02 1a 19 bb 01
12-18 23:56:41.810 I/bt_hwcfg_uart( 3086): 00000020: 01 3d c0 01 04 10 00 60 01 00 10 0b 00 ff 04 5d
12-18 23:56:41.810 I/bt_hwcfg_uart( 3086): 00000030: 00 03 00 ff ff ff ff 40 10 0b 28 08 30 30 00 ff
12-18 23:56:41.810 I/bt_hwcfg_uart( 3086): 00000040: ff ff ff ff ff c4 01 01 02 00 00 00 00 00 00 00
12-18 23:56:41.810 I/bt_hwcfg_uart( 3086): Couldn't open extra config /vendor/etc/bluetooth/rtk_btconfig.txt, err:No such file or directory
12-18 23:56:41.810 I/bt_hwcfg_uart( 3086): rtk_update_altsettings: 1 AltSettings
12-18 23:56:41.810 E/bt_hwcfg( 3086): getmacaddr,persist.vendor.rtkbt.bdaddr_path = none
12-18 23:56:41.810 I/bt_hwcfg_uart( 3086): NEW Config len=00000049:
12-18 23:56:41.810 I/bt_hwcfg_uart( 3086): 00000000: 55 ab 23 87 43 00 0c 00 10 02 50 00 00 50 c5 ea
12-18 23:56:41.810 I/bt_hwcfg_uart( 3086): 00000010: 19 e1 1b fd af 5f 01 a4 0b be 01 02 1a 19 bb 01
12-18 23:56:41.810 I/bt_hwcfg_uart( 3086): 00000020: 01 3d c0 01 04 10 00 60 01 00 10 0b 00 ff 04 5d
12-18 23:56:41.810 I/bt_hwcfg_uart( 3086): 00000030: 00 03 00 ff ff ff ff 40 10 0b 28 08 30 30 00 ff
12-18 23:56:41.810 I/bt_hwcfg_uart( 3086): 00000040: ff ff ff ff ff c4 01 01 02 00 00 00 00 00 00 00
12-18 23:56:41.810 I/bt_hwcfg( 3086): BT fw file: /vendor/firmware/rtl8822cs_fw
12-18 23:56:41.812 I/bt_hwcfg( 3086): Load FW OK
12-18 23:56:41.812 I/bt_hwcfg( 3086): bt_hw_parse_project_id: opcode 0, len 1, data 13
12-18 23:56:41.812 I/bt_hwcfg( 3086): rtk_get_patch_entry: fw_ver 0x1d9a25c2, patch_num 3
12-18 23:56:41.812 I/bt_hwcfg( 3086): rtk_get_patch_entry: chip_id 4, patch_len 0x91d4, patch_offset 0x8540
12-18 23:56:41.812 I/bt_hwcfg_uart( 3086): total_len = 0x921d
12-18 23:56:41.812 I/bt_hwcfg_uart( 3086): BTCOEX:20200529-1c1c svn_version:24075 lmp_subversion:0x8822 hci_version:0x8 hci_revision:0xc chip_type:31 Cut:4 libbt-vendor_uart version:5.1.1
12-18 23:56:41.812 I/bt_hwcfg_uart( 3086): Fw: exists, config file: exists
12-18 23:56:41.812 D/bt_hwcfg_uart( 3086): Check total_len(0x0000921d) max_patch_size(0x0000a000)
12-18 23:56:41.812 D/bt_hwcfg_uart( 3086): patch fragment count 149, tail len 109
12-18 23:56:41.812 D/bt_hwcfg_uart( 3086): bt vendor lib: set CONTROLLER UART baud 0x5002
12-18 23:56:41.816 D/SystemUIBootTiming( 3479): StartServicescom.android.systemui.usb.StorageNotification took to complete: 27ms
12-18 23:56:41.818 E/OMXNodeInstance( 3203): getExtensionIndex(0xacf9cba0:google.vp9.decoder, OMX.google.android.index.configureVideoTunnelMode) ERROR: UnsupportedIndex(0x8000101a)
12-18 23:56:41.819 E/OMXNodeInstance( 3203): getExtensionIndex(0xacf9cba0:google.vp9.decoder, OMX.google.android.index.enableAndroidNativeBuffers) ERROR: UnsupportedIndex(0x8000101a)
12-18 23:56:41.820 W/System.err( 3627): java.lang.IllegalStateException: SharedPreferences in credential encrypted storage are not available until after user is unlocked
12-18 23:56:41.820 W/System.err( 3627): 	at android.app.ContextImpl.getSharedPreferences(ContextImpl.java:419)
12-18 23:56:41.820 W/System.err( 3627): 	at android.app.ContextImpl.getSharedPreferences(ContextImpl.java:404)
12-18 23:56:41.820 W/System.err( 3627): 	at android.content.ContextWrapper.getSharedPreferences(ContextWrapper.java:174)
12-18 23:56:41.820 W/System.err( 3627): 	at com.rjil.jio.profileutility.utils.Utility$Companion.checkFirstLaunch(Utility.kt:343)
12-18 23:56:41.820 W/System.err( 3627): 	at com.rjil.jio.profileutility.ProfileUtilityLibrary$Builder.runFirstLaunch(ProfileUtilityLibrary.kt:67)
12-18 23:56:41.820 W/System.err( 3627): 	at com.rjil.jio.profileutility.ProfileUtilityLibrary$Builder.build(ProfileUtilityLibrary.kt:102)
12-18 23:56:41.820 W/System.err( 3627): 	at com.rjil.jiostbsetting.MyApplication.onCreate(MyApplication.kt:44)
12-18 23:56:41.820 W/System.err( 3627): 	at android.app.Instrumentation.callApplicationOnCreate(Instrumentation.java:1154)
12-18 23:56:41.820 W/System.err( 3627): 	at android.app.ActivityThread.handleBindApplication(ActivityThread.java:5871)
12-18 23:56:41.820 W/System.err( 3627): 	at android.app.ActivityThread.access$1100(ActivityThread.java:199)
12-18 23:56:41.820 W/System.err( 3627): 	at android.app.ActivityThread$H.handleMessage(ActivityThread.java:1650)
12-18 23:56:41.820 W/System.err( 3627): 	at android.os.Handler.dispatchMessage(Handler.java:106)
12-18 23:56:41.820 W/System.err( 3627): 	at android.os.Looper.loop(Looper.java:193)
12-18 23:56:41.820 W/System.err( 3627): 	at android.app.ActivityThread.main(ActivityThread.java:6669)
12-18 23:56:41.820 W/System.err( 3627): 	at java.lang.reflect.Method.invoke(Native Method)
12-18 23:56:41.820 W/System.err( 3627): 	at com.android.internal.os.RuntimeInit$MethodAndArgsCaller.run(RuntimeInit.java:493)
12-18 23:56:41.820 W/System.err( 3627): 	at com.android.internal.os.ZygoteInit.main(ZygoteInit.java:858)
12-18 23:56:41.823 I/AmAVUtils( 3196): AmAVUtils::getComponentRole isEncoder :0 mime:video/wmv3 
12-18 23:56:41.823 V/AVUtils ( 3196): AVUtils::getComponentRole
12-18 23:56:41.823 D/bt_hwcfg_uart( 3086): hw_cfg_cb.state = 6
12-18 23:56:41.823 D/bt_hwcfg_uart( 3086): bt vendor lib: set HOST UART baud start
12-18 23:56:41.823 D/bt_hwcfg_uart( 3086): bt vendor lib: set HOST UART baud 2000000
12-18 23:56:41.823 I/bt_userial_vendor( 3086): userial_vendor_set_baud
12-18 23:56:41.826 D/bt_hwcfg_uart( 3086): Change HW flowcontrol setting
12-18 23:56:41.826 D/SystemUIBootTiming( 3479): StartServicescom.android.systemui.power.PowerUI took to complete: 11ms
12-18 23:56:41.829 D/SystemUIBootTiming( 3479): StartServicescom.android.systemui.media.RingtonePlayer took to complete: 2ms
12-18 23:56:41.831 D/SystemUIBootTiming( 3479): StartServicescom.android.systemui.keyboard.KeyboardUI took to complete: 3ms
12-18 23:56:41.832 I/OMXClient( 3196): IOmx service obtained
12-18 23:56:41.832 I/OMXMaster( 3203): makeComponentInstance(OMX.amlogic.wmv3.decoder.awesome) in omx@1.0-service process
12-18 23:56:41.832 D/OmxComponentManagerImpl( 3203): support frame mode
12-18 23:56:41.832 D/OmxComponentManagerImpl( 3203): format not support multi-instance
12-18 23:56:41.832 D/OmxComponentManagerImpl( 3203): getEntryByName_2_num=0, componentName:OMX.amlogic.wmv3.decoder.awesome
12-18 23:56:41.833 D/OmxComponentManagerImpl( 3203): have no decoder component
12-18 23:56:41.833 D/OmxComponentManagerImpl( 3203): amstream_hevc is free
12-18 23:56:41.833 D/OmxComponentManagerImpl( 3203): ret =0,*pEntry->mRoleNames=video_decoder.wmv
12-18 23:56:41.834 D/OmxComponentManagerImpl( 3203): amstream_vbuf is free
12-18 23:56:41.834 D/OmxComponentManagerImpl( 3203): ret =0,*pEntry->mRoleNames=video_decoder.wmv
12-18 23:56:41.834 D/OmxComponentManagerImpl( 3203): ionvide is free
12-18 23:56:41.834 D/OmxComponentManagerImpl( 3203): ready for creat omx decoder component
12-18 23:56:41.834 V/AmlogicVideoDecoderAwesome( 3203): AmlogicVideoDecoder:100 >
12-18 23:56:41.834 V/AmlogicVideoDecoderAwesome( 3203): initializeState_l:1541 >
12-18 23:56:41.834 V/AmlogicVideoDecoderAwesome( 3203): media.omx.latency is not set used def=1.000000
12-18 23:56:41.834 D/AmlogicVideoDecoderAwesome( 3203): AmlogicVideoDecoder, mOmxInstancenum 1, mOmxInstanceID 14
12-18 23:56:41.834 W/AmlSysfsUtil( 3203): [amsysfs_get_sysfs_str] /sys/module/am_vecm/parameters/dolby_vision_enable failed!
12-18 23:56:41.834 D/AmlogicVideoDecoderAwesome( 3203): mCheckDvesDone = 1
12-18 23:56:41.835 D/OmxVideoDecoder( 3203): drm use frame_mode
12-18 23:56:41.835 D/OmxVideoDecoder( 3203): libsecmem.so is V2
12-18 23:56:41.835 E/secmem_tz( 3203): [Secure_NegotiateVersion:479] Secure_NegotiateVersion 2 2 2 2 2 2
12-18 23:56:41.835 E/secmem_tz( 3203): [Secure_NegotiateVersion:488] Negotiated secmem version = 2
12-18 23:56:41.835 I/OmxVideoDecoder( 3203): we will use V2
12-18 23:56:41.835 D/InsManage( 3203): Register Instance 0xacf83a00, Active Number=1
12-18 23:56:41.835 D/bt_userial_vendor( 3086): userial_vendor_set_hw_fctrl set hw flowcontrol on
12-18 23:56:41.835 W/OmxLogConf( 3203): Can not read property media.omx.log_levels, using 0
12-18 23:56:41.835 V/AmlogicVideoDecoderAwesome( 3203): media.omx.out_buffer1 is not set used def=4
12-18 23:56:41.835 D/OmxVideoDecoder( 3203): setInputCoding OMX.amlogic.wmv3.decoder.awesome
12-18 23:56:41.835 D/OmxVideoDecoder( 3203): mIsLinux49=1, major=4, minor=9
12-18 23:56:41.835 D/OmxVideoDecoder( 3203): multi dec exist
12-18 23:56:41.835 D/OmxVideoDecoder( 3203): format is not avc, hevc, vp9, avs2, mpeg2, mpeg4, mjpeg, use single mode
12-18 23:56:41.835 D/OmxVideoDecoder( 3203): mSupportPiPVideo = 1
12-18 23:56:41.835 D/OmxVideoDecoder( 3203): mMustOsdDisplay 0, mAmVideoUsed=0, mSupportPiPVideo=1, mPipVideoUsed=0, mVideoUsedByOmx=0
12-18 23:56:41.835 D/OMX-VENDOR-EXT( 3203): OMX.amlogic.wmv3.decoder.awesome : Vendor extensions supported (8)
12-18 23:56:41.835 D/OMX-VENDOR-EXT( 3203):    vendor.4k-osd{{ enable : Int32 },  }
12-18 23:56:41.835 D/OMX-VENDOR-EXT( 3203):    vendor.unstable-pts{{ enable : Int32 },  }
12-18 23:56:41.835 D/OMX-VENDOR-EXT( 3203):    vendor.is-mvc{{ enable : Int32 },  }
12-18 23:56:41.835 D/OMX-VENDOR-EXT( 3203):    vendor.is-flv{{ nContainIndex : Int32 },  }
12-18 23:56:41.835 D/OMX-VENDOR-EXT( 3203):    vendor.dvconfig-box{{ disable : Int32 },  }
12-18 23:56:41.835 D/OMX-VENDOR-EXT( 3203):    vendor.profile-level{{ n-profile : Int32 },  { n-level : Int32 },  }
12-18 23:56:41.835 D/OMX-VENDOR-EXT( 3203):    vendor.nrdp{{ video-peek-in-tunnel : Int32 },  }
12-18 23:56:41.835 D/OMX-VENDOR-EXT( 3203):    vendor.display-layer{{ value : Int32 },  }
12-18 23:56:41.835 D/OmxComponentManagerImpl( 3203): IncreaseEntryNumByName pEntry->mNum=0, pEntry->mMaxNum:1,componentName:OMX.amlogic.wmv3.decoder.awesome
12-18 23:56:41.836 I/omx_core( 3203): OMX_getHandle_num=1
12-18 23:56:41.836 D/OmxComponent( 3203): mApkName=media.codec
12-18 23:56:41.836 D/OmxVideoDecoder( 3203): setParameter 907 0x1000017
12-18 23:56:41.836 D/OmxVideoDecoder( 3203): setInputCoding video_decoder.wmv
12-18 23:56:41.838 E/OMXNodeInstance( 3203): getParameter(0xacf83bc8:amlogic.wmv3.decoder.awesome, ParamVideoProfileLevelQuerySupported(0x600000f)) ERROR: BadParameter(0x80001005)
12-18 23:56:41.838 D/OmxComponent( 3203): getExtensionIndex 1136 name="OMX.google.android.index.describeColorFormat"
12-18 23:56:41.839 D/OmxComponent( 3203): getExtensionIndex 1136 name="OMX.google.android.index.storeMetaDataInBuffers"
12-18 23:56:41.839 D/OmxComponent( 3203): getExtensionIndex 1136 name="OMX.google.android.index.storeANWBufferInMetadata"
12-18 23:56:41.839 D/OmxComponent( 3203): getExtensionIndex 1136 name="OMX.google.android.index.prepareForAdaptivePlayback"
12-18 23:56:41.839 D/OmxComponent( 3203): getExtensionIndex 1136 name="OMX.google.android.index.configureVideoTunnelMode"
12-18 23:56:41.839 D/OmxComponent( 3203): getExtensionIndex 1136 name="OMX.google.android.index.useAndroidNativeBuffer2"
12-18 23:56:41.839 D/OmxComponent( 3203): getExtensionIndex 1136 name="OMX.google.android.index.useAndroidNativeBuffer"
12-18 23:56:41.839 D/OmxComponent( 3203): getExtensionIndex 1136 name="OMX.google.android.index.enableAndroidNativeBuffers"
12-18 23:56:41.839 D/OmxComponent( 3203): getExtensionIndex 1136 name="OMX.google.android.index.allocateNativeHandle"
12-18 23:56:41.839 D/OmxComponent( 3203): getExtensionIndex 1136 name="OMX.google.android.index.getAndroidNativeBufferUsage"
12-18 23:56:41.839 V/OmxVideoDecoder( 3203): updatePort mUseNativeBuffers 0
12-18 23:56:41.840 D/OmxComponent( 3203): getExtensionIndex 1136 name="OMX.google.android.index.configureVideoTunnelMode"
12-18 23:56:41.840 D/OmxVideoDecoder( 3203): setParameter 907 0x7f000008
12-18 23:56:41.840 I/OmxVideoDecoder( 3203): OmxVideoDecoder::setParameter OMX_IndexAndroidConfigureVideoTunnelMode, enable=1
12-18 23:56:41.841 D/OmxComponentManagerImpl( 3203): DecreaseEntryNumByName pEntry->mNum=1, pEntry->mMaxNum:1,componentName:OMX.amlogic.wmv3.decoder.awesome
12-18 23:56:41.841 I/omx_core( 3203): OMX_freeHandle_num_= 0
12-18 23:56:41.841 D/AmlogicVideoDecoderAwesome( 3203): ~AmlogicVideoDecoderAwesome
12-18 23:56:41.841 D/AmlogicVideoDecoderAwesome( 3203): ~AmlogicVideoDecoder
12-18 23:56:41.841 D/AmlogicVideoDecoderAwesome( 3203): ~AmlogicVideoDecoder, mOmxInstancenum 0
12-18 23:56:41.841 D/InsManage( 3203): UnRegisterInstance 0xacf83a00 Success, QuitClass 0x0
12-18 23:56:41.842 I/AmAVUtils( 3196): AmAVUtils::getComponentRole isEncoder :0 mime:video/wmv1 
12-18 23:56:41.842 V/AVUtils ( 3196): AVUtils::getComponentRole
12-18 23:56:41.844 I/OMXClient( 3196): IOmx service obtained
12-18 23:56:41.844 I/OMXMaster( 3203): makeComponentInstance(OMX.amlogic.wmv1.decoder.sw) in omx@1.0-service process
12-18 23:56:41.844 V/AmlogicSoftOMXPlugin( 3203): makeComponentInstance 90
12-18 23:56:41.848 D/SystemUIBootTiming( 3479): StartServicescom.android.systemui.pip.PipUI took to complete: 16ms
12-18 23:56:41.851 D/SystemUIBootTiming( 3479): StartServicescom.android.systemui.shortcut.ShortcutKeyDispatcher took to complete: 3ms
12-18 23:56:41.851 D/SystemUIBootTiming( 3479): StartServicescom.android.systemui.VendorServices took to complete: 0ms
12-18 23:56:41.853 I/AmSoftDec( 3203): get mimetype : video/wmv1
12-18 23:56:41.853 I/AmFFmpegCodec( 3203): CreateCodec for codecMime : video/wmv1
12-18 23:56:41.853 V/GarbageMonitor( 3479): Now tracking processes: 3479 
12-18 23:56:41.853 D/SystemUIBootTiming( 3479): StartServicescom.android.systemui.util.leak.GarbageMonitor$Service took to complete: 2ms
12-18 23:56:41.856 D/SystemUIBootTiming( 3479): StartServicescom.android.systemui.LatencyTester took to complete: 3ms
12-18 23:56:41.858 D/SystemUIBootTiming( 3479): StartServicescom.android.systemui.globalactions.GlobalActionsComponent took to complete: 3ms
12-18 23:56:41.859 D/SystemUIBootTiming( 3479): StartServicescom.android.systemui.ScreenDecorations took to complete: 0ms
12-18 23:56:41.860 D/SystemUIBootTiming( 3479): StartServicescom.android.systemui.fingerprint.FingerprintDialogImpl took to complete: 1ms
12-18 23:56:41.862 D/SystemUIBootTiming( 3479): StartServicescom.android.systemui.SliceBroadcastRelayHandler took to complete: 2ms
12-18 23:56:41.863 D/SystemUIBootTiming( 3479): StartServices took to complete: 1131ms
12-18 23:56:41.863 E/OMXNodeInstance( 3203): getExtensionIndex(0xacf9cba0:amlogic.wmv1.decoder.sw, OMX.google.android.index.configureVideoTunnelMode) ERROR: UnsupportedIndex(0x8000101a)
12-18 23:56:41.864 E/OMXNodeInstance( 3203): getExtensionIndex(0xacf9cba0:amlogic.wmv1.decoder.sw, OMX.google.android.index.enableAndroidNativeBuffers) ERROR: UnsupportedIndex(0x8000101a)
12-18 23:56:41.864 E/OMXNodeInstance( 3203): getExtensionIndex(0xacf9cba0:amlogic.wmv1.decoder.sw, OMX.google.android.index.prepareForAdaptivePlayback) ERROR: UnsupportedIndex(0x8000101a)
12-18 23:56:41.864 V/AmlogicSoftOMXPlugin( 3203): destroyComponentInstance 102
12-18 23:56:41.867 I/AmAVUtils( 3196): AmAVUtils::getComponentRole isEncoder :0 mime:video/wmv2 
12-18 23:56:41.867 V/AVUtils ( 3196): AVUtils::getComponentRole
12-18 23:56:41.874 I/OMXClient( 3196): IOmx service obtained
12-18 23:56:41.874 I/OMXMaster( 3203): makeComponentInstance(OMX.amlogic.wmv2.decoder.sw) in omx@1.0-service process
12-18 23:56:41.874 V/AmlogicSoftOMXPlugin( 3203): makeComponentInstance 90
12-18 23:56:41.876 I/AmSoftDec( 3203): get mimetype : video/wmv2
12-18 23:56:41.877 I/AmFFmpegCodec( 3203): CreateCodec for codecMime : video/wmv2
12-18 23:56:41.885 D/bt_hwcfg_uart( 3086): start donwload fw
12-18 23:56:41.885 D/bt_hwcfg_uart( 3086): bt vendor lib: HW_CFG_DL_FW_PATCH status:0, opcode:0xfc17
12-18 23:56:41.887 E/OMXNodeInstance( 3203): getExtensionIndex(0xacf9cba0:amlogic.wmv2.decoder.sw, OMX.google.android.index.configureVideoTunnelMode) ERROR: UnsupportedIndex(0x8000101a)
12-18 23:56:41.887 E/OMXNodeInstance( 3203): getExtensionIndex(0xacf9cba0:amlogic.wmv2.decoder.sw, OMX.google.android.index.enableAndroidNativeBuffers) ERROR: UnsupportedIndex(0x8000101a)
12-18 23:56:41.887 E/OMXNodeInstance( 3203): getExtensionIndex(0xacf9cba0:amlogic.wmv2.decoder.sw, OMX.google.android.index.prepareForAdaptivePlayback) ERROR: UnsupportedIndex(0x8000101a)
12-18 23:56:41.888 V/AmlogicSoftOMXPlugin( 3203): destroyComponentInstance 102
12-18 23:56:41.890 I/AmAVUtils( 3196): AmAVUtils::getComponentRole isEncoder :0 mime:video/x-ms-wmv 
12-18 23:56:41.890 V/AVUtils ( 3196): AVUtils::getComponentRole
12-18 23:56:41.895 I/OMXClient( 3196): IOmx service obtained
12-18 23:56:41.895 I/OMXMaster( 3203): makeComponentInstance(OMX.amlogic.mswmv3.decoder.awesome) in omx@1.0-service process
12-18 23:56:41.895 D/OmxComponentManagerImpl( 3203): support frame mode
12-18 23:56:41.895 D/OmxComponentManagerImpl( 3203): format not support multi-instance
12-18 23:56:41.895 D/OmxComponentManagerImpl( 3203): getEntryByName_2_num=0, componentName:OMX.amlogic.mswmv3.decoder.awesome
12-18 23:56:41.895 D/OmxComponentManagerImpl( 3203): have no decoder component
12-18 23:56:41.896 D/OmxComponentManagerImpl( 3203): amstream_hevc is free
12-18 23:56:41.896 D/OmxComponentManagerImpl( 3203): ret =0,*pEntry->mRoleNames=video_decoder.wmv3
12-18 23:56:41.896 D/OmxComponentManagerImpl( 3203): amstream_vbuf is free
12-18 23:56:41.896 D/OmxComponentManagerImpl( 3203): ret =0,*pEntry->mRoleNames=video_decoder.wmv3
12-18 23:56:41.896 D/OmxComponentManagerImpl( 3203): ionvide is free
12-18 23:56:41.896 D/OmxComponentManagerImpl( 3203): ready for creat omx decoder component
12-18 23:56:41.896 V/AmlogicVideoDecoderAwesome( 3203): AmlogicVideoDecoder:100 >
12-18 23:56:41.896 V/AmlogicVideoDecoderAwesome( 3203): initializeState_l:1541 >
12-18 23:56:41.896 V/AmlogicVideoDecoderAwesome( 3203): media.omx.latency is not set used def=1.000000
12-18 23:56:41.897 D/AmlogicVideoDecoderAwesome( 3203): AmlogicVideoDecoder, mOmxInstancenum 1, mOmxInstanceID 15
12-18 23:56:41.897 W/AmlSysfsUtil( 3203): [amsysfs_get_sysfs_str] /sys/module/am_vecm/parameters/dolby_vision_enable failed!
12-18 23:56:41.897 D/AmlogicVideoDecoderAwesome( 3203): mCheckDvesDone = 1
12-18 23:56:41.897 D/OmxVideoDecoder( 3203): drm use frame_mode
12-18 23:56:41.897 D/OmxVideoDecoder( 3203): libsecmem.so is V2
12-18 23:56:41.897 E/secmem_tz( 3203): [Secure_NegotiateVersion:479] Secure_NegotiateVersion 2 2 2 2 2 2
12-18 23:56:41.897 E/secmem_tz( 3203): [Secure_NegotiateVersion:488] Negotiated secmem version = 2
12-18 23:56:41.897 I/OmxVideoDecoder( 3203): we will use V2
12-18 23:56:41.897 D/InsManage( 3203): Register Instance 0xacf83a00, Active Number=1
12-18 23:56:41.898 W/OmxLogConf( 3203): Can not read property media.omx.log_levels, using 0
12-18 23:56:41.898 V/AmlogicVideoDecoderAwesome( 3203): media.omx.out_buffer1 is not set used def=4
12-18 23:56:41.898 D/OmxVideoDecoder( 3203): setInputCoding OMX.amlogic.mswmv3.decoder.awesome
12-18 23:56:41.898 D/OmxVideoDecoder( 3203): mIsLinux49=1, major=4, minor=9
12-18 23:56:41.898 D/OmxVideoDecoder( 3203): multi dec exist
12-18 23:56:41.898 D/OmxVideoDecoder( 3203): format is not avc, hevc, vp9, avs2, mpeg2, mpeg4, mjpeg, use single mode
12-18 23:56:41.898 D/OmxVideoDecoder( 3203): mSupportPiPVideo = 1
12-18 23:56:41.898 D/OmxVideoDecoder( 3203): mMustOsdDisplay 0, mAmVideoUsed=0, mSupportPiPVideo=1, mPipVideoUsed=0, mVideoUsedByOmx=0
12-18 23:56:41.898 D/OMX-VENDOR-EXT( 3203): OMX.amlogic.mswmv3.decoder.awesome : Vendor extensions supported (8)
12-18 23:56:41.898 D/OMX-VENDOR-EXT( 3203):    vendor.4k-osd{{ enable : Int32 },  }
12-18 23:56:41.898 D/OMX-VENDOR-EXT( 3203):    vendor.unstable-pts{{ enable : Int32 },  }
12-18 23:56:41.898 D/OMX-VENDOR-EXT( 3203):    vendor.is-mvc{{ enable : Int32 },  }
12-18 23:56:41.898 D/OMX-VENDOR-EXT( 3203):    vendor.is-flv{{ nContainIndex : Int32 },  }
12-18 23:56:41.898 D/OMX-VENDOR-EXT( 3203):    vendor.dvconfig-box{{ disable : Int32 },  }
12-18 23:56:41.899 D/OMX-VENDOR-EXT( 3203):    vendor.profile-level{{ n-profile : Int32 },  { n-level : Int32 },  }
12-18 23:56:41.899 D/OMX-VENDOR-EXT( 3203):    vendor.nrdp{{ video-peek-in-tunnel : Int32 },  }
12-18 23:56:41.899 D/OMX-VENDOR-EXT( 3203):    vendor.display-layer{{ value : Int32 },  }
12-18 23:56:41.899 D/OmxComponentManagerImpl( 3203): IncreaseEntryNumByName pEntry->mNum=0, pEntry->mMaxNum:1,componentName:OMX.amlogic.mswmv3.decoder.awesome
12-18 23:56:41.899 I/omx_core( 3203): OMX_getHandle_num=1
12-18 23:56:41.899 D/OmxComponent( 3203): mApkName=media.codec
12-18 23:56:41.899 D/OmxVideoDecoder( 3203): setParameter 907 0x1000017
12-18 23:56:41.899 D/OmxVideoDecoder( 3203): setInputCoding video_decoder.wmv3
12-18 23:56:41.900 E/OMXNodeInstance( 3203): getParameter(0xacf83bc8:amlogic.mswmv3.decoder.awesome, ParamVideoProfileLevelQuerySupported(0x600000f)) ERROR: BadParameter(0x80001005)
12-18 23:56:41.900 D/OmxComponent( 3203): getExtensionIndex 1136 name="OMX.google.android.index.describeColorFormat"
12-18 23:56:41.900 D/OmxComponent( 3203): getExtensionIndex 1136 name="OMX.google.android.index.storeMetaDataInBuffers"
12-18 23:56:41.900 D/OmxComponent( 3203): getExtensionIndex 1136 name="OMX.google.android.index.storeANWBufferInMetadata"
12-18 23:56:41.900 D/OmxComponent( 3203): getExtensionIndex 1136 name="OMX.google.android.index.prepareForAdaptivePlayback"
12-18 23:56:41.900 D/OmxComponent( 3203): getExtensionIndex 1136 name="OMX.google.android.index.configureVideoTunnelMode"
12-18 23:56:41.900 D/OmxComponent( 3203): getExtensionIndex 1136 name="OMX.google.android.index.useAndroidNativeBuffer2"
12-18 23:56:41.900 D/OmxComponent( 3203): getExtensionIndex 1136 name="OMX.google.android.index.useAndroidNativeBuffer"
12-18 23:56:41.900 D/OmxComponent( 3203): getExtensionIndex 1136 name="OMX.google.android.index.enableAndroidNativeBuffers"
12-18 23:56:41.900 D/OmxComponent( 3203): getExtensionIndex 1136 name="OMX.google.android.index.allocateNativeHandle"
12-18 23:56:41.900 D/OmxComponent( 3203): getExtensionIndex 1136 name="OMX.google.android.index.getAndroidNativeBufferUsage"
12-18 23:56:41.900 V/OmxVideoDecoder( 3203): updatePort mUseNativeBuffers 0
12-18 23:56:41.901 D/OmxComponent( 3203): getExtensionIndex 1136 name="OMX.google.android.index.configureVideoTunnelMode"
12-18 23:56:41.901 D/OmxVideoDecoder( 3203): setParameter 907 0x7f000008
12-18 23:56:41.901 I/OmxVideoDecoder( 3203): OmxVideoDecoder::setParameter OMX_IndexAndroidConfigureVideoTunnelMode, enable=1
12-18 23:56:41.901 D/OmxComponentManagerImpl( 3203): DecreaseEntryNumByName pEntry->mNum=1, pEntry->mMaxNum:1,componentName:OMX.amlogic.mswmv3.decoder.awesome
12-18 23:56:41.901 I/omx_core( 3203): OMX_freeHandle_num_= 0
12-18 23:56:41.901 D/AmlogicVideoDecoderAwesome( 3203): ~AmlogicVideoDecoderAwesome
12-18 23:56:41.901 D/AmlogicVideoDecoderAwesome( 3203): ~AmlogicVideoDecoder
12-18 23:56:41.901 D/AmlogicVideoDecoderAwesome( 3203): ~AmlogicVideoDecoder, mOmxInstancenum 0
12-18 23:56:41.901 D/InsManage( 3203): UnRegisterInstance 0xacf83a00 Success, QuitClass 0x0
12-18 23:56:41.902 I/AmAVUtils( 3196): AmAVUtils::getComponentRole isEncoder :0 mime:video/wvc1 
12-18 23:56:41.902 V/AVUtils ( 3196): AVUtils::getComponentRole
12-18 23:56:41.904 I/OMXClient( 3196): IOmx service obtained
12-18 23:56:41.904 I/OMXMaster( 3203): makeComponentInstance(OMX.amlogic.wvc1.decoder.awesome) in omx@1.0-service process
12-18 23:56:41.905 D/OmxComponentManagerImpl( 3203): support frame mode
12-18 23:56:41.905 D/OmxComponentManagerImpl( 3203): format not support multi-instance
12-18 23:56:41.905 D/OmxComponentManagerImpl( 3203): getEntryByName_2_num=0, componentName:OMX.amlogic.wvc1.decoder.awesome
12-18 23:56:41.905 D/OmxComponentManagerImpl( 3203): have no decoder component
12-18 23:56:41.905 D/OmxComponentManagerImpl( 3203): amstream_hevc is free
12-18 23:56:41.905 D/OmxComponentManagerImpl( 3203): ret =0,*pEntry->mRoleNames=video_decoder.wvc1
12-18 23:56:41.905 D/OmxComponentManagerImpl( 3203): amstream_vbuf is free
12-18 23:56:41.905 D/OmxComponentManagerImpl( 3203): ret =0,*pEntry->mRoleNames=video_decoder.wvc1
12-18 23:56:41.905 D/OmxComponentManagerImpl( 3203): ionvide is free
12-18 23:56:41.906 D/OmxComponentManagerImpl( 3203): ready for creat omx decoder component
12-18 23:56:41.906 V/AmlogicVideoDecoderAwesome( 3203): AmlogicVideoDecoder:100 >
12-18 23:56:41.906 V/AmlogicVideoDecoderAwesome( 3203): initializeState_l:1541 >
12-18 23:56:41.906 V/AmlogicVideoDecoderAwesome( 3203): media.omx.latency is not set used def=1.000000
12-18 23:56:41.906 D/AmlogicVideoDecoderAwesome( 3203): AmlogicVideoDecoder, mOmxInstancenum 1, mOmxInstanceID 16
12-18 23:56:41.906 W/AmlSysfsUtil( 3203): [amsysfs_get_sysfs_str] /sys/module/am_vecm/parameters/dolby_vision_enable failed!
12-18 23:56:41.906 D/AmlogicVideoDecoderAwesome( 3203): mCheckDvesDone = 1
12-18 23:56:41.906 D/OmxVideoDecoder( 3203): drm use frame_mode
12-18 23:56:41.906 D/OmxVideoDecoder( 3203): libsecmem.so is V2
12-18 23:56:41.906 E/secmem_tz( 3203): [Secure_NegotiateVersion:479] Secure_NegotiateVersion 2 2 2 2 2 2
12-18 23:56:41.906 E/secmem_tz( 3203): [Secure_NegotiateVersion:488] Negotiated secmem version = 2
12-18 23:56:41.906 I/OmxVideoDecoder( 3203): we will use V2
12-18 23:56:41.906 D/InsManage( 3203): Register Instance 0xacf83a00, Active Number=1
12-18 23:56:41.906 W/OmxLogConf( 3203): Can not read property media.omx.log_levels, using 0
12-18 23:56:41.907 V/AmlogicVideoDecoderAwesome( 3203): media.omx.out_buffer1 is not set used def=4
12-18 23:56:41.907 D/OmxVideoDecoder( 3203): setInputCoding OMX.amlogic.wvc1.decoder.awesome
12-18 23:56:41.907 D/OmxVideoDecoder( 3203): mIsLinux49=1, major=4, minor=9
12-18 23:56:41.907 D/OmxVideoDecoder( 3203): multi dec exist
12-18 23:56:41.907 D/OmxVideoDecoder( 3203): format is not avc, hevc, vp9, avs2, mpeg2, mpeg4, mjpeg, use single mode
12-18 23:56:41.907 D/OmxVideoDecoder( 3203): mSupportPiPVideo = 1
12-18 23:56:41.907 D/OmxVideoDecoder( 3203): mMustOsdDisplay 0, mAmVideoUsed=0, mSupportPiPVideo=1, mPipVideoUsed=0, mVideoUsedByOmx=0
12-18 23:56:41.907 D/OMX-VENDOR-EXT( 3203): OMX.amlogic.wvc1.decoder.awesome : Vendor extensions supported (8)
12-18 23:56:41.907 D/OMX-VENDOR-EXT( 3203):    vendor.4k-osd{{ enable : Int32 },  }
12-18 23:56:41.907 D/OMX-VENDOR-EXT( 3203):    vendor.unstable-pts{{ enable : Int32 },  }
12-18 23:56:41.907 D/OMX-VENDOR-EXT( 3203):    vendor.is-mvc{{ enable : Int32 },  }
12-18 23:56:41.907 D/OMX-VENDOR-EXT( 3203):    vendor.is-flv{{ nContainIndex : Int32 },  }
12-18 23:56:41.907 D/OMX-VENDOR-EXT( 3203):    vendor.dvconfig-box{{ disable : Int32 },  }
12-18 23:56:41.907 D/OMX-VENDOR-EXT( 3203):    vendor.profile-level{{ n-profile : Int32 },  { n-level : Int32 },  }
12-18 23:56:41.907 D/OMX-VENDOR-EXT( 3203):    vendor.nrdp{{ video-peek-in-tunnel : Int32 },  }
12-18 23:56:41.907 D/OMX-VENDOR-EXT( 3203):    vendor.display-layer{{ value : Int32 },  }
12-18 23:56:41.907 D/OmxComponentManagerImpl( 3203): IncreaseEntryNumByName pEntry->mNum=0, pEntry->mMaxNum:1,componentName:OMX.amlogic.wvc1.decoder.awesome
12-18 23:56:41.907 I/omx_core( 3203): OMX_getHandle_num=1
12-18 23:56:41.907 D/OmxComponent( 3203): mApkName=media.codec
12-18 23:56:41.908 D/OmxVideoDecoder( 3203): setParameter 907 0x1000017
12-18 23:56:41.909 D/OmxVideoDecoder( 3203): setInputCoding video_decoder.wvc1
12-18 23:56:41.909 E/OMXNodeInstance( 3203): getParameter(0xacf83bc8:amlogic.wvc1.decoder.awesome, ParamVideoProfileLevelQuerySupported(0x600000f)) ERROR: BadParameter(0x80001005)
12-18 23:56:41.910 D/OmxComponent( 3203): getExtensionIndex 1136 name="OMX.google.android.index.describeColorFormat"
12-18 23:56:41.910 D/OmxComponent( 3203): getExtensionIndex 1136 name="OMX.google.android.index.storeMetaDataInBuffers"
12-18 23:56:41.910 D/OmxComponent( 3203): getExtensionIndex 1136 name="OMX.google.android.index.storeANWBufferInMetadata"
12-18 23:56:41.910 D/OmxComponent( 3203): getExtensionIndex 1136 name="OMX.google.android.index.prepareForAdaptivePlayback"
12-18 23:56:41.910 D/OmxComponent( 3203): getExtensionIndex 1136 name="OMX.google.android.index.configureVideoTunnelMode"
12-18 23:56:41.910 D/OmxComponent( 3203): getExtensionIndex 1136 name="OMX.google.android.index.useAndroidNativeBuffer2"
12-18 23:56:41.910 D/OmxComponent( 3203): getExtensionIndex 1136 name="OMX.google.android.index.useAndroidNativeBuffer"
12-18 23:56:41.910 D/OmxComponent( 3203): getExtensionIndex 1136 name="OMX.google.android.index.enableAndroidNativeBuffers"
12-18 23:56:41.910 D/OmxComponent( 3203): getExtensionIndex 1136 name="OMX.google.android.index.allocateNativeHandle"
12-18 23:56:41.910 D/OmxComponent( 3203): getExtensionIndex 1136 name="OMX.google.android.index.getAndroidNativeBufferUsage"
12-18 23:56:41.910 V/OmxVideoDecoder( 3203): updatePort mUseNativeBuffers 0
12-18 23:56:41.910 D/OmxComponent( 3203): getExtensionIndex 1136 name="OMX.google.android.index.configureVideoTunnelMode"
12-18 23:56:41.910 D/OmxVideoDecoder( 3203): setParameter 907 0x7f000008
12-18 23:56:41.910 I/OmxVideoDecoder( 3203): OmxVideoDecoder::setParameter OMX_IndexAndroidConfigureVideoTunnelMode, enable=1
12-18 23:56:41.910 D/OmxComponentManagerImpl( 3203): DecreaseEntryNumByName pEntry->mNum=1, pEntry->mMaxNum:1,componentName:OMX.amlogic.wvc1.decoder.awesome
12-18 23:56:41.910 I/omx_core( 3203): OMX_freeHandle_num_= 0
12-18 23:56:41.910 D/AmlogicVideoDecoderAwesome( 3203): ~AmlogicVideoDecoderAwesome
12-18 23:56:41.910 D/AmlogicVideoDecoderAwesome( 3203): ~AmlogicVideoDecoder
12-18 23:56:41.911 D/AmlogicVideoDecoderAwesome( 3203): ~AmlogicVideoDecoder, mOmxInstancenum 0
12-18 23:56:41.911 D/InsManage( 3203): UnRegisterInstance 0xacf83a00 Success, QuitClass 0x0
12-18 23:56:41.911 I/AmAVUtils( 3196): AmAVUtils::getComponentRole isEncoder :1 mime:video/avc 
12-18 23:56:41.911 V/AVUtils ( 3196): AVUtils::getComponentRole
12-18 23:56:41.913 I/OMXClient( 3196): IOmx service obtained
12-18 23:56:41.914 I/OMXMaster( 3203): makeComponentInstance(OMX.amlogic.video.encoder.avc) in omx@1.0-service process
12-18 23:56:41.914 D/OmxComponentManagerImpl( 3203): support frame mode
12-18 23:56:41.914 D/OmxComponentManagerImpl( 3203): getEntryByName_2_num=0, componentName:OMX.amlogic.video.encoder.avc
12-18 23:56:41.914 I/AmlogicVideoAVCEncoder( 3203): ion_open sucess
12-18 23:56:41.914 D/OmxVideoDecoder( 3203): drm use frame_mode
12-18 23:56:41.914 D/OmxVideoDecoder( 3203): libsecmem.so is V2
12-18 23:56:41.914 E/secmem_tz( 3203): [Secure_NegotiateVersion:479] Secure_NegotiateVersion 2 2 2 2 2 2
12-18 23:56:41.914 E/secmem_tz( 3203): [Secure_NegotiateVersion:488] Negotiated secmem version = 2
12-18 23:56:41.914 I/OmxVideoDecoder( 3203): we will use V2
12-18 23:56:41.914 D/InsManage( 3203): Register Instance 0xacf83a00, Active Number=1
12-18 23:56:41.915 W/OmxLogConf( 3203): Can not read property media.omx.log_levels, using 0
12-18 23:56:41.915 D/OmxComponentManagerImpl( 3203): IncreaseEntryNumByName pEntry->mNum=0, pEntry->mMaxNum:3,componentName:OMX.amlogic.video.encoder.avc
12-18 23:56:41.915 I/omx_core( 3203): OMX_getHandle_num=1
12-18 23:56:41.915 D/OmxComponent( 3203): mApkName=media.codec
12-18 23:56:41.916 D/OmxComponent( 3203): getExtensionIndex 1136 name="OMX.google.android.index.describeColorFormat"
12-18 23:56:41.916 D/OmxComponent( 3203): getExtensionIndex 1136 name="OMX.google.android.index.storeMetaDataInBuffers"
12-18 23:56:41.916 D/OmxComponent( 3203): getExtensionIndex 1136 name="OMX.google.android.index.storeANWBufferInMetadata"
12-18 23:56:41.916 D/OmxComponent( 3203): getExtensionIndex 1136 name="OMX.google.android.index.prepareForAdaptivePlayback"
12-18 23:56:41.916 D/OmxComponent( 3203): getExtensionIndex 1136 name="OMX.google.android.index.configureVideoTunnelMode"
12-18 23:56:41.916 D/OmxComponent( 3203): getExtensionIndex 1136 name="OMX.google.android.index.useAndroidNativeBuffer2"
12-18 23:56:41.916 D/OmxComponent( 3203): getExtensionIndex 1136 name="OMX.google.android.index.useAndroidNativeBuffer"
12-18 23:56:41.916 D/OmxComponent( 3203): getExtensionIndex 1136 name="OMX.google.android.index.enableAndroidNativeBuffers"
12-18 23:56:41.916 D/OmxComponent( 3203): getExtensionIndex 1136 name="OMX.google.android.index.allocateNativeHandle"
12-18 23:56:41.916 D/OmxComponent( 3203): getExtensionIndex 1136 name="OMX.google.android.index.getAndroidNativeBufferUsage"
12-18 23:56:41.917 D/OmxComponent( 3203): getExtensionIndex 1136 name="OMX.google.android.index.describeColorFormat"
12-18 23:56:41.917 D/OmxComponent( 3203): getExtensionIndex 1136 name="OMX.google.android.index.describeColorFormat"
12-18 23:56:41.917 D/OmxComponent( 3203): getExtensionIndex 1136 name="OMX.google.android.index.describeColorFormat"
12-18 23:56:41.918 E/OMXNodeInstance( 3203): getParameter(0xacf83bc8:amlogic.encoder.avc, ??(0x7f000007)) ERROR: UnsupportedSetting(0x80001019)
12-18 23:56:41.918 W/OMXUtils( 3196): do not know color format 0x7f000789 = 2130708361
12-18 23:56:41.918 E/OMXNodeInstance( 3203): getConfig(0xacf83bc8:amlogic.encoder.avc, ConfigAndroidIntraRefresh(0x6f60000a)) ERROR: UnsupportedIndex(0x8000101a)
12-18 23:56:41.918 D/OmxComponentManagerImpl( 3203): DecreaseEntryNumByName pEntry->mNum=1, pEntry->mMaxNum:3,componentName:OMX.amlogic.video.encoder.avc
12-18 23:56:41.918 I/omx_core( 3203): OMX_freeHandle_num_= 0
12-18 23:56:41.918 D/OmxVideoEncoder( 3203): ~OmxVideoEncoder
12-18 23:56:41.918 D/InsManage( 3203): UnRegisterInstance 0xacf83a00 Success, QuitClass 0x0
12-18 23:56:41.919 I/AmAVUtils( 3196): AmAVUtils::getComponentRole isEncoder :1 mime:video/3gpp 
12-18 23:56:41.919 V/AVUtils ( 3196): AVUtils::getComponentRole
12-18 23:56:41.923 I/OMXClient( 3196): IOmx service obtained
12-18 23:56:41.923 I/OMXMaster( 3203): makeComponentInstance(OMX.google.h263.encoder) in omx@1.0-service process
12-18 23:56:41.941 D/bt_hwcfg_uart( 3086): hw_cfg_cb.state = 12
12-18 23:56:41.941 D/bt_hwcfg_uart( 3086): bt vendor lib: HW_CFG_DL_FW_PATCH status:0, opcode:0xfc20
12-18 23:56:41.941 D/bt_hwcfg_uart( 3086): bt vendor lib: HW_CFG_DL_FW_PATCH status:0, iIndexRx:0
12-18 23:56:41.942 I/SoftMPEG4Encoder( 3203): Construct SoftMPEG4Encoder
12-18 23:56:41.943 E/WindowManager( 3332): App trying to use insecure INPUT_FEATURE_NO_INPUT_CHANNEL flag. Ignoring
12-18 23:56:41.947 W/OMXUtils( 3196): do not know color format 0x7f000789 = 2130708361
12-18 23:56:41.948 E/OMXNodeInstance( 3203): getConfig(0xacf9cba0:google.h263.encoder, ConfigAndroidIntraRefresh(0x6f60000a)) ERROR: Undefined(0x80001001)
12-18 23:56:41.949 D/bt_hwcfg_uart( 3086): hw_cfg_cb.state = 12
12-18 23:56:41.949 D/bt_hwcfg_uart( 3086): bt vendor lib: HW_CFG_DL_FW_PATCH status:0, opcode:0xfc20
12-18 23:56:41.949 D/bt_hwcfg_uart( 3086): bt vendor lib: HW_CFG_DL_FW_PATCH status:0, iIndexRx:1
12-18 23:56:41.952 D/vol.VolumeDialogImpl( 3479):  updateVolumeRowH ::  Indicators stack count for row [3] : 20
12-18 23:56:41.954 I/AmAVUtils( 3196): AmAVUtils::getComponentRole isEncoder :1 mime:video/hevc 
12-18 23:56:41.954 V/AVUtils ( 3196): AVUtils::getComponentRole
12-18 23:56:41.956 I/OMXClient( 3196): IOmx service obtained
12-18 23:56:41.956 I/OMXMaster( 3203): makeComponentInstance(OMX.amlogic.video.encoder.hevc) in omx@1.0-service process
12-18 23:56:41.956 D/OmxComponentManagerImpl( 3203): support frame mode
12-18 23:56:41.956 D/OmxComponentManagerImpl( 3203): getEntryByName_2_num=0, componentName:OMX.amlogic.video.encoder.hevc
12-18 23:56:41.956 D/OmxVideoDecoder( 3203): drm use frame_mode
12-18 23:56:41.956 D/OmxVideoDecoder( 3203): libsecmem.so is V2
12-18 23:56:41.956 E/secmem_tz( 3203): [Secure_NegotiateVersion:479] Secure_NegotiateVersion 2 2 2 2 2 2
12-18 23:56:41.956 E/secmem_tz( 3203): [Secure_NegotiateVersion:488] Negotiated secmem version = 2
12-18 23:56:41.956 I/OmxVideoDecoder( 3203): we will use V2
12-18 23:56:41.956 D/InsManage( 3203): Register Instance 0xacf83a00, Active Number=1
12-18 23:56:41.957 D/bt_hwcfg_uart( 3086): hw_cfg_cb.state = 12
12-18 23:56:41.957 W/OmxLogConf( 3203): Can not read property media.omx.log_levels, using 0
12-18 23:56:41.957 D/bt_hwcfg_uart( 3086): bt vendor lib: HW_CFG_DL_FW_PATCH status:0, opcode:0xfc20
12-18 23:56:41.957 D/bt_hwcfg_uart( 3086): bt vendor lib: HW_CFG_DL_FW_PATCH status:0, iIndexRx:2
12-18 23:56:41.957 D/vol.VolumeDialogImpl( 3479): updateLastActiveVolumeIndicators : last Active Indicator = 0
12-18 23:56:41.957 D/vol.VolumeDialogImpl( 3479):   Ascend : true  Volume Level : 25  Indicator level  : 5 Last Active Indicator : 0
12-18 23:56:41.958 D/vol.VolumeDialogImpl( 3479):  updateVolumeIndicators   Indicators List Size : 20
12-18 23:56:41.958 I/OmxVideoEncoder( 3203): encoder role requested: OMX.amlogic.video.encoder.hevc
12-18 23:56:41.958 D/OmxComponentManagerImpl( 3203): IncreaseEntryNumByName pEntry->mNum=0, pEntry->mMaxNum:1,componentName:OMX.amlogic.video.encoder.hevc
12-18 23:56:41.958 I/omx_core( 3203): OMX_getHandle_num=1
12-18 23:56:41.958 D/vol.VolumeDialogImpl( 3479):  updateVolumeRowH ::  Indicators stack count for row [2] : 0
12-18 23:56:41.958 D/OmxComponent( 3203): mApkName=media.codec
12-18 23:56:41.958 D/vol.VolumeDialogImpl( 3479):  updateVolumeRowH ::  Indicators stack count for row [4] : 0
12-18 23:56:41.961 D/vol.VolumeDialogImpl( 3479):  updateVolumeRowH ::  Indicators stack count for row [0] : 0
12-18 23:56:41.961 D/OmxComponent( 3203): getExtensionIndex 1136 name="OMX.google.android.index.describeColorFormat"
12-18 23:56:41.962 D/vol.VolumeDialogImpl( 3479):  updateVolumeRowH ::  Indicators stack count for row [6] : 0
12-18 23:56:41.962 D/vol.VolumeDialogImpl( 3479):  updateVolumeRowH ::  Indicators stack count for row [1] : 0
12-18 23:56:41.963 D/OmxComponent( 3203): getExtensionIndex 1136 name="OMX.google.android.index.storeMetaDataInBuffers"
12-18 23:56:41.963 D/OmxComponent( 3203): getExtensionIndex 1136 name="OMX.google.android.index.storeANWBufferInMetadata"
12-18 23:56:41.963 D/OmxComponent( 3203): getExtensionIndex 1136 name="OMX.google.android.index.prepareForAdaptivePlayback"
12-18 23:56:41.963 D/OmxComponent( 3203): getExtensionIndex 1136 name="OMX.google.android.index.configureVideoTunnelMode"
12-18 23:56:41.963 D/OmxComponent( 3203): getExtensionIndex 1136 name="OMX.google.android.index.useAndroidNativeBuffer2"
12-18 23:56:41.963 D/OmxComponent( 3203): getExtensionIndex 1136 name="OMX.google.android.index.useAndroidNativeBuffer"
12-18 23:56:41.963 D/OmxComponent( 3203): getExtensionIndex 1136 name="OMX.google.android.index.enableAndroidNativeBuffers"
12-18 23:56:41.963 D/OmxComponent( 3203): getExtensionIndex 1136 name="OMX.google.android.index.allocateNativeHandle"
12-18 23:56:41.963 D/OmxComponent( 3203): getExtensionIndex 1136 name="OMX.google.android.index.getAndroidNativeBufferUsage"
12-18 23:56:41.963 D/OmxComponent( 3203): getExtensionIndex 1136 name="OMX.google.android.index.describeColorFormat"
12-18 23:56:41.964 D/OmxComponent( 3203): getExtensionIndex 1136 name="OMX.google.android.index.describeColorFormat"
12-18 23:56:41.964 E/OMXNodeInstance( 3203): getParameter(0xacf83bc8:amlogic.encoder.hevc, ??(0x7f000007)) ERROR: UnsupportedSetting(0x80001019)
12-18 23:56:41.964 W/OMXUtils( 3196): do not know color format 0x7f000789 = 2130708361
12-18 23:56:41.965 E/OMXNodeInstance( 3203): getConfig(0xacf83bc8:amlogic.encoder.hevc, ConfigAndroidIntraRefresh(0x6f60000a)) ERROR: UnsupportedIndex(0x8000101a)
12-18 23:56:41.971 D/OmxComponentManagerImpl( 3203): DecreaseEntryNumByName pEntry->mNum=1, pEntry->mMaxNum:1,componentName:OMX.amlogic.video.encoder.hevc
12-18 23:56:41.971 I/omx_core( 3203): OMX_freeHandle_num_= 0
12-18 23:56:41.972 D/bt_hwcfg_uart( 3086): hw_cfg_cb.state = 12
12-18 23:56:41.972 D/bt_hwcfg_uart( 3086): bt vendor lib: HW_CFG_DL_FW_PATCH status:0, opcode:0xfc20
12-18 23:56:41.972 D/OmxVideoEncoder( 3203): ~OmxVideoEncoder
12-18 23:56:41.972 D/bt_hwcfg_uart( 3086): bt vendor lib: HW_CFG_DL_FW_PATCH status:0, iIndexRx:3
12-18 23:56:41.972 D/InsManage( 3203): UnRegisterInstance 0xacf83a00 Success, QuitClass 0x0
12-18 23:56:41.973 I/AmAVUtils( 3196): AmAVUtils::getComponentRole isEncoder :1 mime:video/mp4v-es 
12-18 23:56:41.973 V/AVUtils ( 3196): AVUtils::getComponentRole
12-18 23:56:41.978 D/bt_hwcfg_uart( 3086): hw_cfg_cb.state = 12
12-18 23:56:41.978 D/bt_hwcfg_uart( 3086): bt vendor lib: HW_CFG_DL_FW_PATCH status:0, opcode:0xfc20
12-18 23:56:41.978 D/bt_hwcfg_uart( 3086): bt vendor lib: HW_CFG_DL_FW_PATCH status:0, iIndexRx:4
12-18 23:56:41.978 I/OMXClient( 3196): IOmx service obtained
12-18 23:56:41.979 I/OMXMaster( 3203): makeComponentInstance(OMX.google.mpeg4.encoder) in omx@1.0-service process
12-18 23:56:41.980 I/SoftMPEG4Encoder( 3203): Construct SoftMPEG4Encoder
12-18 23:56:41.987 D/bt_hwcfg_uart( 3086): hw_cfg_cb.state = 12
12-18 23:56:41.987 D/bt_hwcfg_uart( 3086): bt vendor lib: HW_CFG_DL_FW_PATCH status:0, opcode:0xfc20
12-18 23:56:41.987 D/bt_hwcfg_uart( 3086): bt vendor lib: HW_CFG_DL_FW_PATCH status:0, iIndexRx:5
12-18 23:56:41.988 W/OMXUtils( 3196): do not know color format 0x7f000789 = 2130708361
12-18 23:56:41.990 E/OMXNodeInstance( 3203): getConfig(0xacf9cba0:google.mpeg4.encoder, ConfigAndroidIntraRefresh(0x6f60000a)) ERROR: Undefined(0x80001001)
12-18 23:56:41.997 D/bt_hwcfg_uart( 3086): hw_cfg_cb.state = 12
12-18 23:56:41.997 D/bt_hwcfg_uart( 3086): bt vendor lib: HW_CFG_DL_FW_PATCH status:0, opcode:0xfc20
12-18 23:56:41.997 D/bt_hwcfg_uart( 3086): bt vendor lib: HW_CFG_DL_FW_PATCH status:0, iIndexRx:6
12-18 23:56:42.000 I/AmAVUtils( 3196): AmAVUtils::getComponentRole isEncoder :1 mime:video/x-vnd.on2.vp8 
12-18 23:56:42.000 V/AVUtils ( 3196): AVUtils::getComponentRole
12-18 23:56:42.004 D/CommandListener( 3078): Clearing all IP addresses on eth0
12-18 23:56:42.004 I/OMXClient( 3196): IOmx service obtained
12-18 23:56:42.005 D/bt_hwcfg_uart( 3086): hw_cfg_cb.state = 12
12-18 23:56:42.005 D/bt_hwcfg_uart( 3086): bt vendor lib: HW_CFG_DL_FW_PATCH status:0, opcode:0xfc20
12-18 23:56:42.005 I/OMXMaster( 3203): makeComponentInstance(OMX.google.vp8.encoder) in omx@1.0-service process
12-18 23:56:42.005 D/bt_hwcfg_uart( 3086): bt vendor lib: HW_CFG_DL_FW_PATCH status:0, iIndexRx:7
12-18 23:56:42.013 E/WindowManager( 3332): App trying to use insecure INPUT_FEATURE_NO_INPUT_CHANNEL flag. Ignoring
12-18 23:56:42.015 D/bt_hwcfg_uart( 3086): hw_cfg_cb.state = 12
