12-18 23:56:43.019 D/bt_hwcfg_uart( 3086): bt vendor lib: HW_CFG_DL_FW_PATCH status:0, opcode:0xfc20
12-18 23:56:43.019 D/bt_hwcfg_uart( 3086): bt vendor lib: HW_CFG_DL_FW_PATCH status:0, iIndexRx:77
12-18 23:56:43.059 D/bt_hwcfg_uart( 3086): hw_cfg_cb.state = 12
12-18 23:56:43.059 D/bt_hwcfg_uart( 3086): bt vendor lib: HW_CFG_DL_FW_PATCH status:0, opcode:0xfc20
12-18 23:56:43.059 D/bt_hwcfg_uart( 3086): bt vendor lib: HW_CFG_DL_FW_PATCH status:0, iIndexRx:78
12-18 23:56:43.063 D/ConnectivityService( 3332): Update of LinkProperties for NetworkAgentInfo [Ethernet () - 100]; created=true; everConnected=true
12-18 23:56:43.064 D/ConnectivityService( 3332): identical MTU - not setting
12-18 23:56:43.064 D/ConnectivityService( 3332): Adding Route [2405:201:d018:c026::/64 -> :: eth0] to network 100
12-18 23:56:43.067 D/ConnectivityService( 3332): Adding Route [::/0 -> fe80::aada:cff:fe58:d613 eth0] to network 100
12-18 23:56:43.068 E/Netd    ( 3078): Error adding route ::/0 -> fe80::aada:cff:fe58:d613 eth0 to table 1002: File exists
12-18 23:56:43.070 D/ConnectivityService( 3332): Setting DNS servers for network 100 to [/2405:201:d018:c026::c0a8:1d01, /192.168.29.1]
12-18 23:56:43.070 D/DnsManager( 3332): setDnsConfigurationForNetwork(100, [2405:201:d018:c026::c0a8:1d01, 192.168.29.1], [], [1800, 25, 8, 64], , [2405:201:d018:c026::c0a8:1d01, 192.168.29.1])
12-18 23:56:43.084 D/bt_hwcfg_uart( 3086): hw_cfg_cb.state = 12
12-18 23:56:43.084 D/bt_hwcfg_uart( 3086): bt vendor lib: HW_CFG_DL_FW_PATCH status:0, opcode:0xfc20
12-18 23:56:43.084 D/bt_hwcfg_uart( 3086): bt vendor lib: HW_CFG_DL_FW_PATCH status:0, iIndexRx:79
12-18 23:56:43.113 D/bt_hwcfg_uart( 3086): hw_cfg_cb.state = 12
12-18 23:56:43.113 D/bt_hwcfg_uart( 3086): bt vendor lib: HW_CFG_DL_FW_PATCH status:0, opcode:0xfc20
12-18 23:56:43.113 D/bt_hwcfg_uart( 3086): bt vendor lib: HW_CFG_DL_FW_PATCH status:0, iIndexRx:80
12-18 23:56:43.129 D/ConnectivityService( 3332): notifyType CALLBACK_IP_CHANGED for NetworkAgentInfo [Ethernet () - 100]
12-18 23:56:43.129 D/ConnectivityService( 3332):  sending notification for NetworkRequest [ REQUEST id=1, [ Capabilities: INTERNET&NOT_RESTRICTED&TRUSTED&NOT_VPN Unwanted: ] ]
12-18 23:56:43.129 D/ConnectivityService( 3332):  sending notification for NetworkRequest [ LISTEN id=3, [] ]
12-18 23:56:43.130 D/ConnectivityService( 3332): sending notification CALLBACK_IP_CHANGED for NetworkRequest [ LISTEN id=3, [] ]
12-18 23:56:43.130 D/ConnectivityService( 3332):  sending notification for NetworkRequest [ LISTEN id=4, [ Capabilities: NOT_RESTRICTED&TRUSTED&NOT_VPN Unwanted:  Uid: 1000] ]
12-18 23:56:43.130 D/ConnectivityService( 3332): sending notification CALLBACK_IP_CHANGED for NetworkRequest [ LISTEN id=4, [ Capabilities: NOT_RESTRICTED&TRUSTED&NOT_VPN Unwanted:  Uid: 1000] ]
12-18 23:56:43.130 D/ConnectivityService( 3332):  sending notification for NetworkRequest [ TRACK_DEFAULT id=6, [ Capabilities: INTERNET&NOT_RESTRICTED&TRUSTED Unwanted:  Uid: 1000] ]
12-18 23:56:43.130 D/ConnectivityService( 3332): sending notification CALLBACK_IP_CHANGED for NetworkRequest [ TRACK_DEFAULT id=6, [ Capabilities: INTERNET&NOT_RESTRICTED&TRUSTED Unwanted:  Uid: 1000] ]
12-18 23:56:43.130 D/ConnectivityService( 3332): Update of LinkProperties for NetworkAgentInfo [Ethernet () - 100]; created=true; everConnected=true
12-18 23:56:43.131 D/ConnectivityService( 3332): identical MTU - not setting
12-18 23:56:43.140 D/bt_hwcfg_uart( 3086): hw_cfg_cb.state = 12
12-18 23:56:43.140 D/bt_hwcfg_uart( 3086): bt vendor lib: HW_CFG_DL_FW_PATCH status:0, opcode:0xfc20
12-18 23:56:43.140 D/bt_hwcfg_uart( 3086): bt vendor lib: HW_CFG_DL_FW_PATCH status:0, iIndexRx:81
12-18 23:56:43.144 D/ConnectivityService( 3332): notifyType CALLBACK_IP_CHANGED for NetworkAgentInfo [Ethernet () - 100]
12-18 23:56:43.145 D/ConnectivityService( 3332):  sending notification for NetworkRequest [ REQUEST id=1, [ Capabilities: INTERNET&NOT_RESTRICTED&TRUSTED&NOT_VPN Unwanted: ] ]
12-18 23:56:43.145 D/ConnectivityService( 3332):  sending notification for NetworkRequest [ LISTEN id=3, [] ]
12-18 23:56:43.145 D/ConnectivityService( 3332): sending notification CALLBACK_IP_CHANGED for NetworkRequest [ LISTEN id=3, [] ]
12-18 23:56:43.145 D/ConnectivityService( 3332):  sending notification for NetworkRequest [ LISTEN id=4, [ Capabilities: NOT_RESTRICTED&TRUSTED&NOT_VPN Unwanted:  Uid: 1000] ]
12-18 23:56:43.145 D/ConnectivityService( 3332): sending notification CALLBACK_IP_CHANGED for NetworkRequest [ LISTEN id=4, [ Capabilities: NOT_RESTRICTED&TRUSTED&NOT_VPN Unwanted:  Uid: 1000] ]
12-18 23:56:43.146 D/ConnectivityService( 3332):  sending notification for NetworkRequest [ TRACK_DEFAULT id=6, [ Capabilities: INTERNET&NOT_RESTRICTED&TRUSTED Unwanted:  Uid: 1000] ]
12-18 23:56:43.146 D/ConnectivityService( 3332): sending notification CALLBACK_IP_CHANGED for NetworkRequest [ TRACK_DEFAULT id=6, [ Capabilities: INTERNET&NOT_RESTRICTED&TRUSTED Unwanted:  Uid: 1000] ]
12-18 23:56:43.164 D/bt_hwcfg_uart( 3086): hw_cfg_cb.state = 12
12-18 23:56:43.164 D/bt_hwcfg_uart( 3086): bt vendor lib: HW_CFG_DL_FW_PATCH status:0, opcode:0xfc20
12-18 23:56:43.164 D/bt_hwcfg_uart( 3086): bt vendor lib: HW_CFG_DL_FW_PATCH status:0, iIndexRx:82
12-18 23:56:43.175 D/bt_hwcfg_uart( 3086): hw_cfg_cb.state = 12
12-18 23:56:43.175 D/bt_hwcfg_uart( 3086): bt vendor lib: HW_CFG_DL_FW_PATCH status:0, opcode:0xfc20
12-18 23:56:43.175 D/bt_hwcfg_uart( 3086): bt vendor lib: HW_CFG_DL_FW_PATCH status:0, iIndexRx:83
12-18 23:56:43.182 D/bt_hwcfg_uart( 3086): hw_cfg_cb.state = 12
12-18 23:56:43.182 D/bt_hwcfg_uart( 3086): bt vendor lib: HW_CFG_DL_FW_PATCH status:0, opcode:0xfc20
12-18 23:56:43.182 D/bt_hwcfg_uart( 3086): bt vendor lib: HW_CFG_DL_FW_PATCH status:0, iIndexRx:84
12-18 23:56:43.195 D/bt_hwcfg_uart( 3086): hw_cfg_cb.state = 12
12-18 23:56:43.195 D/bt_hwcfg_uart( 3086): bt vendor lib: HW_CFG_DL_FW_PATCH status:0, opcode:0xfc20
12-18 23:56:43.195 D/bt_hwcfg_uart( 3086): bt vendor lib: HW_CFG_DL_FW_PATCH status:0, iIndexRx:85
12-18 23:56:43.202 D/bt_hwcfg_uart( 3086): hw_cfg_cb.state = 12
12-18 23:56:43.202 D/bt_hwcfg_uart( 3086): bt vendor lib: HW_CFG_DL_FW_PATCH status:0, opcode:0xfc20
12-18 23:56:43.202 D/bt_hwcfg_uart( 3086): bt vendor lib: HW_CFG_DL_FW_PATCH status:0, iIndexRx:86
12-18 23:56:43.212 D/bt_hwcfg_uart( 3086): hw_cfg_cb.state = 12
12-18 23:56:43.212 D/bt_hwcfg_uart( 3086): bt vendor lib: HW_CFG_DL_FW_PATCH status:0, opcode:0xfc20
12-18 23:56:43.212 D/bt_hwcfg_uart( 3086): bt vendor lib: HW_CFG_DL_FW_PATCH status:0, iIndexRx:87
12-18 23:56:43.219 D/bt_hwcfg_uart( 3086): hw_cfg_cb.state = 12
12-18 23:56:43.219 D/bt_hwcfg_uart( 3086): bt vendor lib: HW_CFG_DL_FW_PATCH status:0, opcode:0xfc20
12-18 23:56:43.219 D/bt_hwcfg_uart( 3086): bt vendor lib: HW_CFG_DL_FW_PATCH status:0, iIndexRx:88
12-18 23:56:43.239 D/bt_hwcfg_uart( 3086): hw_cfg_cb.state = 12
12-18 23:56:43.240 D/bt_hwcfg_uart( 3086): bt vendor lib: HW_CFG_DL_FW_PATCH status:0, opcode:0xfc20
12-18 23:56:43.240 D/bt_hwcfg_uart( 3086): bt vendor lib: HW_CFG_DL_FW_PATCH status:0, iIndexRx:89
12-18 23:56:43.247 D/bt_hwcfg_uart( 3086): hw_cfg_cb.state = 12
12-18 23:56:43.247 D/bt_hwcfg_uart( 3086): bt vendor lib: HW_CFG_DL_FW_PATCH status:0, opcode:0xfc20
12-18 23:56:43.247 D/bt_hwcfg_uart( 3086): bt vendor lib: HW_CFG_DL_FW_PATCH status:0, iIndexRx:90
12-18 23:56:43.255 D/bt_hwcfg_uart( 3086): hw_cfg_cb.state = 12
12-18 23:56:43.255 D/bt_hwcfg_uart( 3086): bt vendor lib: HW_CFG_DL_FW_PATCH status:0, opcode:0xfc20
12-18 23:56:43.255 D/bt_hwcfg_uart( 3086): bt vendor lib: HW_CFG_DL_FW_PATCH status:0, iIndexRx:91
12-18 23:56:43.261 D/bt_hwcfg_uart( 3086): hw_cfg_cb.state = 12
12-18 23:56:43.262 D/bt_hwcfg_uart( 3086): bt vendor lib: HW_CFG_DL_FW_PATCH status:0, opcode:0xfc20
12-18 23:56:43.262 D/bt_hwcfg_uart( 3086): bt vendor lib: HW_CFG_DL_FW_PATCH status:0, iIndexRx:92
12-18 23:56:43.270 D/bt_hwcfg_uart( 3086): hw_cfg_cb.state = 12
12-18 23:56:43.270 D/bt_hwcfg_uart( 3086): bt vendor lib: HW_CFG_DL_FW_PATCH status:0, opcode:0xfc20
12-18 23:56:43.270 D/bt_hwcfg_uart( 3086): bt vendor lib: HW_CFG_DL_FW_PATCH status:0, iIndexRx:93
12-18 23:56:43.310 D/bt_hwcfg_uart( 3086): hw_cfg_cb.state = 12
12-18 23:56:43.310 D/bt_hwcfg_uart( 3086): bt vendor lib: HW_CFG_DL_FW_PATCH status:0, opcode:0xfc20
12-18 23:56:43.310 D/bt_hwcfg_uart( 3086): bt vendor lib: HW_CFG_DL_FW_PATCH status:0, iIndexRx:94
12-18 23:56:43.360 D/bt_hwcfg_uart( 3086): hw_cfg_cb.state = 12
12-18 23:56:43.360 D/bt_hwcfg_uart( 3086): bt vendor lib: HW_CFG_DL_FW_PATCH status:0, opcode:0xfc20
12-18 23:56:43.360 D/bt_hwcfg_uart( 3086): bt vendor lib: HW_CFG_DL_FW_PATCH status:0, iIndexRx:95
12-18 23:56:43.396 D/bt_hwcfg_uart( 3086): hw_cfg_cb.state = 12
12-18 23:56:43.396 D/bt_hwcfg_uart( 3086): bt vendor lib: HW_CFG_DL_FW_PATCH status:0, opcode:0xfc20
12-18 23:56:43.396 D/bt_hwcfg_uart( 3086): bt vendor lib: HW_CFG_DL_FW_PATCH status:0, iIndexRx:96
12-18 23:56:43.432 D/bt_hwcfg_uart( 3086): hw_cfg_cb.state = 12
12-18 23:56:43.432 D/bt_hwcfg_uart( 3086): bt vendor lib: HW_CFG_DL_FW_PATCH status:0, opcode:0xfc20
12-18 23:56:43.432 D/bt_hwcfg_uart( 3086): bt vendor lib: HW_CFG_DL_FW_PATCH status:0, iIndexRx:97
12-18 23:56:43.483 D/bt_hwcfg_uart( 3086): hw_cfg_cb.state = 12
12-18 23:56:43.483 D/bt_hwcfg_uart( 3086): bt vendor lib: HW_CFG_DL_FW_PATCH status:0, opcode:0xfc20
12-18 23:56:43.483 D/bt_hwcfg_uart( 3086): bt vendor lib: HW_CFG_DL_FW_PATCH status:0, iIndexRx:98
12-18 23:56:43.522 D/bt_hwcfg_uart( 3086): hw_cfg_cb.state = 12
12-18 23:56:43.522 D/bt_hwcfg_uart( 3086): bt vendor lib: HW_CFG_DL_FW_PATCH status:0, opcode:0xfc20
12-18 23:56:43.522 D/bt_hwcfg_uart( 3086): bt vendor lib: HW_CFG_DL_FW_PATCH status:0, iIndexRx:99
12-18 23:56:43.561 D/bt_hwcfg_uart( 3086): hw_cfg_cb.state = 12
12-18 23:56:43.561 D/bt_hwcfg_uart( 3086): bt vendor lib: HW_CFG_DL_FW_PATCH status:0, opcode:0xfc20
12-18 23:56:43.561 D/bt_hwcfg_uart( 3086): bt vendor lib: HW_CFG_DL_FW_PATCH status:0, iIndexRx:100
12-18 23:56:43.598 D/bt_hwcfg_uart( 3086): hw_cfg_cb.state = 12
12-18 23:56:43.598 D/bt_hwcfg_uart( 3086): bt vendor lib: HW_CFG_DL_FW_PATCH status:0, opcode:0xfc20
12-18 23:56:43.598 D/bt_hwcfg_uart( 3086): bt vendor lib: HW_CFG_DL_FW_PATCH status:0, iIndexRx:101
12-18 23:56:43.623 D/bt_hwcfg_uart( 3086): hw_cfg_cb.state = 12
12-18 23:56:43.623 D/bt_hwcfg_uart( 3086): bt vendor lib: HW_CFG_DL_FW_PATCH status:0, opcode:0xfc20
12-18 23:56:43.623 D/bt_hwcfg_uart( 3086): bt vendor lib: HW_CFG_DL_FW_PATCH status:0, iIndexRx:102
12-18 23:56:43.659 D/bt_hwcfg_uart( 3086): hw_cfg_cb.state = 12
12-18 23:56:43.659 D/bt_hwcfg_uart( 3086): bt vendor lib: HW_CFG_DL_FW_PATCH status:0, opcode:0xfc20
12-18 23:56:43.659 D/bt_hwcfg_uart( 3086): bt vendor lib: HW_CFG_DL_FW_PATCH status:0, iIndexRx:103
12-18 23:56:43.669 D/bt_hwcfg_uart( 3086): hw_cfg_cb.state = 12
12-18 23:56:43.669 D/bt_hwcfg_uart( 3086): bt vendor lib: HW_CFG_DL_FW_PATCH status:0, opcode:0xfc20
12-18 23:56:43.669 D/bt_hwcfg_uart( 3086): bt vendor lib: HW_CFG_DL_FW_PATCH status:0, iIndexRx:104
12-18 23:56:43.714 D/bt_hwcfg_uart( 3086): hw_cfg_cb.state = 12
12-18 23:56:43.714 D/bt_hwcfg_uart( 3086): bt vendor lib: HW_CFG_DL_FW_PATCH status:0, opcode:0xfc20
12-18 23:56:43.714 D/bt_hwcfg_uart( 3086): bt vendor lib: HW_CFG_DL_FW_PATCH status:0, iIndexRx:105
12-18 23:56:43.732 D/bt_hwcfg_uart( 3086): hw_cfg_cb.state = 12
12-18 23:56:43.732 D/bt_hwcfg_uart( 3086): bt vendor lib: HW_CFG_DL_FW_PATCH status:0, opcode:0xfc20
12-18 23:56:43.732 D/bt_hwcfg_uart( 3086): bt vendor lib: HW_CFG_DL_FW_PATCH status:0, iIndexRx:106
12-18 23:56:43.762 D/bt_hwcfg_uart( 3086): hw_cfg_cb.state = 12
12-18 23:56:43.762 D/bt_hwcfg_uart( 3086): bt vendor lib: HW_CFG_DL_FW_PATCH status:0, opcode:0xfc20
12-18 23:56:43.762 D/bt_hwcfg_uart( 3086): bt vendor lib: HW_CFG_DL_FW_PATCH status:0, iIndexRx:107
12-18 23:56:43.783 E/bt_h5_int( 3086): retransmitting (1) pkts, retransfer count(0)
12-18 23:56:43.795 D/bt_hwcfg_uart( 3086): hw_cfg_cb.state = 12
12-18 23:56:43.795 D/bt_hwcfg_uart( 3086): bt vendor lib: HW_CFG_DL_FW_PATCH status:0, opcode:0xfc20
12-18 23:56:43.795 D/bt_hwcfg_uart( 3086): bt vendor lib: HW_CFG_DL_FW_PATCH status:0, iIndexRx:108
12-18 23:56:43.814 D/bt_hwcfg_uart( 3086): hw_cfg_cb.state = 12
12-18 23:56:43.814 D/bt_hwcfg_uart( 3086): bt vendor lib: HW_CFG_DL_FW_PATCH status:0, opcode:0xfc20
12-18 23:56:43.814 D/bt_hwcfg_uart( 3086): bt vendor lib: HW_CFG_DL_FW_PATCH status:0, iIndexRx:109
12-18 23:56:43.862 D/bt_hwcfg_uart( 3086): hw_cfg_cb.state = 12
12-18 23:56:43.862 D/bt_hwcfg_uart( 3086): bt vendor lib: HW_CFG_DL_FW_PATCH status:0, opcode:0xfc20
12-18 23:56:43.862 D/bt_hwcfg_uart( 3086): bt vendor lib: HW_CFG_DL_FW_PATCH status:0, iIndexRx:110
12-18 23:56:43.880 D/bt_hwcfg_uart( 3086): hw_cfg_cb.state = 12
12-18 23:56:43.880 D/bt_hwcfg_uart( 3086): bt vendor lib: HW_CFG_DL_FW_PATCH status:0, opcode:0xfc20
12-18 23:56:43.880 D/bt_hwcfg_uart( 3086): bt vendor lib: HW_CFG_DL_FW_PATCH status:0, iIndexRx:111
12-18 23:56:43.906 D/bt_hwcfg_uart( 3086): hw_cfg_cb.state = 12
12-18 23:56:43.906 D/bt_hwcfg_uart( 3086): bt vendor lib: HW_CFG_DL_FW_PATCH status:0, opcode:0xfc20
12-18 23:56:43.906 D/bt_hwcfg_uart( 3086): bt vendor lib: HW_CFG_DL_FW_PATCH status:0, iIndexRx:112
12-18 23:56:43.917 E/android.hardware.wifi@1.0-service( 3107): check loading wifi driver is ok...: Operation not permitted
12-18 23:56:43.917 E/android.hardware.wifi@1.0-service( 3107): driver loaded: Operation not permitted
12-18 23:56:43.918 I/android.hardware.wifi@1.0-service( 3107): Wifi HAL started
12-18 23:56:43.918 I/chatty  ( 3332): uid=1000(system) WifiP2pService expire 6 lines
12-18 23:56:43.922 D/bt_hwcfg_uart( 3086): hw_cfg_cb.state = 12
12-18 23:56:43.922 D/bt_hwcfg_uart( 3086): bt vendor lib: HW_CFG_DL_FW_PATCH status:0, opcode:0xfc20
12-18 23:56:43.922 D/bt_hwcfg_uart( 3086): bt vendor lib: HW_CFG_DL_FW_PATCH status:0, iIndexRx:113
12-18 23:56:43.937 D/bt_hwcfg_uart( 3086): hw_cfg_cb.state = 12
12-18 23:56:43.937 D/bt_hwcfg_uart( 3086): bt vendor lib: HW_CFG_DL_FW_PATCH status:0, opcode:0xfc20
12-18 23:56:43.937 D/bt_hwcfg_uart( 3086): bt vendor lib: HW_CFG_DL_FW_PATCH status:0, iIndexRx:114
12-18 23:56:43.945 D/bt_hwcfg_uart( 3086): hw_cfg_cb.state = 12
12-18 23:56:43.945 D/bt_hwcfg_uart( 3086): bt vendor lib: HW_CFG_DL_FW_PATCH status:0, opcode:0xfc20
12-18 23:56:43.945 D/bt_hwcfg_uart( 3086): bt vendor lib: HW_CFG_DL_FW_PATCH status:0, iIndexRx:115
12-18 23:56:43.953 D/bt_hwcfg_uart( 3086): hw_cfg_cb.state = 12
12-18 23:56:43.953 D/bt_hwcfg_uart( 3086): bt vendor lib: HW_CFG_DL_FW_PATCH status:0, opcode:0xfc20
12-18 23:56:43.953 D/bt_hwcfg_uart( 3086): bt vendor lib: HW_CFG_DL_FW_PATCH status:0, iIndexRx:116
12-18 23:56:43.960 D/bt_hwcfg_uart( 3086): hw_cfg_cb.state = 12
12-18 23:56:43.961 D/bt_hwcfg_uart( 3086): bt vendor lib: HW_CFG_DL_FW_PATCH status:0, opcode:0xfc20
12-18 23:56:43.961 D/bt_hwcfg_uart( 3086): bt vendor lib: HW_CFG_DL_FW_PATCH status:0, iIndexRx:117
12-18 23:56:43.969 D/bt_hwcfg_uart( 3086): hw_cfg_cb.state = 12
12-18 23:56:43.969 D/bt_hwcfg_uart( 3086): bt vendor lib: HW_CFG_DL_FW_PATCH status:0, opcode:0xfc20
12-18 23:56:43.969 D/bt_hwcfg_uart( 3086): bt vendor lib: HW_CFG_DL_FW_PATCH status:0, iIndexRx:118
12-18 23:56:43.976 D/bt_hwcfg_uart( 3086): hw_cfg_cb.state = 12
12-18 23:56:43.977 D/bt_hwcfg_uart( 3086): bt vendor lib: HW_CFG_DL_FW_PATCH status:0, opcode:0xfc20
12-18 23:56:43.977 D/bt_hwcfg_uart( 3086): bt vendor lib: HW_CFG_DL_FW_PATCH status:0, iIndexRx:119
12-18 23:56:43.986 D/bt_hwcfg_uart( 3086): hw_cfg_cb.state = 12
12-18 23:56:43.986 D/bt_hwcfg_uart( 3086): bt vendor lib: HW_CFG_DL_FW_PATCH status:0, opcode:0xfc20
12-18 23:56:43.986 D/bt_hwcfg_uart( 3086): bt vendor lib: HW_CFG_DL_FW_PATCH status:0, iIndexRx:120
12-18 23:56:43.993 D/bt_hwcfg_uart( 3086): hw_cfg_cb.state = 12
12-18 23:56:43.993 D/bt_hwcfg_uart( 3086): bt vendor lib: HW_CFG_DL_FW_PATCH status:0, opcode:0xfc20
12-18 23:56:43.993 D/bt_hwcfg_uart( 3086): bt vendor lib: HW_CFG_DL_FW_PATCH status:0, iIndexRx:121
12-18 23:56:43.999 D/bt_hwcfg_uart( 3086): hw_cfg_cb.state = 12
12-18 23:56:43.999 D/bt_hwcfg_uart( 3086): bt vendor lib: HW_CFG_DL_FW_PATCH status:0, opcode:0xfc20
12-18 23:56:44.000 D/bt_hwcfg_uart( 3086): bt vendor lib: HW_CFG_DL_FW_PATCH status:0, iIndexRx:122
12-18 23:56:44.008 D/bt_hwcfg_uart( 3086): hw_cfg_cb.state = 12
12-18 23:56:44.008 D/bt_hwcfg_uart( 3086): bt vendor lib: HW_CFG_DL_FW_PATCH status:0, opcode:0xfc20
12-18 23:56:44.008 D/bt_hwcfg_uart( 3086): bt vendor lib: HW_CFG_DL_FW_PATCH status:0, iIndexRx:123
12-18 23:56:44.016 D/bt_hwcfg_uart( 3086): hw_cfg_cb.state = 12
12-18 23:56:44.017 D/bt_hwcfg_uart( 3086): bt vendor lib: HW_CFG_DL_FW_PATCH status:0, opcode:0xfc20
12-18 23:56:44.017 D/bt_hwcfg_uart( 3086): bt vendor lib: HW_CFG_DL_FW_PATCH status:0, iIndexRx:124
12-18 23:56:44.023 D/bt_hwcfg_uart( 3086): hw_cfg_cb.state = 12
12-18 23:56:44.024 D/bt_hwcfg_uart( 3086): bt vendor lib: HW_CFG_DL_FW_PATCH status:0, opcode:0xfc20
12-18 23:56:44.024 D/bt_hwcfg_uart( 3086): bt vendor lib: HW_CFG_DL_FW_PATCH status:0, iIndexRx:125
12-18 23:56:44.030 D/bt_hwcfg_uart( 3086): hw_cfg_cb.state = 12
12-18 23:56:44.030 D/bt_hwcfg_uart( 3086): bt vendor lib: HW_CFG_DL_FW_PATCH status:0, opcode:0xfc20
12-18 23:56:44.030 D/bt_hwcfg_uart( 3086): bt vendor lib: HW_CFG_DL_FW_PATCH status:0, iIndexRx:126
12-18 23:56:44.037 D/bt_hwcfg_uart( 3086): hw_cfg_cb.state = 12
12-18 23:56:44.037 D/bt_hwcfg_uart( 3086): bt vendor lib: HW_CFG_DL_FW_PATCH status:0, opcode:0xfc20
12-18 23:56:44.037 D/bt_hwcfg_uart( 3086): bt vendor lib: HW_CFG_DL_FW_PATCH status:0, iIndexRx:127
12-18 23:56:44.047 D/bt_hwcfg_uart( 3086): hw_cfg_cb.state = 12
12-18 23:56:44.047 D/bt_hwcfg_uart( 3086): bt vendor lib: HW_CFG_DL_FW_PATCH status:0, opcode:0xfc20
12-18 23:56:44.047 D/bt_hwcfg_uart( 3086): bt vendor lib: HW_CFG_DL_FW_PATCH status:0, iIndexRx:1
12-18 23:56:44.056 D/bt_hwcfg_uart( 3086): hw_cfg_cb.state = 12
12-18 23:56:44.056 D/bt_hwcfg_uart( 3086): bt vendor lib: HW_CFG_DL_FW_PATCH status:0, opcode:0xfc20
12-18 23:56:44.056 D/bt_hwcfg_uart( 3086): bt vendor lib: HW_CFG_DL_FW_PATCH status:0, iIndexRx:2
12-18 23:56:44.063 D/bt_hwcfg_uart( 3086): hw_cfg_cb.state = 12
12-18 23:56:44.063 D/bt_hwcfg_uart( 3086): bt vendor lib: HW_CFG_DL_FW_PATCH status:0, opcode:0xfc20
12-18 23:56:44.063 D/bt_hwcfg_uart( 3086): bt vendor lib: HW_CFG_DL_FW_PATCH status:0, iIndexRx:3
12-18 23:56:44.072 D/bt_hwcfg_uart( 3086): hw_cfg_cb.state = 12
12-18 23:56:44.072 D/bt_hwcfg_uart( 3086): bt vendor lib: HW_CFG_DL_FW_PATCH status:0, opcode:0xfc20
12-18 23:56:44.072 D/bt_hwcfg_uart( 3086): bt vendor lib: HW_CFG_DL_FW_PATCH status:0, iIndexRx:4
12-18 23:56:44.074 I/wpa_supplicant( 3913): Processing hidl events on FD 3
12-18 23:56:44.078 I/wpa_supplicant( 3913): Successfully initialized wpa_supplicant
12-18 23:56:44.082 D/bt_hwcfg_uart( 3086): hw_cfg_cb.state = 12
12-18 23:56:44.082 D/bt_hwcfg_uart( 3086): bt vendor lib: HW_CFG_DL_FW_PATCH status:0, opcode:0xfc20
12-18 23:56:44.082 D/bt_hwcfg_uart( 3086): bt vendor lib: HW_CFG_DL_FW_PATCH status:0, iIndexRx:5
12-18 23:56:44.091 D/bt_hwcfg_uart( 3086): hw_cfg_cb.state = 12
12-18 23:56:44.091 D/bt_hwcfg_uart( 3086): bt vendor lib: HW_CFG_DL_FW_PATCH status:0, opcode:0xfc20
12-18 23:56:44.091 D/bt_hwcfg_uart( 3086): bt vendor lib: HW_CFG_DL_FW_PATCH status:0, iIndexRx:6
12-18 23:56:44.100 I/wpa_supplicant( 3913): rfkill: Cannot open RFKILL control device
12-18 23:56:44.113 D/bt_hwcfg_uart( 3086): hw_cfg_cb.state = 12
12-18 23:56:44.113 D/bt_hwcfg_uart( 3086): bt vendor lib: HW_CFG_DL_FW_PATCH status:0, opcode:0xfc20
12-18 23:56:44.113 D/bt_hwcfg_uart( 3086): bt vendor lib: HW_CFG_DL_FW_PATCH status:0, iIndexRx:7
12-18 23:56:44.123 D/bt_hwcfg_uart( 3086): hw_cfg_cb.state = 12
12-18 23:56:44.123 D/bt_hwcfg_uart( 3086): bt vendor lib: HW_CFG_DL_FW_PATCH status:0, opcode:0xfc20
12-18 23:56:44.123 D/bt_hwcfg_uart( 3086): bt vendor lib: HW_CFG_DL_FW_PATCH status:0, iIndexRx:8
12-18 23:56:44.132 D/bt_hwcfg_uart( 3086): hw_cfg_cb.state = 12
12-18 23:56:44.132 D/bt_hwcfg_uart( 3086): bt vendor lib: HW_CFG_DL_FW_PATCH status:0, opcode:0xfc20
12-18 23:56:44.132 D/bt_hwcfg_uart( 3086): bt vendor lib: HW_CFG_DL_FW_PATCH status:0, iIndexRx:9
12-18 23:56:44.141 D/bt_hwcfg_uart( 3086): hw_cfg_cb.state = 12
12-18 23:56:44.141 D/bt_hwcfg_uart( 3086): bt vendor lib: HW_CFG_DL_FW_PATCH status:0, opcode:0xfc20
12-18 23:56:44.141 D/bt_hwcfg_uart( 3086): bt vendor lib: HW_CFG_DL_FW_PATCH status:0, iIndexRx:10
12-18 23:56:44.147 D/bt_hwcfg_uart( 3086): hw_cfg_cb.state = 12
12-18 23:56:44.148 D/bt_hwcfg_uart( 3086): bt vendor lib: HW_CFG_DL_FW_PATCH status:0, opcode:0xfc20
12-18 23:56:44.148 D/bt_hwcfg_uart( 3086): bt vendor lib: HW_CFG_DL_FW_PATCH status:0, iIndexRx:11
12-18 23:56:44.156 D/bt_hwcfg_uart( 3086): hw_cfg_cb.state = 12
12-18 23:56:44.156 D/bt_hwcfg_uart( 3086): bt vendor lib: HW_CFG_DL_FW_PATCH status:0, opcode:0xfc20
12-18 23:56:44.156 D/bt_hwcfg_uart( 3086): bt vendor lib: HW_CFG_DL_FW_PATCH status:0, iIndexRx:12
12-18 23:56:44.171 D/bt_hwcfg_uart( 3086): hw_cfg_cb.state = 12
12-18 23:56:44.171 D/bt_hwcfg_uart( 3086): bt vendor lib: HW_CFG_DL_FW_PATCH status:0, opcode:0xfc20
12-18 23:56:44.171 D/bt_hwcfg_uart( 3086): bt vendor lib: HW_CFG_DL_FW_PATCH status:0, iIndexRx:13
12-18 23:56:44.186 D/bt_hwcfg_uart( 3086): hw_cfg_cb.state = 12
12-18 23:56:44.186 D/bt_hwcfg_uart( 3086): bt vendor lib: HW_CFG_DL_FW_PATCH status:0, opcode:0xfc20
12-18 23:56:44.186 D/bt_hwcfg_uart( 3086): bt vendor lib: HW_CFG_DL_FW_PATCH status:0, iIndexRx:14
12-18 23:56:44.196 D/bt_hwcfg_uart( 3086): hw_cfg_cb.state = 12
12-18 23:56:44.196 D/bt_hwcfg_uart( 3086): bt vendor lib: HW_CFG_DL_FW_PATCH status:0, opcode:0xfc20
12-18 23:56:44.196 D/bt_hwcfg_uart( 3086): bt vendor lib: HW_CFG_DL_FW_PATCH status:0, iIndexRx:15
12-18 23:56:44.206 D/bt_hwcfg_uart( 3086): hw_cfg_cb.state = 12
12-18 23:56:44.206 D/bt_hwcfg_uart( 3086): bt vendor lib: HW_CFG_DL_FW_PATCH status:0, opcode:0xfc20
12-18 23:56:44.206 D/bt_hwcfg_uart( 3086): bt vendor lib: HW_CFG_DL_FW_PATCH status:0, iIndexRx:16
12-18 23:56:44.221 D/bt_hwcfg_uart( 3086): hw_cfg_cb.state = 12
12-18 23:56:44.221 D/bt_hwcfg_uart( 3086): bt vendor lib: HW_CFG_DL_FW_PATCH status:0, opcode:0xfc20
12-18 23:56:44.221 D/bt_hwcfg_uart( 3086): bt vendor lib: HW_CFG_DL_FW_PATCH status:0, iIndexRx:17
12-18 23:56:44.233 D/bt_hwcfg_uart( 3086): hw_cfg_cb.state = 12
12-18 23:56:44.233 D/bt_hwcfg_uart( 3086): bt vendor lib: HW_CFG_DL_FW_PATCH status:0, opcode:0xfc20
12-18 23:56:44.233 D/bt_hwcfg_uart( 3086): bt vendor lib: HW_CFG_DL_FW_PATCH status:0, iIndexRx:18
12-18 23:56:44.247 D/bt_hwcfg_uart( 3086): hw_cfg_cb.state = 12
12-18 23:56:44.247 D/bt_hwcfg_uart( 3086): bt vendor lib: HW_CFG_DL_FW_PATCH status:0, opcode:0xfc20
12-18 23:56:44.247 D/bt_hwcfg_uart( 3086): bt vendor lib: HW_CFG_DL_FW_PATCH status:0, iIndexRx:19
12-18 23:56:44.256 D/bt_hwcfg_uart( 3086): hw_cfg_cb.state = 12
12-18 23:56:44.256 D/bt_hwcfg_uart( 3086): bt vendor lib: HW_CFG_DL_FW_PATCH status:0, opcode:0xfc20
12-18 23:56:44.256 D/bt_hwcfg_uart( 3086): bt vendor lib: HW_CFG_DL_FW_PATCH status:0, iIndexRx:20
12-18 23:56:44.256 D/bt_hwcfg_uart( 3086): HW_CFG_DL_FW_PATCH: send last fw fragment
12-18 23:56:44.383 D/bt_hwcfg_uart( 3086): hw_cfg_cb.state = 12
12-18 23:56:44.383 D/bt_hwcfg_uart( 3086): bt vendor lib: HW_CFG_DL_FW_PATCH status:0, opcode:0xfc20
12-18 23:56:44.383 D/bt_hwcfg_uart( 3086): bt vendor lib: HW_CFG_DL_FW_PATCH status:0, iIndexRx:149
12-18 23:56:44.383 D/bt_hwcfg_uart( 3086): vendor lib fwcfg completed
12-18 23:56:44.383 D/android.hardware.bluetooth@1.0-impl( 3086): OnFirmwareConfigured result: 0
12-18 23:56:44.383 I/android.hardware.bluetooth@1.0-impl( 3086): Firmware configured in 2.639s
12-18 23:56:44.384 I/bt_hci  ( 3468): event_finish_startup
12-18 23:56:44.384 I/android.hardware.bluetooth@1.0-impl( 3086): OnFirmwareConfigured: lpm_timeout_ms 0
12-18 23:56:44.384 D/android.hardware.bluetooth@1.0-impl( 3086): OnFirmwareConfigured Calling StartLowPowerWatchdog()
12-18 23:56:44.384 I/bt_core_module( 3468): module_start_up Started module "hci_module"
12-18 23:56:44.387 I/bt_osi_thread( 3468): run_thread: thread id 3918, thread name bt_workqueue started
12-18 23:56:44.387 I/        ( 3468): [1218/235644.387860:INFO:btu_task.cc(107)] Bluetooth chip preload is complete
12-18 23:56:44.395 I/        ( 3468): [1218/235644.394952:INFO:gatt_api.cc(954)] GATT_Register 81818181-8181-8181-8181-818181818181
12-18 23:56:44.395 I/        ( 3468): [1218/235644.395102:INFO:gatt_api.cc(974)] allocated gatt_if=1
12-18 23:56:44.395 I/        ( 3468): [1218/235644.395536:INFO:gatt_api.cc(167)] GATTS_AddService
12-18 23:56:44.395 I/        ( 3468): [1218/235644.395631:INFO:gatt_api.cc(271)] GATTS_AddService: service parsed correctly, now starting
12-18 23:56:44.395 I/        ( 3468): [1218/235644.395807:INFO:gatt_api.cc(954)] GATT_Register 82828282-8282-8282-8282-828282828282
12-18 23:56:44.395 I/        ( 3468): [1218/235644.395865:INFO:gatt_api.cc(974)] allocated gatt_if=2
12-18 23:56:44.395 I/        ( 3468): [1218/235644.395903:INFO:gatt_api.cc(167)] GATTS_AddService
12-18 23:56:44.395 I/        ( 3468): [1218/235644.395947:INFO:gatt_api.cc(271)] GATTS_AddService: service parsed correctly, now starting
12-18 23:56:44.396 I/bt_bte  ( 3468): BTE_InitTraceLevels -- TRC_HCI : Level 2
12-18 23:56:44.396 I/bt_bte  ( 3468): BTE_InitTraceLevels -- TRC_L2CAP : Level 2
12-18 23:56:44.396 I/bt_bte  ( 3468): BTE_InitTraceLevels -- TRC_RFCOMM : Level 2
12-18 23:56:44.396 I/bt_bte  ( 3468): BTE_InitTraceLevels -- TRC_AVDT : Level 2
12-18 23:56:44.396 I/bt_bte  ( 3468): BTE_InitTraceLevels -- TRC_AVRC : Level 2
12-18 23:56:44.396 I/bt_bte  ( 3468): BTE_InitTraceLevels -- TRC_A2D : Level 2
12-18 23:56:44.396 I/bt_bte  ( 3468): BTE_InitTraceLevels -- TRC_BNEP : Level 2
12-18 23:56:44.396 I/bt_bte  ( 3468): BTE_InitTraceLevels -- TRC_BTM : Level 2
12-18 23:56:44.396 I/bt_bte  ( 3468): BTE_InitTraceLevels -- TRC_HID_HOST : Level 2
12-18 23:56:44.396 I/bt_bte  ( 3468): BTE_InitTraceLevels -- TRC_PAN : Level 2
12-18 23:56:44.396 I/bt_bte  ( 3468): BTE_InitTraceLevels -- TRC_SDP : Level 2
12-18 23:56:44.396 I/bt_bte  ( 3468): BTE_InitTraceLevels -- TRC_SMP : Level 2
12-18 23:56:44.396 I/bt_bte  ( 3468): BTE_InitTraceLevels -- TRC_HID_DEV : Level 2
12-18 23:56:44.396 I/bt_bte  ( 3468): BTE_InitTraceLevels -- TRC_BTAPP : Level 2
12-18 23:56:44.396 I/bt_bte  ( 3468): BTE_InitTraceLevels -- TRC_BTIF : Level 2
12-18 23:56:44.396 I/bt_osi_thread( 3468): run_thread: thread id 3919, thread name btu message loop started
12-18 23:56:44.397 I/bt_osi_thread( 3468): run_thread: thread id 3920, thread name module_wrapper started
12-18 23:56:44.397 I/bt_core_module( 3468): module_start_up Starting module "controller_module"
12-18 23:56:44.473 E/bt_userial_vendor( 3086): set event mask, it should bt stack init, set coex bt on
12-18 23:56:44.473 D/rtk_heartbeat( 3086): Heartbeat_init start
12-18 23:56:44.473 E/rtk_heartbeat( 3086): load_rtkbt_heartbeat_conf unable to open file '/vendor/etc/bluetooth/rtkbt_heartbeat.conf': No such file or directory
12-18 23:56:44.474 D/rtk_heartbeat( 3086): Heartbeat_init res = 1
12-18 23:56:44.474 I/bt_poll ( 3086): poll_init: state 0, timeout 1000 ms,timeout=1000
12-18 23:56:44.474 I/bt_poll ( 3086): poll_enable: turn_on 1, state 0
12-18 23:56:44.474 D/rtk_heartbeat( 3086): Heartbeat_init end
12-18 23:56:44.476 I/bt_core_module( 3468): module_start_up Started module "controller_module"
12-18 23:56:44.476 E/rtk_parse( 3086): rtk_cmd_complete_cback, transmit_command Opcode:fc94
12-18 23:56:44.476 W/bt_osi_thread( 3468): run_thread: thread id 3920, thread name module_wrapper exited
12-18 23:56:44.477 W/bt_btm  ( 3468): btm_decode_ext_features_page: feature page 1 ignored
12-18 23:56:44.477 W/bt_btm  ( 3468): btm_decode_ext_features_page: feature page 2 ignored
12-18 23:56:44.477 I/bt_btm_sec( 3468): BTM_SecRegister p_cb_info->p_le_callback == 0x0x94a97d05
12-18 23:56:44.477 I/bt_btm_sec( 3468): BTM_SecRegister btm_cb.api.p_le_callback = 0x0x94a97d05 
12-18 23:56:44.477 I/bt_stack( 3468): [INFO:ble_advertiser_hci_interface.cc(764)] Extended advertising will be in use
12-18 23:56:44.479 I/bt_stack( 3468): [INFO:gatt_api.cc(954)] GATT_Register 8cc3c4fa-5df8-d2ee-63c9-9a179810de67
12-18 23:56:44.479 I/bt_stack( 3468): [INFO:gatt_api.cc(974)] allocated gatt_if=3
12-18 23:56:44.488 E/bt_btif_storage( 3468): btif_storage_get_adapter_property: Controller ready!
12-18 23:56:44.488 I/bt_btif_storage( 3468): btif_storage_get_adapter_property service_mask:0x20000000
12-18 23:56:44.488 D/AdapterProperties( 3468): Address is:00:E0:4C:23:99:87
12-18 23:56:44.490 D/BluetoothManagerService( 3332): Bluetooth Adapter address changed to 00:E0:4C:23:99:87
12-18 23:56:44.490 D/BluetoothManagerService( 3332): Stored Bluetoothaddress: 00:E0:4C:23:99:87
12-18 23:56:44.491 D/AdapterProperties( 3468): Name is: JR_JioSTB-RFLSBBGD2170370
12-18 23:56:44.491 D/BluetoothManagerService( 3332): Bluetooth Adapter name changed to JR_JioSTB-RFLSBBGD2170370
12-18 23:56:44.492 D/BluetoothManagerService( 3332): Stored Bluetooth name: JR_JioSTB-RFLSBBGD2170370
12-18 23:56:44.493 D/AdapterProperties( 3468): Scan Mode:20
12-18 23:56:44.493 D/AdapterProperties( 3468): Discoverable Timeout:0
12-18 23:56:44.494 D/AdapterProperties( 3468): Adding bonded device:D4:B8:FF:DD:CC:D7
12-18 23:56:44.495 W/BluetoothRemoteDevices( 3468): Skip class update for D4:B8:FF:DD:CC:D7
12-18 23:56:44.496 I/bt_btif_core( 3468): btif_enable_bluetooth_evt entered: status 0
12-18 23:56:44.496 I/bt_osi_thread( 3468): run_thread: thread id 3923, thread name btif_sock started
12-18 23:56:44.498 D/bt_bte_conf( 3468): Device ID record 1 : primary
12-18 23:56:44.498 D/bt_bte_conf( 3468):   vendorId            = 00e0
12-18 23:56:44.498 D/bt_bte_conf( 3468):   vendorIdSource      = 0001
12-18 23:56:44.498 D/bt_bte_conf( 3468):   product             = 1200
12-18 23:56:44.498 D/bt_bte_conf( 3468):   version             = 1436
12-18 23:56:44.498 D/bt_bte_conf( 3468):   clientExecutableURL = 
12-18 23:56:44.498 D/bt_bte_conf( 3468):   serviceDescription  = 
12-18 23:56:44.498 D/bt_bte_conf( 3468):   documentationURL    = 
12-18 23:56:44.498 D/bt_bte_conf( 3468): bte_load_did_conf no section named DID2.
12-18 23:56:44.498 I/bt_btif_core( 3468): btif_enable_bluetooth_evt finished
12-18 23:56:44.498 I/bt_stack_manager( 3468): event_start_up_stack finished
12-18 23:56:44.499 I/AdapterState( 3468): BLE_ON : entered 
12-18 23:56:44.499 D/AdapterProperties( 3468): Setting state to BLE_ON
12-18 23:56:44.499 D/BluetoothAdapterService( 3468): updateAdapterState() - Broadcasting state BLE_ON to 1 receivers.
12-18 23:56:44.499 D/BluetoothManagerService( 3332): MESSAGE_BLUETOOTH_STATE_CHANGE: BLE_TURNING_ON > BLE_ON
12-18 23:56:44.500 D/BluetoothManagerService( 3332): Bluetooth is in LE only mode
12-18 23:56:44.500 D/BluetoothManagerService( 3332): Binding Bluetooth GATT service
12-18 23:56:44.500 D/BluetoothManagerService( 3332): Sending BLE State Change: BLE_TURNING_ON > BLE_ON
12-18 23:56:44.501 D/BluetoothManagerService( 3332): BluetoothServiceConnection: com.android.bluetooth.gatt.GattService
12-18 23:56:44.501 D/BluetoothManagerService( 3332): MESSAGE_BLUETOOTH_SERVICE_CONNECTED: 2
12-18 23:56:44.501 D/BluetoothManagerService( 3332): continueFromBleOnState()
12-18 23:56:44.502 I/AdapterState( 3468): TURNING_ON : entered 
12-18 23:56:44.502 D/AdapterProperties( 3468): Setting state to TURNING_ON
12-18 23:56:44.502 D/BluetoothAdapterService( 3468): updateAdapterState() - Broadcasting state TURNING_ON to 1 receivers.
12-18 23:56:44.503 D/BluetoothAdapterService( 3468): startCoreServices()
12-18 23:56:44.503 D/BluetoothManagerService( 3332): Persisting Bluetooth Setting: 1
12-18 23:56:44.503 D/BluetoothManagerService( 3332): MESSAGE_BLUETOOTH_STATE_CHANGE: BLE_ON > TURNING_ON
12-18 23:56:44.503 D/BluetoothManagerService( 3332): Sending BLE State Change: BLE_ON > TURNING_ON
12-18 23:56:44.504 I/HeadsetService( 3468): create()
12-18 23:56:44.506 D/BluetoothAdapterService( 3468): getAdapterService() - returning com.android.bluetooth.btservice.AdapterService@cb358d0
12-18 23:56:44.509 I/HeadsetService( 3468): start()
12-18 23:56:44.509 D/BluetoothAdapterService( 3468): getAdapterService() - returning com.android.bluetooth.btservice.AdapterService@cb358d0
12-18 23:56:44.517 E/HeadsetSystemInterface( 3468): Could not bind to IBluetoothHeadsetPhone Service, intent=Intent { act=android.bluetooth.IBluetoothHeadsetPhone }
12-18 23:56:44.517 E/HeadsetSystemInterface( 3468): android.util.Log$TerribleFailure: Could not bind to IBluetoothHeadsetPhone Service, intent=Intent { act=android.bluetooth.IBluetoothHeadsetPhone }
12-18 23:56:44.517 E/HeadsetSystemInterface( 3468): 	at android.util.Log.wtf(Log.java:299)
12-18 23:56:44.517 E/HeadsetSystemInterface( 3468): 	at android.util.Log.wtfStack(Log.java:273)
12-18 23:56:44.517 E/HeadsetSystemInterface( 3468): 	at com.android.bluetooth.hfp.HeadsetSystemInterface.init(HeadsetSystemInterface.java:95)
12-18 23:56:44.517 E/HeadsetSystemInterface( 3468): 	at com.android.bluetooth.hfp.HeadsetService.start(HeadsetService.java:148)
12-18 23:56:44.517 E/HeadsetSystemInterface( 3468): 	at com.android.bluetooth.btservice.ProfileService.doStart(ProfileService.java:263)
12-18 23:56:44.517 E/HeadsetSystemInterface( 3468): 	at com.android.bluetooth.btservice.ProfileService.onStartCommand(ProfileService.java:151)
12-18 23:56:44.517 E/HeadsetSystemInterface( 3468): 	at android.app.ActivityThread.handleServiceArgs(ActivityThread.java:3667)
12-18 23:56:44.517 E/HeadsetSystemInterface( 3468): 	at android.app.ActivityThread.access$1600(ActivityThread.java:199)
12-18 23:56:44.517 E/HeadsetSystemInterface( 3468): 	at android.app.ActivityThread$H.handleMessage(ActivityThread.java:1681)
12-18 23:56:44.517 E/HeadsetSystemInterface( 3468): 	at android.os.Handler.dispatchMessage(Handler.java:106)
12-18 23:56:44.517 E/HeadsetSystemInterface( 3468): 	at android.os.Looper.loop(Looper.java:193)
12-18 23:56:44.517 E/HeadsetSystemInterface( 3468): 	at android.app.ActivityThread.main(ActivityThread.java:6669)
12-18 23:56:44.517 E/HeadsetSystemInterface( 3468): 	at java.lang.reflect.Method.invoke(Native Method)
12-18 23:56:44.517 E/HeadsetSystemInterface( 3468): 	at com.android.internal.os.RuntimeInit$MethodAndArgsCaller.run(RuntimeInit.java:493)
12-18 23:56:44.517 E/HeadsetSystemInterface( 3468): 	at com.android.internal.os.ZygoteInit.main(ZygoteInit.java:858)
12-18 23:56:44.521 I/BluetoothHeadsetServiceJni( 3468): classInitNative: succeeds
12-18 23:56:44.522 I/bt_btif ( 3468): get_profile_interface: id = handsfree
12-18 23:56:44.522 I/bt_stack( 3468): [INFO:btif_hf.cc(1393)] GetInterface
12-18 23:56:44.522 I/bt_btif_storage( 3468): btif_storage_get_adapter_property service_mask:0x20000020
12-18 23:56:44.522 I/bt_stack( 3468): [INFO:port_api.cc(230)] RFCOMM_CreateConnection: bd_addr=ff:ff:ff:ff:ff:ff, scn=2, is_server=1, mtu=256, uuid=0x1112, dlci=4, signal_state=0x0b, p_port=0x94e2dbf4
12-18 23:56:44.522 I/bt_stack( 3468): [INFO:port_api.cc(230)] RFCOMM_CreateConnection: bd_addr=ff:ff:ff:ff:ff:ff, scn=2, is_server=1, mtu=256, uuid=0x1112, dlci=4, signal_state=0x0b, p_port=0x94e2dc7c
12-18 23:56:44.523 I/bt_stack( 3468): [INFO:port_api.cc(230)] RFCOMM_CreateConnection: bd_addr=ff:ff:ff:ff:ff:ff, scn=2, is_server=1, mtu=256, uuid=0x1112, dlci=4, signal_state=0x0b, p_port=0x94e2dd04
12-18 23:56:44.523 I/bt_stack( 3468): [INFO:port_api.cc(230)] RFCOMM_CreateConnection: bd_addr=ff:ff:ff:ff:ff:ff, scn=2, is_server=1, mtu=256, uuid=0x1112, dlci=4, signal_state=0x0b, p_port=0x94e2dd8c
12-18 23:56:44.523 I/bt_stack( 3468): [INFO:port_api.cc(230)] RFCOMM_CreateConnection: bd_addr=ff:ff:ff:ff:ff:ff, scn=2, is_server=1, mtu=256, uuid=0x1112, dlci=4, signal_state=0x0b, p_port=0x94e2de14
12-18 23:56:44.523 I/bt_stack( 3468): [INFO:port_api.cc(230)] RFCOMM_CreateConnection: bd_addr=ff:ff:ff:ff:ff:ff, scn=2, is_server=1, mtu=256, uuid=0x1112, dlci=4, signal_state=0x0b, p_port=0x94e2de9c
12-18 23:56:44.523 I/bt_stack( 3468): [INFO:btif_hf.cc(300)] btif_hf_upstreams_evt: AG enable/disable event 0
12-18 23:56:44.525 D/BluetoothAdapterService( 3468): handleMessage() - Message: 2
12-18 23:56:44.525 D/BluetoothAdapterService( 3468): handleMessage() - MESSAGE_PROFILE_SERVICE_REGISTERED
12-18 23:56:44.525 D/BluetoothActiveDeviceManager( 3468): handleMessage(MESSAGE_ADAPTER_ACTION_STATE_CHANGED): newState=11
12-18 23:56:44.525 I/A2dpService( 3468): create()
12-18 23:56:44.527 D/BluetoothAdapterService( 3468): getAdapterService() - returning com.android.bluetooth.btservice.AdapterService@cb358d0
12-18 23:56:44.530 I/A2dpService( 3468): start()
12-18 23:56:44.530 D/BluetoothAdapterService( 3468): getAdapterService() - returning com.android.bluetooth.btservice.AdapterService@cb358d0
12-18 23:56:44.530 I/BluetoothA2dpServiceJni( 3468): classInitNative: succeeds
12-18 23:56:44.531 I/A2dpService( 3468): Max connected audio devices set to 5
12-18 23:56:44.531 I/BluetoothAvrcpServiceJni( 3468): classInitNative: succeeds
12-18 23:56:44.532 I/bt_btif ( 3468): get_profile_interface: id = avrcp
12-18 23:56:44.537 I/chatty  ( 3332): uid=1000(system) Binder:3332_7 expire 2 lines
12-18 23:56:44.538 I/Avrcp   ( 3468): Skipping update due to invalid playback state
12-18 23:56:44.538 E/bt_btif ( 3468): register_notification_rsp: Avrcp device is not connected, handle: 0x0
12-18 23:56:44.538 I/chatty  ( 3468): uid=1002(bluetooth) com.android.bluetooth identical 5 lines
12-18 23:56:44.538 E/bt_btif ( 3468): register_notification_rsp: Avrcp device is not connected, handle: 0x0
12-18 23:56:44.540 I/bt_btif ( 3468): get_profile_interface: id = a2dp
12-18 23:56:44.540 I/btif_av ( 3468): bt_status_t BtifAvSource::Init(btav_source_callbacks_t *, int, const std::vector<btav_a2dp_codec_config_t> &): max_connected_audio_devices=5
12-18 23:56:44.540 D/a2dp_codec( 3468): init
12-18 23:56:44.540 D/a2dp_codec( 3468): createCodec: codec SBC
12-18 23:56:44.540 I/a2dp_codec( 3468): init: updated SBC codec priority to 1001
12-18 23:56:44.540 D/a2dp_codec( 3468): createCodec: codec AAC
12-18 23:56:44.540 I/a2dp_codec( 3468): init: updated AAC codec priority to 2001
12-18 23:56:44.540 D/a2dp_codec( 3468): createCodec: codec aptX
12-18 23:56:44.542 E/a2dp_vendor_aptx_encoder( 3468): A2DP_VendorLoadEncoderAptx: cannot open aptX encoder library libaptX_encoder.so: dlopen failed: library "libaptX_encoder.so" not found
12-18 23:56:44.542 E/a2dp_vendor_aptx( 3468): init: cannot load the encoder
12-18 23:56:44.542 D/a2dp_codec( 3468): createCodec: codec aptX-HD
12-18 23:56:44.543 E/a2dp_vendor_aptx_hd_encoder( 3468): A2DP_VendorLoadEncoderAptxHd: cannot open aptX-HD encoder library libaptXHD_encoder.so: dlopen failed: library "libaptXHD_encoder.so" not found
12-18 23:56:44.543 E/a2dp_vendor_aptx_hd( 3468): init: cannot load the encoder
12-18 23:56:44.543 D/a2dp_codec( 3468): createCodec: codec LDAC
12-18 23:56:44.549 I/a2dp_codec( 3468): init: updated LDAC codec priority to 5001
12-18 23:56:44.549 D/a2dp_codec( 3468): createCodec: codec SBC SINK
12-18 23:56:44.549 D/a2dp_codec( 3468): createCodec: codec AAC SINK
12-18 23:56:44.549 I/a2dp_codec( 3468): init: initialized Source codec LDAC
12-18 23:56:44.549 I/a2dp_codec( 3468): init: initialized Source codec AAC
12-18 23:56:44.549 I/a2dp_codec( 3468): init: initialized Source codec SBC
12-18 23:56:44.549 I/a2dp_codec( 3468): init: initialized Sink codec AAC SINK
12-18 23:56:44.549 I/a2dp_codec( 3468): init: initialized Sink codec SBC(Sink)
12-18 23:56:44.549 D/a2dp_codec( 3468): init
12-18 23:56:44.549 D/a2dp_codec( 3468): createCodec: codec SBC
12-18 23:56:44.549 I/a2dp_codec( 3468): init: updated SBC codec priority to 1001
12-18 23:56:44.549 D/a2dp_codec( 3468): createCodec: codec AAC
12-18 23:56:44.549 I/a2dp_codec( 3468): init: updated AAC codec priority to 2001
12-18 23:56:44.549 D/a2dp_codec( 3468): createCodec: codec aptX
12-18 23:56:44.551 E/a2dp_vendor_aptx_encoder( 3468): A2DP_VendorLoadEncoderAptx: cannot open aptX encoder library libaptX_encoder.so: dlopen failed: library "libaptX_encoder.so" not found
12-18 23:56:44.551 E/a2dp_vendor_aptx( 3468): init: cannot load the encoder
12-18 23:56:44.551 D/a2dp_codec( 3468): createCodec: codec aptX-HD
12-18 23:56:44.552 E/a2dp_vendor_aptx_hd_encoder( 3468): A2DP_VendorLoadEncoderAptxHd: cannot open aptX-HD encoder library libaptXHD_encoder.so: dlopen failed: library "libaptXHD_encoder.so" not found
12-18 23:56:44.552 E/a2dp_vendor_aptx_hd( 3468): init: cannot load the encoder
12-18 23:56:44.552 D/a2dp_codec( 3468): createCodec: codec LDAC
12-18 23:56:44.552 I/a2dp_codec( 3468): init: updated LDAC codec priority to 5001
12-18 23:56:44.552 D/a2dp_codec( 3468): createCodec: codec SBC SINK
12-18 23:56:44.552 D/a2dp_codec( 3468): createCodec: codec AAC SINK
12-18 23:56:44.552 I/a2dp_codec( 3468): init: initialized Source codec LDAC
12-18 23:56:44.552 I/a2dp_codec( 3468): init: initialized Source codec AAC
12-18 23:56:44.552 I/a2dp_codec( 3468): init: initialized Source codec SBC
12-18 23:56:44.552 I/a2dp_codec( 3468): init: initialized Sink codec AAC SINK
12-18 23:56:44.552 I/a2dp_codec( 3468): init: initialized Sink codec SBC(Sink)
12-18 23:56:44.552 D/a2dp_codec( 3468): init
12-18 23:56:44.552 D/a2dp_codec( 3468): createCodec: codec SBC
12-18 23:56:44.552 I/a2dp_codec( 3468): init: updated SBC codec priority to 1001
12-18 23:56:44.552 D/a2dp_codec( 3468): createCodec: codec AAC
12-18 23:56:44.552 I/a2dp_codec( 3468): init: updated AAC codec priority to 2001
12-18 23:56:44.552 D/a2dp_codec( 3468): createCodec: codec aptX
12-18 23:56:44.553 E/a2dp_vendor_aptx_encoder( 3468): A2DP_VendorLoadEncoderAptx: cannot open aptX encoder library libaptX_encoder.so: dlopen failed: library "libaptX_encoder.so" not found
12-18 23:56:44.553 E/a2dp_vendor_aptx( 3468): init: cannot load the encoder
12-18 23:56:44.553 D/a2dp_codec( 3468): createCodec: codec aptX-HD
12-18 23:56:44.555 E/a2dp_vendor_aptx_hd_encoder( 3468): A2DP_VendorLoadEncoderAptxHd: cannot open aptX-HD encoder library libaptXHD_encoder.so: dlopen failed: library "libaptXHD_encoder.so" not found
12-18 23:56:44.555 E/a2dp_vendor_aptx_hd( 3468): init: cannot load the encoder
12-18 23:56:44.555 D/a2dp_codec( 3468): createCodec: codec LDAC
12-18 23:56:44.555 I/a2dp_codec( 3468): init: updated LDAC codec priority to 5001
12-18 23:56:44.555 D/a2dp_codec( 3468): createCodec: codec SBC SINK
12-18 23:56:44.555 D/a2dp_codec( 3468): createCodec: codec AAC SINK
12-18 23:56:44.555 I/a2dp_codec( 3468): init: initialized Source codec LDAC
12-18 23:56:44.555 I/a2dp_codec( 3468): init: initialized Source codec AAC
12-18 23:56:44.555 I/a2dp_codec( 3468): init: initialized Source codec SBC
12-18 23:56:44.555 I/a2dp_codec( 3468): init: initialized Sink codec AAC SINK
12-18 23:56:44.555 I/a2dp_codec( 3468): init: initialized Sink codec SBC(Sink)
12-18 23:56:44.555 D/a2dp_codec( 3468): init
12-18 23:56:44.555 D/a2dp_codec( 3468): createCodec: codec SBC
12-18 23:56:44.555 I/a2dp_codec( 3468): init: updated SBC codec priority to 1001
12-18 23:56:44.555 D/a2dp_codec( 3468): createCodec: codec AAC
12-18 23:56:44.555 I/a2dp_codec( 3468): init: updated AAC codec priority to 2001
12-18 23:56:44.555 D/a2dp_codec( 3468): createCodec: codec aptX
12-18 23:56:44.556 E/a2dp_vendor_aptx_encoder( 3468): A2DP_VendorLoadEncoderAptx: cannot open aptX encoder library libaptX_encoder.so: dlopen failed: library "libaptX_encoder.so" not found
12-18 23:56:44.556 E/a2dp_vendor_aptx( 3468): init: cannot load the encoder
12-18 23:56:44.556 D/a2dp_codec( 3468): createCodec: codec aptX-HD
12-18 23:56:44.558 E/a2dp_vendor_aptx_hd_encoder( 3468): A2DP_VendorLoadEncoderAptxHd: cannot open aptX-HD encoder library libaptXHD_encoder.so: dlopen failed: library "libaptXHD_encoder.so" not found
12-18 23:56:44.558 E/a2dp_vendor_aptx_hd( 3468): init: cannot load the encoder
12-18 23:56:44.558 D/a2dp_codec( 3468): createCodec: codec LDAC
12-18 23:56:44.558 I/a2dp_codec( 3468): init: updated LDAC codec priority to 5001
12-18 23:56:44.558 D/a2dp_codec( 3468): createCodec: codec SBC SINK
12-18 23:56:44.558 D/a2dp_codec( 3468): createCodec: codec AAC SINK
12-18 23:56:44.558 I/a2dp_codec( 3468): init: initialized Source codec LDAC
12-18 23:56:44.558 I/a2dp_codec( 3468): init: initialized Source codec AAC
12-18 23:56:44.558 I/a2dp_codec( 3468): init: initialized Source codec SBC
12-18 23:56:44.558 I/a2dp_codec( 3468): init: initialized Sink codec AAC SINK
12-18 23:56:44.558 I/a2dp_codec( 3468): init: initialized Sink codec SBC(Sink)
12-18 23:56:44.558 D/a2dp_codec( 3468): init
12-18 23:56:44.558 D/a2dp_codec( 3468): createCodec: codec SBC
12-18 23:56:44.558 I/a2dp_codec( 3468): init: updated SBC codec priority to 1001
12-18 23:56:44.558 D/a2dp_codec( 3468): createCodec: codec AAC
12-18 23:56:44.558 I/a2dp_codec( 3468): init: updated AAC codec priority to 2001
12-18 23:56:44.558 D/a2dp_codec( 3468): createCodec: codec aptX
12-18 23:56:44.559 E/a2dp_vendor_aptx_encoder( 3468): A2DP_VendorLoadEncoderAptx: cannot open aptX encoder library libaptX_encoder.so: dlopen failed: library "libaptX_encoder.so" not found
12-18 23:56:44.559 E/a2dp_vendor_aptx( 3468): init: cannot load the encoder
12-18 23:56:44.559 D/a2dp_codec( 3468): createCodec: codec aptX-HD
12-18 23:56:44.561 E/a2dp_vendor_aptx_hd_encoder( 3468): A2DP_VendorLoadEncoderAptxHd: cannot open aptX-HD encoder library libaptXHD_encoder.so: dlopen failed: library "libaptXHD_encoder.so" not found
12-18 23:56:44.561 E/a2dp_vendor_aptx_hd( 3468): init: cannot load the encoder
12-18 23:56:44.561 D/a2dp_codec( 3468): createCodec: codec LDAC
12-18 23:56:44.561 I/a2dp_codec( 3468): init: updated LDAC codec priority to 5001
12-18 23:56:44.561 D/a2dp_codec( 3468): createCodec: codec SBC SINK
12-18 23:56:44.561 D/a2dp_codec( 3468): createCodec: codec AAC SINK
12-18 23:56:44.561 I/a2dp_codec( 3468): init: initialized Source codec LDAC
12-18 23:56:44.561 I/a2dp_codec( 3468): init: initialized Source codec AAC
12-18 23:56:44.561 I/a2dp_codec( 3468): init: initialized Source codec SBC
12-18 23:56:44.561 I/a2dp_codec( 3468): init: initialized Sink codec AAC SINK
12-18 23:56:44.561 I/a2dp_codec( 3468): init: initialized Sink codec SBC(Sink)
12-18 23:56:44.561 D/a2dp_codec( 3468): init
12-18 23:56:44.561 D/a2dp_codec( 3468): createCodec: codec SBC
12-18 23:56:44.561 I/a2dp_codec( 3468): init: updated SBC codec priority to 1001
12-18 23:56:44.561 D/a2dp_codec( 3468): createCodec: codec AAC
12-18 23:56:44.561 I/a2dp_codec( 3468): init: updated AAC codec priority to 2001
12-18 23:56:44.561 D/a2dp_codec( 3468): createCodec: codec aptX
12-18 23:56:44.562 E/a2dp_vendor_aptx_encoder( 3468): A2DP_VendorLoadEncoderAptx: cannot open aptX encoder library libaptX_encoder.so: dlopen failed: library "libaptX_encoder.so" not found
12-18 23:56:44.562 E/a2dp_vendor_aptx( 3468): init: cannot load the encoder
12-18 23:56:44.562 D/a2dp_codec( 3468): createCodec: codec aptX-HD
12-18 23:56:44.563 E/a2dp_vendor_aptx_hd_encoder( 3468): A2DP_VendorLoadEncoderAptxHd: cannot open aptX-HD encoder library libaptXHD_encoder.so: dlopen failed: library "libaptXHD_encoder.so" not found
12-18 23:56:44.564 E/a2dp_vendor_aptx_hd( 3468): init: cannot load the encoder
12-18 23:56:44.564 D/a2dp_codec( 3468): createCodec: codec LDAC
12-18 23:56:44.564 I/a2dp_codec( 3468): init: updated LDAC codec priority to 5001
12-18 23:56:44.564 D/a2dp_codec( 3468): createCodec: codec SBC SINK
12-18 23:56:44.564 D/a2dp_codec( 3468): createCodec: codec AAC SINK
12-18 23:56:44.564 I/a2dp_codec( 3468): init: initialized Source codec LDAC
12-18 23:56:44.564 I/a2dp_codec( 3468): init: initialized Source codec AAC
12-18 23:56:44.564 I/a2dp_codec( 3468): init: initialized Source codec SBC
12-18 23:56:44.564 I/a2dp_codec( 3468): init: initialized Sink codec AAC SINK
12-18 23:56:44.564 I/a2dp_codec( 3468): init: initialized Sink codec SBC(Sink)
12-18 23:56:44.564 I/bt_btif_a2dp_source( 3468): btif_a2dp_source_init
12-18 23:56:44.564 I/bt_osi_thread( 3468): run_thread: thread id 3929, thread name btif_a2dp_source started
12-18 23:56:44.564 I/bt_btif_a2dp_source( 3468): Run: message loop for thread btif_a2dp_source_thread started
12-18 23:56:44.564 I/bt_btif_a2dp_source( 3468): btif_a2dp_source_init_delayed
12-18 23:56:44.564 I/bt_bta_av( 3468): bta_av_api_register: AVRCP version used for sdp: "avrcp14"
12-18 23:56:44.565 W/bt_btif ( 3468): bta_av_rc_create: Skipping RC creation for the old AVRCP profile
12-18 23:56:44.565 I/bt_bta_av( 3468): bta_av_api_register: AVRCP version used for sdp: "avrcp14"
12-18 23:56:44.565 I/bt_bta_av( 3468): bta_av_api_register: AVRCP version used for sdp: "avrcp14"
12-18 23:56:44.565 I/bt_bta_av( 3468): bta_av_api_register: AVRCP version used for sdp: "avrcp14"
12-18 23:56:44.565 I/bt_btif_storage( 3468): btif_storage_get_adapter_property service_mask:0x20000028
12-18 23:56:44.565 I/chatty  ( 3468): uid=1002(bluetooth) btu message loo expire 3 lines
12-18 23:56:44.565 I/bt_bta_av( 3468): bta_av_api_register: AVRCP version used for sdp: "avrcp14"
12-18 23:56:44.566 D/A2dpService( 3468): A2DP offload flag set to false
12-18 23:56:44.569 D/A2dpService( 3468): setA2dpService(): set to: com.android.bluetooth.a2dp.A2dpService@f17223a
12-18 23:56:44.569 D/A2dpService( 3468): setActiveDevice(null): previous is null
12-18 23:56:44.570 D/A2dpService( 3468): broadcastActiveDevice(null)
12-18 23:56:44.571 I/BluetoothHidHostServiceJni( 3468): classInitNative: succeeds
12-18 23:56:44.572 D/BluetoothAdapterService( 3468): getAdapterService() - returning com.android.bluetooth.btservice.AdapterService@cb358d0
12-18 23:56:44.574 I/bt_btif ( 3468): get_profile_interface: id = hidhost
12-18 23:56:44.575 I/bt_bta_hh( 3468): BTA_HhEnable sec_mask:0x36 p_cback:0x94b21409
12-18 23:56:44.575 I/bt_btif_storage( 3468): btif_storage_get_adapter_property service_mask:0x20100028
12-18 23:56:44.575 I/BluetoothHealthServiceJni( 3468): classInitNative: succeeds
