12-18 23:57:00.412 W/io.adc.embedde( 4039): Long monitor contention with owner LR-HT-BT (4158) at int java.util.Properties$LineReader.readLine()(Properties.java:420) waiters=8 in boolean com.jio.adc.core..(java.lang.String) for 793ms
12-18 23:57:00.418 I/FirebaseApp( 4186): Device unlocked: initializing all Firebase APIs for app [DEFAULT]
12-18 23:57:00.423 I/chatty  ( 4119): uid=10005(com.iwedia.ui.rjio.launcher.reliance) ModernAsyncTask expire 101 lines
12-18 23:57:00.437 I/SystemControl( 3083): write /sys/class/video/screen_mode, val:3 end
12-18 23:57:00.437 I/SystemControl( 3083): write /sys/class/video/disable_video, val:0 end
12-18 23:57:00.440 I/chatty  ( 4009): uid=1000(system) Thread-2 expire 1 line
12-18 23:57:00.440 I/chatty  ( 4009): uid=1000(system) Thread-2 expire 1 line
12-18 23:57:00.441 I/chatty  ( 4009): uid=1000(system) Thread-2 expire 1 line
12-18 23:57:00.447 I/chatty  ( 4009): uid=1000(system) Thread-2 expire 1 line
12-18 23:57:00.461 E/WindowManager( 3332): App trying to use insecure INPUT_FEATURE_NO_INPUT_CHANNEL flag. Ignoring
12-18 23:57:00.478 V/MesonHwc( 3096): No layers to compose, exit.
12-18 23:57:00.482 I/chatty  ( 4009): uid=1000(system) Thread-2 expire 17 lines
12-18 23:57:00.485 I/chatty  ( 4139): uid=1000(system) Binder:4139_3 expire 7 lines
12-18 23:57:00.487 E/ActivityThread( 4186): Failed to find provider info for com.google.android.gms.chimera
12-18 23:57:00.487 W/DynamiteModule( 4186): Failed to retrieve remote module version.
12-18 23:57:00.488 I/chatty  ( 4139): uid=1000(system) Binder:4139_4 expire 12 lines
12-18 23:57:00.490 I/chatty  ( 4139): uid=1000(system) Binder:4139_2 expire 10 lines
12-18 23:57:00.495 V/MesonHwc( 3096): No layers to compose, exit.
12-18 23:57:00.496 I/chatty  ( 4119): uid=10005(com.iwedia.ui.rjio.launcher.reliance) Binder:4119_1 expire 3 lines
12-18 23:57:00.497 I/chatty  ( 4119): uid=10005(com.iwedia.ui.rjio.launcher.reliance) Binder:4119_3 expire 35 lines
12-18 23:57:00.501 W/GooglePlayServicesUtil( 4186): Google Play Store is missing.
12-18 23:57:00.501 I/DynamiteModule( 4186): Considering local module com.google.android.gms.measurement.dynamite:20 and remote module com.google.android.gms.measurement.dynamite:0
12-18 23:57:00.501 I/DynamiteModule( 4186): Selected local version of com.google.android.gms.measurement.dynamite
12-18 23:57:00.505 W/GooglePlayServicesUtil( 4186): Google Play Store is missing.
12-18 23:57:00.521 W/io.adc.embedde( 4039): Long monitor contention with owner LR-HT-BT (4158) at int java.util.Properties$LineReader.readLine()(Properties.java:420) waiters=4 in boolean com.jio.adc.core..(java.lang.String) for 903ms
12-18 23:57:00.531 I/[Gralloc]( 3095): framebuffer hal alread move to hwcomposer
12-18 23:57:00.540 I/[Gralloc]( 3095): framebuffer hal alread move to hwcomposer
12-18 23:57:00.540 I/chatty  ( 4119): uid=10005(com.iwedia.ui.rjio.launcher.reliance) RenderThread expire 12 lines
12-18 23:57:00.545 V/MesonHwc( 3096): No layers to compose, exit.
12-18 23:57:00.549 I/[Gralloc]( 3095): framebuffer hal alread move to hwcomposer
12-18 23:57:00.554 I/chatty  ( 4009): uid=1000(system) Thread-2 expire 186 lines
12-18 23:57:00.559 I/chatty  ( 3332): uid=1000(system) android.bg expire 2 lines
12-18 23:57:00.565 V/MesonHwc( 3096): No layers to compose, exit.
12-18 23:57:00.581 I/FirebaseCrashlytics( 4186): Initializing Crashlytics 17.3.0
12-18 23:57:00.597 I/FA      ( 4186): App measurement initialized, version: 33025
12-18 23:57:00.597 I/FA      ( 4186): To enable debug logging run: adb shell setprop log.tag.FA VERBOSE
12-18 23:57:00.598 I/FA      ( 4186): To enable faster debug mode event logging run:
12-18 23:57:00.598 I/FA      ( 4186):   adb shell setprop debug.firebase.analytics.app com.jio.jiocall
12-18 23:57:00.618 D/DrmHal  ( 3188): found drm@1.0 IDrmFactory clearkey
12-18 23:57:00.623 D/DrmHal  ( 3188): found drm@1.0 IDrmFactory default
12-18 23:57:00.626 D/DrmHal  ( 3188): found drm@1.0 IDrmFactory widevine
12-18 23:57:00.629 D/DrmHal  ( 3188): found drm@1.1 IDrmFactory clearkey
12-18 23:57:00.631 D/DrmHal  ( 3188): found drm@1.1 IDrmFactory widevine
12-18 23:57:00.631 I/FirebaseInitProvider( 4186): FirebaseApp initialization successful
12-18 23:57:00.632 W/YoutubePlugin( 3090): isCryptoSchemeSupported, false
12-18 23:57:00.634 D/WVCdm   ( 3092): Instantiating CDM.
12-18 23:57:00.635 I/JTCLOG  ( 4186): App -> onCreate callback
12-18 23:57:00.647 I/ActivityManager( 3332): Start proc 4348:com.android.printspooler/u0a47 for service com.android.printspooler/.model.PrintSpoolerService
12-18 23:57:00.659 W/id.printspoole( 4348): Using default instruction set features for ARM CPU variant (cortex-a9) using conservative defaults
12-18 23:57:00.672 I/ActivityManager( 3332): Start proc 4359:android.process.acore/u0a1 for content provider com.android.providers.contacts/.ContactsProvider2
12-18 23:57:00.673 I/JTCLOG  ( 4186): InitState
12-18 23:57:00.676 D/libcrashlytics( 4186): Initializing libcrashlytics version 3.0.0
12-18 23:57:00.677 W/d.process.acor( 4359): Using default instruction set features for ARM CPU variant (cortex-a9) using conservative defaults
12-18 23:57:00.680 D/libcrashlytics( 4186): Initializing native crash handling successful.
12-18 23:57:00.680 I/FirebaseCrashlytics( 4186): Crashlytics NDK initialization successful
12-18 23:57:00.684 I/chatty  ( 4119): uid=10005(com.iwedia.ui.rjio.launcher.reliance) Thread-23 expire 12 lines
12-18 23:57:00.687 I/chatty  ( 4119): uid=10005(com.iwedia.ui.rjio.launcher.reliance) Thread-22 expire 12 lines
12-18 23:57:00.689 V/SettingsProvider( 3332): Notifying for 0: content://settings/secure/jio_key_block
12-18 23:57:00.691 W/io.adc.embedde( 4039): Long monitor contention with owner LR-HT-NT (4160) at boolean com.jio.adc.core..(java.lang.String)(:-1) waiters=4 in boolean com.jio.adc.core..(java.lang.String) for 700ms
12-18 23:57:00.693 W/io.adc.embedde( 4039): Long monitor contention with owner LR-HT-BC (4151) at boolean com.jio.adc.core..(java.lang.String)(:-1) waiters=4 in boolean com.jio.adc.core..(java.lang.String) for 644ms
12-18 23:57:00.698 I/JTCLOG  ( 4186): App -> All required files Exists
12-18 23:57:00.717 E/WindowManager( 3332): App trying to use insecure INPUT_FEATURE_NO_INPUT_CHANNEL flag. Ignoring
12-18 23:57:00.728 I/[Gralloc]( 3095): framebuffer hal alread move to hwcomposer
12-18 23:57:00.728 V/MesonHwc( 3096): No layers to compose, exit.
12-18 23:57:00.736 W/GooglePlayServicesUtil( 4186): Google Play Store is missing.
12-18 23:57:00.737 W/FA      ( 4186): Service invalid
12-18 23:57:00.745 V/MesonHwc( 3096): No layers to compose, exit.
12-18 23:57:00.764 I/chatty  ( 4119): uid=10005(com.iwedia.ui.rjio.launcher.reliance) Binder:4119_4 expire 14 lines
12-18 23:57:00.801 I/chatty  ( 3332): uid=1000 system_server expire 1 line
12-18 23:57:00.812 V/MesonHwc( 3096): No layers to compose, exit.
12-18 23:57:00.814 I/ActivityManager( 3332): Start proc 4391:com.bluebank.iotupdate/1000 for broadcast com.bluebank.iotupdate/.BootBroadcastReceiver
12-18 23:57:00.817 E/BootReceiver( 3332): Can't log boot events
12-18 23:57:00.817 E/BootReceiver( 3332): java.io.FileNotFoundException: /sys/fs/pstore/console-ramoops-0 (Operation not permitted)
12-18 23:57:00.817 E/BootReceiver( 3332): 	at java.io.FileInputStream.open0(Native Method)
12-18 23:57:00.817 E/BootReceiver( 3332): 	at java.io.FileInputStream.open(FileInputStream.java:231)
12-18 23:57:00.817 E/BootReceiver( 3332): 	at java.io.FileInputStream.<init>(FileInputStream.java:165)
12-18 23:57:00.817 E/BootReceiver( 3332): 	at android.os.FileUtils.readTextFile(FileUtils.java:514)
12-18 23:57:00.817 E/BootReceiver( 3332): 	at com.android.server.BootReceiver.addFileWithFootersToDropBox(BootReceiver.java:304)
12-18 23:57:00.817 E/BootReceiver( 3332): 	at com.android.server.BootReceiver.logBootEvents(BootReceiver.java:231)
12-18 23:57:00.817 E/BootReceiver( 3332): 	at com.android.server.BootReceiver.access$000(BootReceiver.java:66)
12-18 23:57:00.817 E/BootReceiver( 3332): 	at com.android.server.BootReceiver$1.run(BootReceiver.java:127)
12-18 23:57:00.828 V/MesonHwc( 3096): No layers to compose, exit.
12-18 23:57:00.829 W/ebank.iotupdat( 4391): Using default instruction set features for ARM CPU variant (cortex-a9) using conservative defaults
12-18 23:57:00.839 I/chatty  ( 4119): uid=10005(com.iwedia.ui.rjio.launcher.reliance) WorkManager-Wor expire 1 line
12-18 23:57:00.845 V/MesonHwc( 3096): No layers to compose, exit.
12-18 23:57:00.862 V/MesonHwc( 3096): No layers to compose, exit.
12-18 23:57:00.863 D/DrmHal  ( 3188): found drm@1.0 IDrmFactory clearkey
12-18 23:57:00.865 D/DrmHal  ( 3188): found drm@1.0 IDrmFactory default
12-18 23:57:00.871 D/DrmHal  ( 3188): found drm@1.0 IDrmFactory widevine
12-18 23:57:00.874 D/DrmHal  ( 3188): found drm@1.1 IDrmFactory clearkey
12-18 23:57:00.878 V/MesonHwc( 3096): No layers to compose, exit.
12-18 23:57:00.879 D/DrmHal  ( 3188): found drm@1.1 IDrmFactory widevine
12-18 23:57:00.880 W/YoutubePlugin( 3090): isCryptoSchemeSupported, false
12-18 23:57:00.884 I/ContactsPerf( 4359): VoicemailContentProvider.onCreate start
12-18 23:57:00.906 I/ContactsPerf( 4359): VoicemailContentProvider.onCreate finish
12-18 23:57:00.909 V/NewAvrcpMediaPlayerList( 3468): onActiveSessionsChanged: number of controllers: 0
12-18 23:57:00.910 I/Avrcp   ( 3468): Skipping update due to invalid playback state
12-18 23:57:00.942 V/ActivityManager( 3332): Attempted to start a foreground service (ComponentInfo{com.iwedia.ui.rjio.launcher.reliance/com.iwedia.ui.rjio.launcher.reliance.preroll.service.MediaService}) with a broken notification (no icon: Notification(channel=PlaylistCoreMediaNotificationChannel pri=0 contentView=null vibrate=null sound=null defaults=0x0 flags=0x50 color=0x00000000 category=transport actions=3 vis=PUBLIC))
12-18 23:57:00.961 E/JavaBinder( 4263): *** Uncaught remote exception!  (Exceptions are not yet supported across processes.)
12-18 23:57:00.961 E/JavaBinder( 4263): java.lang.IndexOutOfBoundsException: Index: 0, Size: 0
12-18 23:57:00.961 E/JavaBinder( 4263): 	at java.util.ArrayList.get(ArrayList.java:437)
12-18 23:57:00.961 E/JavaBinder( 4263): 	at com.media.jio.sso.stb.activity.MediaLoginActivity$a.a(Unknown Source:16)
12-18 23:57:00.961 E/JavaBinder( 4263): 	at com.media.jio.sso.stb.services.AIDLServer$a$a$a.i(Unknown Source:46)
12-18 23:57:00.961 E/JavaBinder( 4263): 	at g.r.j.a.a.g(Unknown Source:8)
12-18 23:57:00.961 E/JavaBinder( 4263): 	at h.a.k0.run(Unknown Source:93)
12-18 23:57:00.961 E/JavaBinder( 4263): 	at h.a.u1.b.K(Unknown Source:0)
12-18 23:57:00.961 E/JavaBinder( 4263): 	at h.a.u1.b$a.c(Unknown Source:14)
12-18 23:57:00.961 E/JavaBinder( 4263): 	at h.a.u1.b$a.m(Unknown Source:28)
12-18 23:57:00.961 E/JavaBinder( 4263): 	at h.a.u1.b$a.run(Unknown Source:0)
12-18 23:57:00.962 I/chatty  ( 4119): uid=10005(com.iwedia.ui.rjio.launcher.reliance) DefaultDispatch expire 44 lines
12-18 23:57:00.967 V/NewAvrcpMediaPlayerList( 3468): onActiveSessionsChanged: number of controllers: 1
12-18 23:57:00.971 E/yzl:    ( 4391): BootBroadcastReceiver ------- onReceive()
12-18 23:57:00.971 E/yzl:    ( 4391): intent.getAction =======android.intent.action.BOOT_COMPLETED
12-18 23:57:00.972 W/ContextImpl( 4391): Calling a method in the system process without a qualified user: android.app.ContextImpl.startService:1531 android.content.ContextWrapper.startService:664 android.content.ContextWrapper.startService:664 com.bluebank.iotupdate.BootBroadcastReceiver.onReceive:16 android.app.ActivityThread.handleReceiver:3379 
12-18 23:57:00.972 I/ActivityManager( 3332): Start proc 4430:com.android.keychain/1000 for service com.android.keychain/.KeyChainService
12-18 23:57:00.972 D/NewAvrcpMediaPlayerList( 3468): onActiveSessionsChanged: controller: com.iwedia.ui.rjio.launcher.reliance
12-18 23:57:00.979 I/BootComplete( 3528): action: android.intent.action.BOOT_COMPLETED
12-18 23:57:00.982 D/yzl_UpdateService:( 4391): onCreate!
12-18 23:57:00.987 E/bt_btif ( 3468): register_notification_rsp: Avrcp device is not connected, handle: 0x0
12-18 23:57:00.988 I/chatty  ( 3468): uid=1002(bluetooth) BluetoothAvrcpH identical 12 lines
12-18 23:57:00.988 E/bt_btif ( 3468): register_notification_rsp: Avrcp device is not connected, handle: 0x0
12-18 23:57:00.990 I/chatty  ( 3332): uid=1000(system) Binder:3332_5 expire 2 lines
12-18 23:57:00.994 E/JavaBinder( 4263): *** Uncaught remote exception!  (Exceptions are not yet supported across processes.)
12-18 23:57:00.994 E/JavaBinder( 4263): java.lang.IndexOutOfBoundsException: Index: 0, Size: 0
12-18 23:57:00.994 E/JavaBinder( 4263): 	at java.util.ArrayList.get(ArrayList.java:437)
12-18 23:57:00.994 E/JavaBinder( 4263): 	at com.media.jio.sso.stb.activity.MediaLoginActivity$a.a(Unknown Source:16)
12-18 23:57:00.994 E/JavaBinder( 4263): 	at com.media.jio.sso.stb.services.AIDLServer$a$a$a.i(Unknown Source:46)
12-18 23:57:00.994 E/JavaBinder( 4263): 	at g.r.j.a.a.g(Unknown Source:8)
12-18 23:57:00.994 E/JavaBinder( 4263): 	at h.a.k0.run(Unknown Source:93)
12-18 23:57:00.994 E/JavaBinder( 4263): 	at h.a.u1.b.K(Unknown Source:0)
12-18 23:57:00.994 E/JavaBinder( 4263): 	at h.a.u1.b$a.c(Unknown Source:14)
12-18 23:57:00.994 E/JavaBinder( 4263): 	at h.a.u1.b$a.m(Unknown Source:28)
12-18 23:57:00.994 E/JavaBinder( 4263): 	at h.a.u1.b$a.run(Unknown Source:0)
12-18 23:57:00.999 I/NewAvrcpMediaPlayerList( 3468): Adding wrapped media player: com.iwedia.ui.rjio.launcher.reliance at key: 1
12-18 23:57:01.009 D/yzl_UpdateService:( 4391): onStartCommand!
12-18 23:57:01.012 V/MesonHwc( 3096): No layers to compose, exit.
12-18 23:57:01.012 I/chatty  ( 4119): uid=10005(com.iwedia.ui.rjio.launcher.reliance) expire 52 lines
12-18 23:57:01.013 D/yzl_UpdateService:( 4391): START_IOT_UPDATE! iot_update 60s sleep
12-18 23:57:01.013 D/yzl_UpdateService:( 4391): automatic_dial_up_setting start! bool = false
12-18 23:57:01.015 I/[Gralloc]( 3095): framebuffer hal alread move to hwcomposer
12-18 23:57:01.028 V/MesonHwc( 3096): No layers to compose, exit.
12-18 23:57:01.030 W/ndroid.keychai( 4430): Using default instruction set features for ARM CPU variant (cortex-a9) using conservative defaults
12-18 23:57:01.037 I/[Gralloc]( 3095): framebuffer hal alread move to hwcomposer
12-18 23:57:01.045 V/MesonHwc( 3096): No layers to compose, exit.
12-18 23:57:01.093 I/ActivityManager( 3332): Start proc 4454:com.reverie.swalekh.abctv/u0a7 for service com.reverie.swalekh.abctv/com.reverie.swalekh.tv.SoftKeyboard
12-18 23:57:01.106 I/[Gralloc]( 3095): framebuffer hal alread move to hwcomposer
12-18 23:57:01.126 D/ContactsDatabaseHelper( 4359): WAL enabled for contacts2.db: true
12-18 23:57:01.135 I/[Gralloc]( 3095): framebuffer hal alread move to hwcomposer
12-18 23:57:01.144 W/e.swalekh.abct( 4454): Using default instruction set features for ARM CPU variant (cortex-a9) using conservative defaults
12-18 23:57:01.190 I/chatty  ( 3111): uid=1000(system) Binder:3111_5 expire 8 lines
12-18 23:57:01.206 I/android_os_HwBinder( 3528): HwBinder: Starting thread pool for default::android.hidl.manager@1.0::IServiceManager
12-18 23:57:01.213 I/SysControlManager( 3528): system control service started vendor.amlogic.hardware.systemcontrol@1.0::ISystemControl default
12-18 23:57:01.218 I/chatty  ( 4119): uid=10005(com.iwedia.ui.rjio.launcher.reliance) expire 6 lines
12-18 23:57:01.222 I/android_os_HwBinder( 3528): HwBinder: Starting thread pool for default::vendor.amlogic.hardware.systemcontrol@1.1::ISystemControl
12-18 23:57:01.246 I/ContactLocale( 4359): AddressBook Labels [[en_IN]]: [, A, B, C, D, E, F, G, H, I, J, K, L, M, N, O, P, Q, R, S, T, U, V, W, X, Y, Z, , , , , , , , , , , , , , , , , , , , , , , , , , , , , , , , , , , , , , , , , , , , , , , , , , , , , , , , , , , , , , , , , , , , , , , , , , , , , , , , , , , , , , , , , , , , , , , , , , , , , , , , , , , , , , , , , , , , , , , , , , , , , , , , , , , , , , , , , , , , , , , , , , , , , , , , , , , , , , , , , , , , , , , , , , , , , , , , , , , , , , , , , , , #, ]
12-18 23:57:01.264 I/SystemControlHal( 3083): setCallback cookie:0, client size:1
12-18 23:57:01.270 V/SettingsProvider( 3332): Notifying for 0: content://settings/global/narrow_band_on
12-18 23:57:01.277 D/BootComplete( 3528): setWireDeviceConnectionState public void android.media.AudioManager.setWiredDeviceConnectionState(int,int,java.lang.String,java.lang.String)
12-18 23:57:01.278 D/yzl_UpdateService:( 4391): result === com.bluebank.iotupdate.ShellUtils$CommandResult@c3e3bf7
12-18 23:57:01.281 D/audio_hw_primary( 3085): adev_set_parameters(0xa4503f40, connect=1024)
12-18 23:57:01.281 I/audio_hw_primary( 3085): adev_set_parameters(kv: connect=1024)
12-18 23:57:01.281 I/audio_hw_primary( 3085): adev_set_parameters,bHDMIConnected: 1024
12-18 23:57:01.282 I/AudioFlinger( 3109): openOutput() this 0xa47bc000, module 10 Device 0x400, SamplingRate 0, Format 00000000, Channels 0, flags 0x41
12-18 23:57:01.282 D/audio_hw_primary( 3085): adev_open_output_stream_new: enter
12-18 23:57:01.282 D/audio_hw_primary( 3085): adev_open_output_stream: enter: devices(0x400) channel_mask(0) rate(0) format(0) flags(0x41)
12-18 23:57:01.282 I/audio_hw_primary( 3085): adev_open_output_stream: for raw audio output,force alsa stereo output
12-18 23:57:01.282 I/audio_hwsync( 3085): aml_audio_hwsync_init open tsync fd 14
12-18 23:57:01.282 I/audio_hwsync( 3085): aml_audio_hwsync_init done
12-18 23:57:01.282 D/audio_hw_primary( 3085): adev_open_output_stream: exit
12-18 23:57:01.282 D/audio_hw_profile( 3085): get_hdmi_sink_cap is running...
12-18 23:57:01.282 D/audio_hw_profile( 3085): query hdmi format...
12-18 23:57:01.283 I/audio_hw_primary( 3085): get_sink_capability mbox+dvb case sink_capability =  150994944
12-18 23:57:01.283 I/audio_hw_primary( 3085): !!!get_sink_format() Sink devices 0 Source format 0x9000000 digital_format(hdmi_format) 0 Sink Capability 0x9000000
12-18 23:57:01.283 I/audio_hw_primary( 3085): get_sink_format() HDMI ARC or mbox + dvb case
12-18 23:57:01.283 I/audio_hw_primary( 3085): get_sink_format sink_format 0x1 optical_format 0x1, dual_output 0
12-18 23:57:01.283 I/audio_hw_primary( 3085): adev_open_output_stream_new(), direct usecase: STREAM_RAW_HWSYNC
12-18 23:57:01.283 D/audio_hw_primary( 3085): -adev_open_output_stream_new: out 0xa451f500: usecase = STREAM_RAW_HWSYNC card = 0 devices = 0
12-18 23:57:01.283 I/SystemControl( 3083): write /sys/class/audiodsp/dts_dec_control, val:0x00 end
12-18 23:57:01.286 I/UsbCameraManager( 3528): number of camera: 0
12-18 23:57:01.286 I/UsbCameraManager( 3528): bootReady disable all camera activities
12-18 23:57:01.286 I/audio_hw_primary( 3085): out_get_buffer_size(out->config.rate=48000, format 9000000,stream format 9000000)
12-18 23:57:01.286 I/AudioFlinger( 3109): HAL output buffer size 512 frames, normal sink buffer size 512 frames
12-18 23:57:01.288 W/UsbCameraManager( 3528): Unable disable component: ComponentInfo{com.android.camera2/com.android.camera.CameraLauncher}
12-18 23:57:01.288 W/UsbCameraManager( 3528): java.lang.IllegalArgumentException: Unknown component: com.android.camera2/com.android.camera.CameraLauncher
12-18 23:57:01.288 W/UsbCameraManager( 3528): 	at android.os.Parcel.createException(Parcel.java:1954)
12-18 23:57:01.288 W/UsbCameraManager( 3528): 	at android.os.Parcel.readException(Parcel.java:1918)
12-18 23:57:01.288 W/UsbCameraManager( 3528): 	at android.os.Parcel.readException(Parcel.java:1868)
12-18 23:57:01.288 W/UsbCameraManager( 3528): 	at android.content.pm.IPackageManager$Stub$Proxy.setComponentEnabledSetting(IPackageManager.java:4892)
12-18 23:57:01.288 W/UsbCameraManager( 3528): 	at android.app.ApplicationPackageManager.setComponentEnabledSetting(ApplicationPackageManager.java:2319)
12-18 23:57:01.288 W/UsbCameraManager( 3528): 	at com.droidlogic.app.UsbCameraManager.disableComponent(UsbCameraManager.java:125)
12-18 23:57:01.288 W/UsbCameraManager( 3528): 	at com.droidlogic.app.UsbCameraManager.bootReady(UsbCameraManager.java:86)
12-18 23:57:01.288 W/UsbCameraManager( 3528): 	at com.droidlogic.BootComplete.onReceive(BootComplete.java:94)
12-18 23:57:01.288 W/UsbCameraManager( 3528): 	at android.app.ActivityThread.handleReceiver(ActivityThread.java:3379)
12-18 23:57:01.288 W/UsbCameraManager( 3528): 	at android.app.ActivityThread.access$1200(ActivityThread.java:199)
12-18 23:57:01.288 W/UsbCameraManager( 3528): 	at android.app.ActivityThread$H.handleMessage(ActivityThread.java:1661)
12-18 23:57:01.288 W/UsbCameraManager( 3528): 	at android.os.Handler.dispatchMessage(Handler.java:106)
12-18 23:57:01.288 W/UsbCameraManager( 3528): 	at android.os.Looper.loop(Looper.java:193)
12-18 23:57:01.288 W/UsbCameraManager( 3528): 	at android.app.ActivityThread.main(ActivityThread.java:6669)
12-18 23:57:01.288 W/UsbCameraManager( 3528): 	at java.lang.reflect.Method.invoke(Native Method)
12-18 23:57:01.288 W/UsbCameraManager( 3528): 	at com.android.internal.os.RuntimeInit$MethodAndArgsCaller.run(RuntimeInit.java:493)
12-18 23:57:01.288 W/UsbCameraManager( 3528): 	at com.android.internal.os.ZygoteInit.main(ZygoteInit.java:858)
12-18 23:57:01.288 I/audio_hw_primary( 3085): out_get_parameters sup_formats,out 0xa451f500
12-18 23:57:01.288 D/audio_hw_profile( 3085): get_hdmi_sink_cap is running...
12-18 23:57:01.288 D/audio_hw_profile( 3085): query hdmi format...
12-18 23:57:01.289 I/audio_hw_primary( 3085): sup_formats=AUDIO_FORMAT_PCM_16_BIT|AUDIO_FORMAT_AC3|AUDIO_FORMAT_DTS
12-18 23:57:01.289 D/APM_AudioPolicyManager( 3109): filterSurroundFormats: forced use = 0
12-18 23:57:01.289 I/audio_hw_primary( 3085): out_get_parameters format=1;sup_sampling_rates,out 0xa451f500
12-18 23:57:01.290 D/audio_hw_profile( 3085): get_hdmi_sink_cap is running...
12-18 23:57:01.290 D/audio_hw_profile( 3085): query hdmi sample_rate...
12-18 23:57:01.290 I/audio_hw_primary( 3085): sup_sampling_rates=32000|44100|48000
12-18 23:57:01.291 I/OMXMaster( 3203): makeComponentInstance(OMX.google.aac.decoder) in omx@1.0-service process
12-18 23:57:01.291 I/AudioFlinger( 3109): AudioFlinger's thread 0xa47db000 tid=4486 ready to run
12-18 23:57:01.295 I/audio_hw_primary( 3085): out_get_parameters format=1;sup_channels,out 0xa451f500
12-18 23:57:01.295 D/audio_hw_profile( 3085): get_hdmi_sink_cap is running...
12-18 23:57:01.296 D/audio_hw_profile( 3085): query hdmi channels...
12-18 23:57:01.296 I/audio_hw_primary( 3085): sup_channels=AUDIO_CHANNEL_OUT_STEREO
12-18 23:57:01.297 I/audio_hw_primary( 3085): out_standby_direct(0xa451f500),out 0xa451f500
12-18 23:57:01.298 I/audio_hw_primary( 3085): aml_tinymix_set_spdif_format tinymix AML_MIXER_ID_SPDIF_FORMAT 0,spdif mute 0
12-18 23:57:01.301 I/audio_hw_primary( 3085): out_get_parameters format=150994944;sup_sampling_rates,out 0xa451f500
12-18 23:57:01.301 D/audio_hw_profile( 3085): get_hdmi_sink_cap is running...
12-18 23:57:01.301 D/audio_hw_profile( 3085): query hdmi sample_rate...
12-18 23:57:01.301 I/audio_hw_primary( 3085): sup_sampling_rates=32000|44100|48000
12-18 23:57:01.304 I/audio_hw_primary( 3085): out_get_parameters format=150994944;sup_channels,out 0xa451f500
12-18 23:57:01.304 D/audio_hw_profile( 3085): get_hdmi_sink_cap is running...
12-18 23:57:01.305 D/audio_hw_profile( 3085): query hdmi channels...
12-18 23:57:01.305 I/audio_hw_primary( 3085): sup_channels=AUDIO_CHANNEL_OUT_STEREO|AUDIO_CHANNEL_OUT_PENTA|AUDIO_CHANNEL_OUT_5POINT1
12-18 23:57:01.308 I/audio_hw_primary( 3085): out_get_parameters format=184549376;sup_sampling_rates,out 0xa451f500
12-18 23:57:01.308 D/audio_hw_profile( 3085): get_hdmi_sink_cap is running...
12-18 23:57:01.308 D/audio_hw_profile( 3085): query hdmi sample_rate...
12-18 23:57:01.308 E/SystemControl( 3083): writeSysFs, open /sys/class/tv/policy_fr_auto fail.
12-18 23:57:01.308 I/SystemControl( 3083): write /sys/class/tv/policy_fr_auto, val:0 end
12-18 23:57:01.309 I/audio_hw_primary( 3085): sup_sampling_rates=32000|44100|48000
12-18 23:57:01.309 I/audio_hw_primary( 3085): out_get_parameters format=184549376;sup_channels,out 0xa451f500
12-18 23:57:01.309 D/audio_hw_profile( 3085): get_hdmi_sink_cap is running...
12-18 23:57:01.309 D/audio_hw_profile( 3085): query hdmi channels...
12-18 23:57:01.309 I/audio_hw_primary( 3085): sup_channels=AUDIO_CHANNEL_OUT_STEREO
12-18 23:57:01.312 I/audio_hw_primary( 3085): out_get_parameters format=218103808;sup_sampling_rates,out 0xa451f500
12-18 23:57:01.312 D/audio_hw_profile( 3085): get_hdmi_sink_cap is running...
12-18 23:57:01.312 D/audio_hw_profile( 3085): query hdmi sample_rate...
12-18 23:57:01.312 I/audio_hw_primary( 3085): sup_sampling_rates=32000|44100|48000
12-18 23:57:01.313 I/audio_hw_primary( 3085): out_get_parameters format=218103808;sup_channels,out 0xa451f500
12-18 23:57:01.313 D/audio_hw_profile( 3085): get_hdmi_sink_cap is running...
12-18 23:57:01.313 D/audio_hw_profile( 3085): query hdmi channels...
12-18 23:57:01.313 I/audio_hw_primary( 3085): sup_channels=AUDIO_CHANNEL_OUT_STEREO
12-18 23:57:01.314 D/audio_hw_primary( 3085): out_set_parameters(kvpairs(closing=true), out_device=0x2)
12-18 23:57:01.315 D/audio_hw_primary( 3085): out_set_parameters(kvpairs(exiting=1), out_device=0x2)
12-18 23:57:01.315 E/audio_hw_primary( 3085): Amlogic_HAL - out_set_parameters: parameter is NULL, change ret value to 0 in order to pass VTS test.
12-18 23:57:01.318 D/audio_hw_primary( 3085): adev_close_output_stream_new: enter usecase = STREAM_RAW_HWSYNC
12-18 23:57:01.318 D/audio_hw_primary( 3085): adev_close_output_stream: enter: dev(0xa4503f40) stream(0xa451f500)
12-18 23:57:01.318 D/audio_hw_primary( 3085): out_standby_new: enter
12-18 23:57:01.318 I/audio_hw_primary( 3085): do_output_standby_l(0xa451f500), stream usecase: STREAM_RAW_HWSYNC continuous_audio_mode 0,status 0
12-18 23:57:01.318 I/audio_hw_primary( 3085): ++usecase_change_validate_l(), dev usecase masks = 0, is_standby = 1, out usecase STREAM_RAW_HWSYNC
12-18 23:57:01.318 I/audio_hw_primary( 3085): enable rawtopcm_flag !!!
12-18 23:57:01.318 I/audio_hw_primary( 3085): --usecase_change_validate_l(), dev usecase masks = 0, is_standby = 1, out usecase STREAM_RAW_HWSYNC
12-18 23:57:01.318 I/AudioFlinger( 3109): openOutput() this 0xa47bc000, module 10 Device 0x400, SamplingRate 32000, Format 0x9000000, Channels 0x3, flags 0x41
12-18 23:57:01.318 I/audio_hw_primary( 3085): do_output_standby_l current usecase_masks 0
12-18 23:57:01.318 D/audio_hw_primary( 3085): out_standby_new: exit
12-18 23:57:01.318 I/audio_hwsync( 3085): aml_audio_hwsync_release done
12-18 23:57:01.318 D/audio_hw_primary( 3085): adev_close_output_stream: exit
12-18 23:57:01.318 D/audio_hw_primary( 3085): adev_close_output_stream_new: exit
12-18 23:57:01.318 D/audio_hw_primary( 3085): adev_open_output_stream_new: enter
12-18 23:57:01.318 D/audio_hw_primary( 3085): adev_open_output_stream: enter: devices(0x400) channel_mask(0x3) rate(32000) format(0x9000000) flags(0x41)
12-18 23:57:01.318 I/audio_hw_primary( 3085): adev_open_output_stream: for raw audio output,force alsa stereo output
12-18 23:57:01.318 I/audio_hwsync( 3085): aml_audio_hwsync_init open tsync fd 14
12-18 23:57:01.318 I/audio_hwsync( 3085): aml_audio_hwsync_init done
12-18 23:57:01.318 D/audio_hw_primary( 3085): adev_open_output_stream: exit
12-18 23:57:01.318 D/audio_hw_profile( 3085): get_hdmi_sink_cap is running...
12-18 23:57:01.319 D/audio_hw_profile( 3085): query hdmi format...
12-18 23:57:01.319 I/audio_hw_primary( 3085): get_sink_capability mbox+dvb case sink_capability =  150994944
12-18 23:57:01.319 I/audio_hw_primary( 3085): !!!get_sink_format() Sink devices 0 Source format 0x9000000 digital_format(hdmi_format) 0 Sink Capability 0x9000000
12-18 23:57:01.319 I/audio_hw_primary( 3085): get_sink_format() HDMI ARC or mbox + dvb case
12-18 23:57:01.319 I/audio_hw_primary( 3085): get_sink_format sink_format 0x1 optical_format 0x1, dual_output 0
12-18 23:57:01.319 I/audio_hw_primary( 3085): adev_open_output_stream_new(), direct usecase: STREAM_RAW_HWSYNC
12-18 23:57:01.319 D/audio_hw_primary( 3085): -adev_open_output_stream_new: out 0xa451f500: usecase = STREAM_RAW_HWSYNC card = 0 devices = 0
12-18 23:57:01.322 D/ContactsDatabaseHelper( 4359): WAL enabled for profile.db: false
12-18 23:57:01.322 E/OMXNodeInstance( 3203): setConfig(0xacf9cba0:google.aac.decoder, ConfigPriority(0x6f800002)) ERROR: Undefined(0x80001001)
12-18 23:57:01.322 E/OMXNodeInstance( 3203): setConfig(0xacf9cba0:google.aac.decoder, ConfigOperatingRate(0x6f800003)) ERROR: Undefined(0x80001001)
12-18 23:57:01.323 E/OMXNodeInstance( 3203): getConfig(0xacf9cba0:google.aac.decoder, ConfigAndroidVendorExtension(0x6f100004)) ERROR: Undefined(0x80001001)
12-18 23:57:01.327 D/HdmiCecExtend( 3528): getCecVendorId, ret = -1
12-18 23:57:01.329 W/AshmemAllocator( 3084): ashmem_create_region(8192) returning hidl_memory(0xace16170, 8192)
12-18 23:57:01.329 I/audio_hw_primary( 3085): out_get_buffer_size(out->config.rate=32000, format 9000000,stream format 9000000)
12-18 23:57:01.329 I/AudioFlinger( 3109): HAL output buffer size 512 frames, normal sink buffer size 512 frames
12-18 23:57:01.330 I/hdmicecd( 3081): isConnected portId: 0
12-18 23:57:01.330 D/hdmicecd( 3081): [hcc] isConnected, port:0, connected:yes
12-18 23:57:01.330 D/HdmiCecExtend( 3528): HdmiHotplugEvent, connected:true
12-18 23:57:01.333 I/android_os_HwBinder( 3528): HwBinder: Starting thread pool for default::vendor.amlogic.hardware.hdmicec@1.0::IDroidHdmiCEC
12-18 23:57:01.336 I/hdmicecd( 3081): setCallback this type:EXTEND, client size:2
12-18 23:57:01.336 W/AshmemAllocator( 3084): ashmem_create_region(8192) returning hidl_memory(0xace16170, 8192)
12-18 23:57:01.336 D/HdmiCecExtend( 3528): connect to hdmicecd service success.
12-18 23:57:01.337 D/HdmiCecExtend( 3528): getCecPhysicalAddress = 0
12-18 23:57:01.337 I/AudioFlinger( 3109): AudioFlinger's thread 0xa47db000 tid=4494 ready to run
12-18 23:57:01.337 W/ContextImpl( 3528): Calling a method in the system process without a qualified user: android.app.ContextImpl.startService:1531 android.content.ContextWrapper.startService:664 android.content.ContextWrapper.startService:664 com.droidlogic.BootComplete.onReceive:107 android.app.ActivityThread.handleReceiver:3379 
12-18 23:57:01.338 W/AshmemAllocator( 3084): ashmem_create_region(8192) returning hidl_memory(0xace16170, 8192)
12-18 23:57:01.338 I/audio_hw_primary( 3085): out_standby_direct(0xa451f500),out 0xa451f500
12-18 23:57:01.339 I/audio_hw_primary( 3085): aml_tinymix_set_spdif_format tinymix AML_MIXER_ID_SPDIF_FORMAT 0,spdif mute 0
12-18 23:57:01.339 W/AshmemAllocator( 3084): ashmem_create_region(8192) returning hidl_memory(0xace16170, 8192)
12-18 23:57:01.343 W/AshmemAllocator( 3084): ashmem_create_region(32768) returning hidl_memory(0xace16170, 32768)
12-18 23:57:01.344 I/AudioFlinger( 3109): openOutput() this 0xa47bc000, module 10 Device 0x400, SamplingRate 32000, Format 0x000001, Channels 0x3, flags 0x41
12-18 23:57:01.345 D/audio_hw_primary( 3085): adev_open_output_stream_new: enter
12-18 23:57:01.345 D/audio_hw_primary( 3085): adev_open_output_stream: enter: devices(0x400) channel_mask(0x3) rate(32000) format(0x1) flags(0x41)
12-18 23:57:01.345 I/audio_hwsync( 3085): aml_audio_hwsync_init open tsync fd 15
12-18 23:57:01.345 I/audio_hwsync( 3085): aml_audio_hwsync_init done
12-18 23:57:01.345 D/audio_hw_primary( 3085): adev_open_output_stream: exit
12-18 23:57:01.345 D/audio_hw_profile( 3085): get_hdmi_sink_cap is running...
12-18 23:57:01.345 D/audio_hw_profile( 3085): query hdmi format...
12-18 23:57:01.345 I/audio_hw_primary( 3085): get_sink_capability mbox+dvb case sink_capability =  150994944
12-18 23:57:01.345 I/audio_hw_primary( 3085): !!!get_sink_format() Sink devices 0 Source format 0x1 digital_format(hdmi_format) 0 Sink Capability 0x9000000
12-18 23:57:01.345 I/audio_hw_primary( 3085): get_sink_format() HDMI ARC or mbox + dvb case
12-18 23:57:01.345 I/audio_hw_primary( 3085): get_sink_format sink_format 0x1 optical_format 0x1, dual_output 0
12-18 23:57:01.345 I/audio-subMixingFactory( 3085): ++initSubMixingInput()
12-18 23:57:01.345 I/audio-subMixingFactory( 3085): ++initSubMixingInputPcm(), out 0xa451f780, flags 0x41, hwsync lpcm 1, out format 0x1
12-18 23:57:01.346 I/audio-subMixingFactory( 3085): initSubMixingInputPcm(), lpcm case
12-18 23:57:01.346 D/audio_hw_primary( 3085): -adev_open_output_stream_new: out 0xa451f780: usecase = STREAM_PCM_HWSYNC card = 0 devices = 0
12-18 23:57:01.347 W/ContextImpl( 3528): Calling a method in the system process without a qualified user: android.app.ContextImpl.startService:1531 android.content.ContextWrapper.startService:664 android.content.ContextWrapper.startService:664 com.droidlogic.BootComplete.onReceive:110 android.app.ActivityThread.handleReceiver:3379 
12-18 23:57:01.350 W/ContextImpl( 3528): Calling a method in the system process without a qualified user: android.app.ContextImpl.startService:1531 android.content.ContextWrapper.startService:664 android.content.ContextWrapper.startService:664 com.droidlogic.BootComplete.onReceive:113 android.app.ActivityThread.handleReceiver:3379 
12-18 23:57:01.350 I/audio_hw_primary( 3085): out_get_buffer_size(out->config.rate=32000, format 1,stream format 1)
12-18 23:57:01.350 I/AudioFlinger( 3109): HAL output buffer size 1024 frames, normal sink buffer size 1024 frames
12-18 23:57:01.352 I/amlaudioMixer( 3085): underrun will happen avail frames=4, insert some zero data
12-18 23:57:01.353 W/ContextImpl( 3528): Calling a method in the system process without a qualified user: android.app.ContextImpl.startService:1531 android.content.ContextWrapper.startService:664 android.content.ContextWrapper.startService:664 com.droidlogic.BootComplete.onReceive:116 android.app.ActivityThread.handleReceiver:3379 
12-18 23:57:01.353 D/audio_hw_primary( 3085): out_set_parameters(kvpairs(closing=true), out_device=0x2)
12-18 23:57:01.355 W/AshmemAllocator( 3084): ashmem_create_region(32768) returning hidl_memory(0xace16170, 32768)
12-18 23:57:01.355 D/audio_hw_primary( 3085): out_set_parameters(kvpairs(exiting=1), out_device=0x2)
12-18 23:57:01.355 E/audio_hw_primary( 3085): Amlogic_HAL - out_set_parameters: parameter is NULL, change ret value to 0 in order to pass VTS test.
12-18 23:57:01.356 W/AshmemAllocator( 3084): ashmem_create_region(32768) returning hidl_memory(0xace16170, 32768)
12-18 23:57:01.358 D/audio_hw_primary( 3085): adev_close_output_stream_new: enter usecase = STREAM_RAW_HWSYNC
12-18 23:57:01.358 D/audio_hw_primary( 3085): adev_close_output_stream: enter: dev(0xa4503f40) stream(0xa451f500)
12-18 23:57:01.358 D/audio_hw_primary( 3085): out_standby_new: enter
12-18 23:57:01.358 I/audio_hw_primary( 3085): do_output_standby_l(0xa451f500), stream usecase: STREAM_RAW_HWSYNC continuous_audio_mode 0,status 0
12-18 23:57:01.358 I/audio_hw_primary( 3085): ++usecase_change_validate_l(), dev usecase masks = 0, is_standby = 1, out usecase STREAM_RAW_HWSYNC
12-18 23:57:01.358 I/audio_hw_primary( 3085): enable rawtopcm_flag !!!
12-18 23:57:01.358 I/audio_hw_primary( 3085): --usecase_change_validate_l(), dev usecase masks = 0, is_standby = 1, out usecase STREAM_RAW_HWSYNC
12-18 23:57:01.358 I/audio_hw_primary( 3085): do_output_standby_l current usecase_masks 0
12-18 23:57:01.358 D/audio_hw_primary( 3085): out_standby_new: exit
12-18 23:57:01.358 I/audio_hwsync( 3085): aml_audio_hwsync_release done
12-18 23:57:01.358 W/AshmemAllocator( 3084): ashmem_create_region(32768) returning hidl_memory(0xace16170, 32768)
12-18 23:57:01.358 D/audio_hw_primary( 3085): adev_close_output_stream: exit
12-18 23:57:01.358 D/audio_hw_primary( 3085): adev_close_output_stream_new: exit
12-18 23:57:01.360 E/libc    ( 3083): Access denied finding property "net.wifi.suspend"
12-18 23:57:01.360 I/AudioFlinger( 3109): AudioFlinger's thread 0xa47fe000 tid=4496 ready to run
12-18 23:57:01.362 D/audio_hw_primary( 3085): out_set_parameters(kvpairs(closing=true), out_device=0x2)
12-18 23:57:01.362 D/audio-subMixingFactory( 3085): out_standby_subMixingPCM: out_stream(0xa451f780) usecase: STREAM_PCM_HWSYNC
12-18 23:57:01.363 D/audio_hw_primary( 3085): out_set_parameters(kvpairs(exiting=1), out_device=0x2)
12-18 23:57:01.364 E/audio_hw_primary( 3085): Amlogic_HAL - out_set_parameters: parameter is NULL, change ret value to 0 in order to pass VTS test.
12-18 23:57:01.365 D/audio_hw_primary( 3085): adev_close_output_stream_new: enter usecase = STREAM_PCM_HWSYNC
12-18 23:57:01.365 I/audio-subMixingFactory( 3085): ++deleteSubMixingInput()
12-18 23:57:01.365 I/audio-subMixingFactory( 3085): deleteSubMixingInputPcm(), cnt_stream_using_mixer 0
12-18 23:57:01.365 I/audio-subMixingFactory( 3085): deleteSubMixingInputPcm(), lpcm case
12-18 23:57:01.365 D/audio_hw_primary( 3085): adev_close_output_stream: enter: dev(0xa4503f40) stream(0xa451f780)
12-18 23:57:01.365 D/audio-subMixingFactory( 3085): out_standby_subMixingPCM: out_stream(0xa451f780) usecase: STREAM_PCM_HWSYNC
12-18 23:57:01.365 I/SoftAAC2( 3203): Reconfiguring decoder: 0->48000 Hz, 0->2 channels
12-18 23:57:01.365 I/audio_hwsync( 3085): aml_audio_hwsync_release done
12-18 23:57:01.365 D/audio_hw_primary( 3085): adev_close_output_stream: exit
12-18 23:57:01.365 D/audio_hw_primary( 3085): adev_close_output_stream_new: exit
12-18 23:57:01.366 I/audio_hw_primary( 3085): ++adev_release_audio_patch: handle(1)
12-18 23:57:01.366 I/audio_hw_primary( 3085): patch set found id 1, patchset 0xa8dd3800
12-18 23:57:01.366 D/audio_hw_primary( 3085): unregister_audio_patch: enter
12-18 23:57:01.366 D/audio_hw_primary( 3085): unregister_audio_patch: exit
12-18 23:57:01.366 I/audio_hw_primary( 3085): --adev_release_audio_patch: after releasing patch, patch sets will be:
12-18 23:57:01.366 W/amlaudioMixer( 3085): mixer_get_presentation_position(), port not ready now
12-18 23:57:01.366 W/audio-subMixingFactory( 3085): out_get_presentation_position_port(), pts not valid yet
12-18 23:57:01.356 W/HwBinder:3083_3( 3083): type=1400 audit(0.0:82): avc: denied { getattr } for path="/dev/__properties__/u:object_r:system_prop:s0" dev="tmpfs" ino=263 scontext=u:r:system_control:s0 tcontext=u:object_r:system_prop:s0 tclass=file permissive=0
12-18 23:57:01.476 W/decoder.awesome( 3203): type=1400 audit(0.0:83): avc: denied { search } for name="amvdec_h265" dev="sysfs" ino=21988 scontext=u:r:mediacodec:s0 tcontext=u:object_r:sysfs_amvdec:s0 tclass=dir permissive=0
12-18 23:57:01.476 W/decoder.awesome( 3203): type=1400 audit(0.0:84): avc: denied { search } for name="amvdec_vp9" dev="sysfs" ino=22469 scontext=u:r:mediacodec:s0 tcontext=u:object_r:sysfs_amvdec:s0 tclass=dir permissive=0
12-18 23:57:02.116 W/HwBinder:3083_3( 3083): type=1400 audit(0.0:85): avc: denied { getattr } for path="/dev/__properties__/u:object_r:system_prop:s0" dev="tmpfs" ino=263 scontext=u:r:system_control:s0 tcontext=u:object_r:system_prop:s0 tclass=file permissive=0
12-18 23:57:02.116 W/HwBinder:3083_3( 3083): type=1400 audit(0.0:86): avc: denied { getattr } for path="/dev/__properties__/u:object_r:system_prop:s0" dev="tmpfs" ino=263 scontext=u:r:system_control:s0 tcontext=u:object_r:system_prop:s0 tclass=file permissive=0
12-18 23:57:01.367 W/amlaudioMixer( 3085): mixer_get_presentation_position(), port not ready now
12-18 23:57:01.367 W/audio-subMixingFactory( 3085): out_get_presentation_position_port(), pts not valid yet
12-18 23:57:01.367 W/amlaudioMixer( 3085): mixer_get_presentation_position(), port not ready now
12-18 23:57:01.367 W/audio-subMixingFactory( 3085): out_get_presentation_position_port(), pts not valid yet
12-18 23:57:01.368 W/amlaudioMixer( 3085): mixer_get_presentation_position(), port not ready now
12-18 23:57:01.368 W/audio-subMixingFactory( 3085): out_get_presentation_position_port(), pts not valid yet
12-18 23:57:01.369 W/amlaudioMixer( 3085): mixer_get_presentation_position(), port not ready now
12-18 23:57:01.369 W/audio-subMixingFactory( 3085): out_get_presentation_position_port(), pts not valid yet
12-18 23:57:01.369 W/amlaudioMixer( 3085): mixer_get_presentation_position(), port not ready now
12-18 23:57:01.369 W/audio-subMixingFactory( 3085): out_get_presentation_position_port(), pts not valid yet
12-18 23:57:01.370 W/amlaudioMixer( 3085): mixer_get_presentation_position(), port not ready now
12-18 23:57:01.370 W/audio-subMixingFactory( 3085): out_get_presentation_position_port(), pts not valid yet
12-18 23:57:01.371 W/amlaudioMixer( 3085): mixer_get_presentation_position(), port not ready now
12-18 23:57:01.371 W/audio-subMixingFactory( 3085): out_get_presentation_position_port(), pts not valid yet
12-18 23:57:01.371 W/amlaudioMixer( 3085): mixer_get_presentation_position(), port not ready now
12-18 23:57:01.371 W/audio-subMixingFactory( 3085): out_get_presentation_position_port(), pts not valid yet
12-18 23:57:01.371 W/AshmemAllocator( 3084): ashmem_create_region(32768) returning hidl_memory(0xace16170, 32768)
12-18 23:57:01.372 W/amlaudioMixer( 3085): mixer_get_presentation_position(), port not ready now
12-18 23:57:01.372 W/audio-subMixingFactory( 3085): out_get_presentation_position_port(), pts not valid yet
12-18 23:57:01.373 W/AshmemAllocator( 3084): ashmem_create_region(32768) returning hidl_memory(0xace16170, 32768)
12-18 23:57:01.374 I/chatty  ( 3084): uid=1000(system) allocator@1.0-s identical 1 line
12-18 23:57:01.375 W/AshmemAllocator( 3084): ashmem_create_region(32768) returning hidl_memory(0xace16170, 32768)
12-18 23:57:01.378 D/BluetoothActiveDeviceManager( 3468): onAudioDevicesAdded
12-18 23:57:01.378 D/NewAvrcpVolumeManager( 3468): onAudioDevicesAdded: Not expecting device changed
12-18 23:57:01.378 D/BluetoothActiveDeviceManager( 3468): Audio device added: JHSD200 type: 9
12-18 23:57:01.383 W/amlaudioMixer( 3085): mixer_get_presentation_position(), port not ready now
12-18 23:57:01.383 W/audio-subMixingFactory( 3085): out_get_presentation_position_port(), pts not valid yet
12-18 23:57:01.386 I/NetflixService( 3528): nrdp_platform_capabilities:
12-18 23:57:01.386 I/NetflixService( 3528): {
12-18 23:57:01.386 I/NetflixService( 3528):   "vp9Disabled": "true",
12-18 23:57:01.386 I/NetflixService( 3528):   "hdrOutputType": "always",
12-18 23:57:01.386 I/NetflixService( 3528):   "tunnelModeWithBTSetting": "disable"
12-18 23:57:01.386 I/NetflixService( 3528): }
12-18 23:57:01.386 W/HdmiControlService( 3332): Local playback device not available
12-18 23:57:01.387 I/NetflixService( 3528): nrdp_audio_platform_capabilities:
12-18 23:57:01.387 I/NetflixService( 3528): {
12-18 23:57:01.387 I/NetflixService( 3528):   "audiocaps": {
12-18 23:57:01.387 I/NetflixService( 3528):     "continuousAudio": false,
12-18 23:57:01.387 I/NetflixService( 3528):     "pcm": {
12-18 23:57:01.387 I/NetflixService( 3528):       "mixing": true,
12-18 23:57:01.387 I/NetflixService( 3528):       "transition": ease
12-18 23:57:01.387 I/NetflixService( 3528):     },
12-18 23:57:01.387 I/NetflixService( 3528):     "ddplus": {
12-18 23:57:01.387 I/NetflixService( 3528):       "mixing": false,
12-18 23:57:01.387 I/NetflixService( 3528):       "transition": mute
12-18 23:57:01.387 I/NetflixService( 3528):     },
12-18 23:57:01.387 I/NetflixService( 3528):     "atmos": {
12-18 23:57:01.387 I/NetflixService( 3528):       "enabled": false,
12-18 23:57:01.387 I/NetflixService( 3528):       "mixing": false,
12-18 23:57:01.387 I/NetflixService( 3528):       "transition": mute
12-18 23:57:01.387 I/NetflixService( 3528):     }
12-18 23:57:01.387 I/NetflixService( 3528):   }
12-18 23:57:01.387 I/NetflixService( 3528): }
12-18 23:57:01.394 W/amlaudioMixer( 3085): mixer_get_presentation_position(), port not ready now
12-18 23:57:01.394 W/audio-subMixingFactory( 3085): out_get_presentation_position_port(), pts not valid yet
12-18 23:57:01.398 I/chatty  ( 4119): uid=10005(com.iwedia.ui.rjio.launcher.reliance) expire 9 lines
12-18 23:57:01.398 V/MediaRouter( 3479): Audio routes updated: AudioRoutesInfo{ type=HDMI }, a2dp=false
12-18 23:57:01.398 V/MediaRouter( 3479): Selecting route: RouteInfo{ name=HDMI, description=null, status=null, category=RouteCategory{ name=System types=ROUTE_TYPE_LIVE_AUDIO ROUTE_TYPE_LIVE_VIDEO  groupable=false }, supportedTypes=ROUTE_TYPE_LIVE_AUDIO ROUTE_TYPE_LIVE_VIDEO , presentationDisplay=null }
12-18 23:57:01.399 I/OMXMaster( 3203): makeComponentInstance(OMX.amlogic.avc.decoder.awesome) in omx@1.0-service process
12-18 23:57:01.399 D/OmxComponentManagerImpl( 3203): support frame mode
12-18 23:57:01.399 D/OmxComponentManagerImpl( 3203): format support multi-instance
12-18 23:57:01.399 D/OmxComponentManagerImpl( 3203): getEntryByName_2_num=0, componentName:OMX.amlogic.avc.decoder.awesome
12-18 23:57:01.399 V/AmlogicVideoDecoderAwesome( 3203): AmlogicVideoDecoder:100 >
12-18 23:57:01.399 V/AmlogicVideoDecoderAwesome( 3203): initializeState_l:1541 >
12-18 23:57:01.399 V/AmlogicVideoDecoderAwesome( 3203): media.omx.latency is not set used def=1.000000
12-18 23:57:01.399 D/AmlogicVideoDecoderAwesome( 3203): AmlogicVideoDecoder, mOmxInstancenum 1, mOmxInstanceID 17
12-18 23:57:01.399 W/AmlSysfsUtil( 3203): [amsysfs_get_sysfs_str] /sys/module/am_vecm/parameters/dolby_vision_enable failed!
12-18 23:57:01.400 D/AmlogicVideoDecoderAwesome( 3203): mCheckDvesDone = 1
12-18 23:57:01.400 D/OmxVideoDecoder( 3203): drm use frame_mode
12-18 23:57:01.400 D/OmxVideoDecoder( 3203): libsecmem.so is V2
12-18 23:57:01.400 E/secmem_tz( 3203): [Secure_NegotiateVersion:479] Secure_NegotiateVersion 2 2 2 2 2 2
12-18 23:57:01.400 E/secmem_tz( 3203): [Secure_NegotiateVersion:488] Negotiated secmem version = 2
12-18 23:57:01.400 I/OmxVideoDecoder( 3203): we will use V2
12-18 23:57:01.400 D/InsManage( 3203): Register Instance 0xacf83f00, Active Number=1
12-18 23:57:01.400 W/OmxLogConf( 3203): Can not read property media.omx.log_levels, using 0
12-18 23:57:01.400 V/AmlogicVideoDecoderAwesome( 3203): media.omx.out_buffer1 is not set used def=4
12-18 23:57:01.400 D/OmxVideoDecoder( 3203): setInputCoding OMX.amlogic.avc.decoder.awesome
12-18 23:57:01.400 D/OmxVideoDecoder( 3203): mIsLinux49=1, major=4, minor=9
12-18 23:57:01.400 D/OmxVideoDecoder( 3203): multi dec exist
12-18 23:57:01.400 D/OmxVideoDecoder( 3203): Use frame mode for multidec.
12-18 23:57:01.400 D/OmxVideoDecoder( 3203): Use min out buffer size
12-18 23:57:01.400 D/OmxVideoDecoder( 3203): mSupportPiPVideo = 1
12-18 23:57:01.400 D/OmxVideoDecoder( 3203): mMustOsdDisplay 0, mAmVideoUsed=0, mSupportPiPVideo=1, mPipVideoUsed=0, mVideoUsedByOmx=0
12-18 23:57:01.401 D/OMX-VENDOR-EXT( 3203): OMX.amlogic.avc.decoder.awesome : Vendor extensions supported (8)
12-18 23:57:01.401 D/OMX-VENDOR-EXT( 3203):    vendor.4k-osd{{ enable : Int32 },  }
12-18 23:57:01.401 D/OMX-VENDOR-EXT( 3203):    vendor.unstable-pts{{ enable : Int32 },  }
12-18 23:57:01.401 D/OMX-VENDOR-EXT( 3203):    vendor.is-mvc{{ enable : Int32 },  }
12-18 23:57:01.401 D/OMX-VENDOR-EXT( 3203):    vendor.is-flv{{ nContainIndex : Int32 },  }
12-18 23:57:01.401 D/OMX-VENDOR-EXT( 3203):    vendor.dvconfig-box{{ disable : Int32 },  }
12-18 23:57:01.401 D/OMX-VENDOR-EXT( 3203):    vendor.profile-level{{ n-profile : Int32 },  { n-level : Int32 },  }
12-18 23:57:01.401 D/OMX-VENDOR-EXT( 3203):    vendor.nrdp{{ video-peek-in-tunnel : Int32 },  }
12-18 23:57:01.401 D/OMX-VENDOR-EXT( 3203):    vendor.display-layer{{ value : Int32 },  }
12-18 23:57:01.401 D/OmxComponentManagerImpl( 3203): IncreaseEntryNumByName pEntry->mNum=0, pEntry->mMaxNum:9,componentName:OMX.amlogic.avc.decoder.awesome
12-18 23:57:01.401 I/omx_core( 3203): OMX_getHandle_num=1
12-18 23:57:01.401 D/OmxComponent( 3203): mApkName=media.codec
12-18 23:57:01.404 I/chatty  ( 4119): uid=10005(com.iwedia.ui.rjio.launcher.reliance) expire 5 lines
12-18 23:57:01.404 W/amlaudioMixer( 3085): mixer_get_presentation_position(), port not ready now
12-18 23:57:01.405 W/audio-subMixingFactory( 3085): out_get_presentation_position_port(), pts not valid yet
12-18 23:57:01.406 D/OmxVideoDecoder( 3203): setParameter 907 0x1000017
12-18 23:57:01.406 D/OmxVideoDecoder( 3203): setInputCoding video_decoder.avc
12-18 23:57:01.406 D/OmxComponent( 3203): getExtensionIndex 1136 name="OMX.google.android.index.enableAndroidNativeBuffers"
12-18 23:57:01.406 D/OmxVideoDecoder( 3203): setParameter 907 0x7f000000
12-18 23:57:01.406 V/OmxVideoDecoder( 3203): setParameter 1339 EnableNativeBuffers 1
12-18 23:57:01.406 V/OmxVideoDecoder( 3203): updatePort mUseNativeBuffers 1
12-18 23:57:01.406 D/AmlogicVideoDecoderAwesome( 3203): get native buffer info NV:w:640,h:480..
12-18 23:57:01.406 V/OmxVideoDecoder( 3203): updatePort:portDef.format.video.nFrameWidth=640,portDef.format.video.nFrameHeight=480
12-18 23:57:01.406 D/OmxComponent( 3203): getExtensionIndex 1136 name="OMX.google.android.index.allocateNativeHandle"
12-18 23:57:01.406 D/OmxVideoDecoder( 3203): setParameter 907 0x7f00000a
12-18 23:57:01.406 E/OMXNodeInstance( 3203): setParameter(0xacf840c8:amlogic.avc.decoder.awesome, OMX.google.android.index.allocateNativeHandle(0x7f00000a): Output:1 en=0) ERROR: UnsupportedSetting(0x80001019)
12-18 23:57:01.406 D/OmxComponent( 3203): getExtensionIndex 1136 name="OMX.google.android.index.storeANWBufferInMetadata"
12-18 23:57:01.406 D/OmxComponent( 3203): getExtensionIndex 1136 name="OMX.google.android.index.storeMetaDataInBuffers"
12-18 23:57:01.406 D/OmxVideoDecoder( 3203): setParameter 907 0x7f000002
12-18 23:57:01.406 D/OmxVideoDecoder( 3203): setParameter 1345 OMX_IndexAndroidStoreMetadataInBuffers
12-18 23:57:01.406 E/OMXNodeInstance( 3203): setParameter(0xacf840c8:amlogic.avc.decoder.awesome, OMX.google.android.index.storeMetaDataInBuffers(0x7f000002): Output:1 en=1 type=1) ERROR: BadPortIndex(0x8000101b)
12-18 23:57:01.407 D/OmxComponent( 3203): getExtensionIndex 1136 name="OMX.google.android.index.prepareForAdaptivePlayback"
12-18 23:57:01.407 D/OmxVideoDecoder( 3203): setParameter 907 0x7f000004
12-18 23:57:01.407 D/OmxVideoDecoder( 3203): setParameter 1359 OMX_IndexAndroidPrepareForAdaptivePlayback
