12-18 23:56:41.515 E/OMXNodeInstance( 3203): getExtensionIndex(0xacf9cba0:google.hevc.decoder, OMX.google.android.index.enableAndroidNativeBuffers) ERROR: UnsupportedIndex(0x8000101a)
12-18 23:56:41.517 I/AmAVUtils( 3196): AmAVUtils::getComponentRole isEncoder :0 mime:video/mjpeg 
12-18 23:56:41.517 V/AVUtils ( 3196): AVUtils::getComponentRole
12-18 23:56:41.520 I/OMXClient( 3196): IOmx service obtained
12-18 23:56:41.520 I/OMXMaster( 3203): makeComponentInstance(OMX.amlogic.mjpeg.decoder.awesome) in omx@1.0-service process
12-18 23:56:41.520 D/OmxComponentManagerImpl( 3203): support frame mode
12-18 23:56:41.520 I/chkufsd ( 2997): FS quick check: seems to be consistent
12-18 23:56:41.521 I/UFSD    ( 2997): Filesystem is clean
12-18 23:56:41.522 I/UFSD    ( 2997): mounting: /dev/block/vold/public:8,1 -> /mnt/media_rw/01CD55BF22B680D3 : nls=utf8,uid=1023,gid=1023,fmask=7,dmask=7,force
12-18 23:56:41.523 D/OmxComponentManagerImpl( 3203): format support multi-instance
12-18 23:56:41.523 D/OmxComponentManagerImpl( 3203): getEntryByName_2_num=0, componentName:OMX.amlogic.mjpeg.decoder.awesome
12-18 23:56:41.523 V/AmlogicVideoDecoderAwesome( 3203): AmlogicVideoDecoder:100 >
12-18 23:56:41.523 V/AmlogicVideoDecoderAwesome( 3203): initializeState_l:1541 >
12-18 23:56:41.524 V/AmlogicVideoDecoderAwesome( 3203): media.omx.latency is not set used def=1.000000
12-18 23:56:41.524 D/AmlogicVideoDecoderAwesome( 3203): AmlogicVideoDecoder, mOmxInstancenum 1, mOmxInstanceID 8
12-18 23:56:41.524 W/AmlSysfsUtil( 3203): [amsysfs_get_sysfs_str] /sys/module/am_vecm/parameters/dolby_vision_enable failed!
12-18 23:56:41.524 D/AmlogicVideoDecoderAwesome( 3203): mCheckDvesDone = 1
12-18 23:56:41.525 D/OmxVideoDecoder( 3203): drm use frame_mode
12-18 23:56:41.525 D/OmxVideoDecoder( 3203): libsecmem.so is V2
12-18 23:56:41.525 E/secmem_tz( 3203): [Secure_NegotiateVersion:479] Secure_NegotiateVersion 2 2 2 2 2 2
12-18 23:56:41.525 E/secmem_tz( 3203): [Secure_NegotiateVersion:488] Negotiated secmem version = 2
12-18 23:56:41.525 I/OmxVideoDecoder( 3203): we will use V2
12-18 23:56:41.525 D/InsManage( 3203): Register Instance 0xacf83a00, Active Number=1
12-18 23:56:41.525 W/OmxLogConf( 3203): Can not read property media.omx.log_levels, using 0
12-18 23:56:41.525 V/AmlogicVideoDecoderAwesome( 3203): media.omx.out_buffer1 is not set used def=4
12-18 23:56:41.525 D/OmxVideoDecoder( 3203): setInputCoding OMX.amlogic.mjpeg.decoder.awesome
12-18 23:56:41.525 D/OmxVideoDecoder( 3203): mIsLinux49=1, major=4, minor=9
12-18 23:56:41.525 D/OmxVideoDecoder( 3203): multi dec exist
12-18 23:56:41.525 D/OmxVideoDecoder( 3203): Use frame mode for multidec.
12-18 23:56:41.525 D/OmxVideoDecoder( 3203): Use min out buffer size
12-18 23:56:41.525 D/OmxVideoDecoder( 3203): mSupportPiPVideo = 1
12-18 23:56:41.526 D/OmxVideoDecoder( 3203): mMustOsdDisplay 0, mAmVideoUsed=0, mSupportPiPVideo=1, mPipVideoUsed=0, mVideoUsedByOmx=0
12-18 23:56:41.526 D/OMX-VENDOR-EXT( 3203): OMX.amlogic.mjpeg.decoder.awesome : Vendor extensions supported (8)
12-18 23:56:41.526 D/OMX-VENDOR-EXT( 3203):    vendor.4k-osd{{ enable : Int32 },  }
12-18 23:56:41.526 D/OMX-VENDOR-EXT( 3203):    vendor.unstable-pts{{ enable : Int32 },  }
12-18 23:56:41.526 D/OMX-VENDOR-EXT( 3203):    vendor.is-mvc{{ enable : Int32 },  }
12-18 23:56:41.526 D/OMX-VENDOR-EXT( 3203):    vendor.is-flv{{ nContainIndex : Int32 },  }
12-18 23:56:41.526 D/OMX-VENDOR-EXT( 3203):    vendor.dvconfig-box{{ disable : Int32 },  }
12-18 23:56:41.526 D/OMX-VENDOR-EXT( 3203):    vendor.profile-level{{ n-profile : Int32 },  { n-level : Int32 },  }
12-18 23:56:41.526 D/OMX-VENDOR-EXT( 3203):    vendor.nrdp{{ video-peek-in-tunnel : Int32 },  }
12-18 23:56:41.526 D/OMX-VENDOR-EXT( 3203):    vendor.display-layer{{ value : Int32 },  }
12-18 23:56:41.526 D/OmxComponentManagerImpl( 3203): IncreaseEntryNumByName pEntry->mNum=0, pEntry->mMaxNum:9,componentName:OMX.amlogic.mjpeg.decoder.awesome
12-18 23:56:41.526 I/omx_core( 3203): OMX_getHandle_num=1
12-18 23:56:41.526 D/OmxComponent( 3203): mApkName=media.codec
12-18 23:56:41.528 D/OmxVideoDecoder( 3203): setParameter 907 0x1000017
12-18 23:56:41.528 D/OmxVideoDecoder( 3203): setInputCoding video_decoder.mjpeg
12-18 23:56:41.528 E/OMXNodeInstance( 3203): getParameter(0xacf83bc8:amlogic.mjpeg.decoder.awesome, ParamVideoProfileLevelQuerySupported(0x600000f)) ERROR: BadParameter(0x80001005)
12-18 23:56:41.532 I/chatty  ( 3332): uid=1000(system) notification-sq expire 1 line
12-18 23:56:41.537 D/OmxComponent( 3203): getExtensionIndex 1136 name="OMX.google.android.index.describeColorFormat"
12-18 23:56:41.537 D/OmxComponent( 3203): getExtensionIndex 1136 name="OMX.google.android.index.storeMetaDataInBuffers"
12-18 23:56:41.538 D/OmxComponent( 3203): getExtensionIndex 1136 name="OMX.google.android.index.storeANWBufferInMetadata"
12-18 23:56:41.538 D/OmxComponent( 3203): getExtensionIndex 1136 name="OMX.google.android.index.prepareForAdaptivePlayback"
12-18 23:56:41.538 D/OmxComponent( 3203): getExtensionIndex 1136 name="OMX.google.android.index.configureVideoTunnelMode"
12-18 23:56:41.538 D/OmxComponent( 3203): getExtensionIndex 1136 name="OMX.google.android.index.useAndroidNativeBuffer2"
12-18 23:56:41.538 D/OmxComponent( 3203): getExtensionIndex 1136 name="OMX.google.android.index.useAndroidNativeBuffer"
12-18 23:56:41.538 D/OmxComponent( 3203): getExtensionIndex 1136 name="OMX.google.android.index.enableAndroidNativeBuffers"
12-18 23:56:41.538 D/OmxComponent( 3203): getExtensionIndex 1136 name="OMX.google.android.index.allocateNativeHandle"
12-18 23:56:41.538 D/OmxComponent( 3203): getExtensionIndex 1136 name="OMX.google.android.index.getAndroidNativeBufferUsage"
12-18 23:56:41.538 V/OmxVideoDecoder( 3203): updatePort mUseNativeBuffers 0
12-18 23:56:41.538 D/OmxComponent( 3203): getExtensionIndex 1136 name="OMX.google.android.index.configureVideoTunnelMode"
12-18 23:56:41.538 D/OmxVideoDecoder( 3203): setParameter 907 0x7f000008
12-18 23:56:41.538 I/OmxVideoDecoder( 3203): OmxVideoDecoder::setParameter OMX_IndexAndroidConfigureVideoTunnelMode, enable=1
12-18 23:56:41.539 D/OmxComponentManagerImpl( 3203): DecreaseEntryNumByName pEntry->mNum=1, pEntry->mMaxNum:9,componentName:OMX.amlogic.mjpeg.decoder.awesome
12-18 23:56:41.539 I/omx_core( 3203): OMX_freeHandle_num_= 0
12-18 23:56:41.539 D/AmlogicVideoDecoderAwesome( 3203): ~AmlogicVideoDecoderAwesome
12-18 23:56:41.539 D/AmlogicVideoDecoderAwesome( 3203): ~AmlogicVideoDecoder
12-18 23:56:41.539 D/AmlogicVideoDecoderAwesome( 3203): ~AmlogicVideoDecoder, mOmxInstancenum 0
12-18 23:56:41.539 D/InsManage( 3203): UnRegisterInstance 0xacf83a00 Success, QuitClass 0x0
12-18 23:56:41.540 I/AmAVUtils( 3196): AmAVUtils::getComponentRole isEncoder :0 mime:video/mpeg2 
12-18 23:56:41.540 V/AVUtils ( 3196): AVUtils::getComponentRole
12-18 23:56:41.542 I/OMXClient( 3196): IOmx service obtained
12-18 23:56:41.542 I/OMXMaster( 3203): makeComponentInstance(OMX.amlogic.mpeg2.decoder.awesome) in omx@1.0-service process
12-18 23:56:41.542 D/OmxComponentManagerImpl( 3203): support frame mode
12-18 23:56:41.542 D/OmxComponentManagerImpl( 3203): format support multi-instance
12-18 23:56:41.542 D/OmxComponentManagerImpl( 3203): getEntryByName_2_num=0, componentName:OMX.amlogic.mpeg2.decoder.awesome
12-18 23:56:41.542 V/AmlogicVideoDecoderAwesome( 3203): AmlogicVideoDecoder:100 >
12-18 23:56:41.542 V/AmlogicVideoDecoderAwesome( 3203): initializeState_l:1541 >
12-18 23:56:41.542 V/AmlogicVideoDecoderAwesome( 3203): media.omx.latency is not set used def=1.000000
12-18 23:56:41.542 D/AmlogicVideoDecoderAwesome( 3203): AmlogicVideoDecoder, mOmxInstancenum 1, mOmxInstanceID 9
12-18 23:56:41.542 W/AmlSysfsUtil( 3203): [amsysfs_get_sysfs_str] /sys/module/am_vecm/parameters/dolby_vision_enable failed!
12-18 23:56:41.543 D/AmlogicVideoDecoderAwesome( 3203): mCheckDvesDone = 1
12-18 23:56:41.543 D/OmxVideoDecoder( 3203): drm use frame_mode
12-18 23:56:41.543 D/OmxVideoDecoder( 3203): libsecmem.so is V2
12-18 23:56:41.543 E/secmem_tz( 3203): [Secure_NegotiateVersion:479] Secure_NegotiateVersion 2 2 2 2 2 2
12-18 23:56:41.543 E/secmem_tz( 3203): [Secure_NegotiateVersion:488] Negotiated secmem version = 2
12-18 23:56:41.543 I/OmxVideoDecoder( 3203): we will use V2
12-18 23:56:41.543 D/InsManage( 3203): Register Instance 0xacf83a00, Active Number=1
12-18 23:56:41.543 W/OmxLogConf( 3203): Can not read property media.omx.log_levels, using 0
12-18 23:56:41.543 V/AmlogicVideoDecoderAwesome( 3203): media.omx.out_buffer1 is not set used def=4
12-18 23:56:41.543 D/OmxVideoDecoder( 3203): setInputCoding OMX.amlogic.mpeg2.decoder.awesome
12-18 23:56:41.543 D/OmxVideoDecoder( 3203): mIsLinux49=1, major=4, minor=9
12-18 23:56:41.543 D/OmxVideoDecoder( 3203): multi dec exist
12-18 23:56:41.543 D/OmxVideoDecoder( 3203): Use frame mode for multidec.
12-18 23:56:41.543 D/OmxVideoDecoder( 3203): Use min out buffer size
12-18 23:56:41.543 D/OmxVideoDecoder( 3203): mSupportPiPVideo = 1
12-18 23:56:41.543 D/OmxVideoDecoder( 3203): mMustOsdDisplay 0, mAmVideoUsed=0, mSupportPiPVideo=1, mPipVideoUsed=0, mVideoUsedByOmx=0
12-18 23:56:41.543 D/OMX-VENDOR-EXT( 3203): OMX.amlogic.mpeg2.decoder.awesome : Vendor extensions supported (8)
12-18 23:56:41.543 D/OMX-VENDOR-EXT( 3203):    vendor.4k-osd{{ enable : Int32 },  }
12-18 23:56:41.543 D/OMX-VENDOR-EXT( 3203):    vendor.unstable-pts{{ enable : Int32 },  }
12-18 23:56:41.543 D/OMX-VENDOR-EXT( 3203):    vendor.is-mvc{{ enable : Int32 },  }
12-18 23:56:41.543 D/OMX-VENDOR-EXT( 3203):    vendor.is-flv{{ nContainIndex : Int32 },  }
12-18 23:56:41.544 D/OMX-VENDOR-EXT( 3203):    vendor.dvconfig-box{{ disable : Int32 },  }
12-18 23:56:41.544 D/OMX-VENDOR-EXT( 3203):    vendor.profile-level{{ n-profile : Int32 },  { n-level : Int32 },  }
12-18 23:56:41.544 D/OMX-VENDOR-EXT( 3203):    vendor.nrdp{{ video-peek-in-tunnel : Int32 },  }
12-18 23:56:41.544 D/OMX-VENDOR-EXT( 3203):    vendor.display-layer{{ value : Int32 },  }
12-18 23:56:41.544 D/OmxComponentManagerImpl( 3203): IncreaseEntryNumByName pEntry->mNum=0, pEntry->mMaxNum:9,componentName:OMX.amlogic.mpeg2.decoder.awesome
12-18 23:56:41.544 I/omx_core( 3203): OMX_getHandle_num=1
12-18 23:56:41.544 D/OmxComponent( 3203): mApkName=media.codec
12-18 23:56:41.544 D/OmxVideoDecoder( 3203): setParameter 907 0x1000017
12-18 23:56:41.544 D/OmxVideoDecoder( 3203): setInputCoding video_decoder.mpeg2
12-18 23:56:41.545 E/OMXNodeInstance( 3203): getParameter(0xacf83bc8:amlogic.mpeg2.decoder.awesome, ParamVideoProfileLevelQuerySupported(0x600000f)) ERROR: BadParameter(0x80001005)
12-18 23:56:41.547 D/OmxComponent( 3203): getExtensionIndex 1136 name="OMX.google.android.index.describeColorFormat"
12-18 23:56:41.547 D/OmxComponent( 3203): getExtensionIndex 1136 name="OMX.google.android.index.storeMetaDataInBuffers"
12-18 23:56:41.547 D/OmxComponent( 3203): getExtensionIndex 1136 name="OMX.google.android.index.storeANWBufferInMetadata"
12-18 23:56:41.547 D/OmxComponent( 3203): getExtensionIndex 1136 name="OMX.google.android.index.prepareForAdaptivePlayback"
12-18 23:56:41.547 D/OmxComponent( 3203): getExtensionIndex 1136 name="OMX.google.android.index.configureVideoTunnelMode"
12-18 23:56:41.547 D/OmxComponent( 3203): getExtensionIndex 1136 name="OMX.google.android.index.useAndroidNativeBuffer2"
12-18 23:56:41.547 D/OmxComponent( 3203): getExtensionIndex 1136 name="OMX.google.android.index.useAndroidNativeBuffer"
12-18 23:56:41.547 D/OmxComponent( 3203): getExtensionIndex 1136 name="OMX.google.android.index.enableAndroidNativeBuffers"
12-18 23:56:41.547 D/OmxComponent( 3203): getExtensionIndex 1136 name="OMX.google.android.index.allocateNativeHandle"
12-18 23:56:41.547 D/OmxComponent( 3203): getExtensionIndex 1136 name="OMX.google.android.index.getAndroidNativeBufferUsage"
12-18 23:56:41.547 V/OmxVideoDecoder( 3203): updatePort mUseNativeBuffers 0
12-18 23:56:41.547 D/OmxComponent( 3203): getExtensionIndex 1136 name="OMX.google.android.index.configureVideoTunnelMode"
12-18 23:56:41.548 D/OmxVideoDecoder( 3203): setParameter 907 0x7f000008
12-18 23:56:41.548 I/OmxVideoDecoder( 3203): OmxVideoDecoder::setParameter OMX_IndexAndroidConfigureVideoTunnelMode, enable=1
12-18 23:56:41.548 D/OmxComponentManagerImpl( 3203): DecreaseEntryNumByName pEntry->mNum=1, pEntry->mMaxNum:9,componentName:OMX.amlogic.mpeg2.decoder.awesome
12-18 23:56:41.548 I/omx_core( 3203): OMX_freeHandle_num_= 0
12-18 23:56:41.549 D/AmlogicVideoDecoderAwesome( 3203): ~AmlogicVideoDecoderAwesome
12-18 23:56:41.549 D/AmlogicVideoDecoderAwesome( 3203): ~AmlogicVideoDecoder
12-18 23:56:41.549 D/AmlogicVideoDecoderAwesome( 3203): ~AmlogicVideoDecoder, mOmxInstancenum 0
12-18 23:56:41.549 D/InsManage( 3203): UnRegisterInstance 0xacf83a00 Success, QuitClass 0x0
12-18 23:56:41.550 I/AmAVUtils( 3196): AmAVUtils::getComponentRole isEncoder :0 mime:video/mp4v-es 
12-18 23:56:41.550 V/AVUtils ( 3196): AVUtils::getComponentRole
12-18 23:56:41.551 D/vol.VolumeDialogImpl( 3479):  Night Mode : 1
12-18 23:56:41.551 D/vol.VolumeDialogImpl( 3479): Setting Light Theme 
12-18 23:56:41.553 I/OMXClient( 3196): IOmx service obtained
12-18 23:56:41.553 I/OMXMaster( 3203): makeComponentInstance(OMX.amlogic.mpeg4.decoder.awesome) in omx@1.0-service process
12-18 23:56:41.553 D/OmxComponentManagerImpl( 3203): support frame mode
12-18 23:56:41.553 D/OmxComponentManagerImpl( 3203): format support multi-instance
12-18 23:56:41.553 D/OmxComponentManagerImpl( 3203): getEntryByName_2_num=0, componentName:OMX.amlogic.mpeg4.decoder.awesome
12-18 23:56:41.553 V/AmlogicVideoDecoderAwesome( 3203): AmlogicVideoDecoder:100 >
12-18 23:56:41.553 V/AmlogicVideoDecoderAwesome( 3203): initializeState_l:1541 >
12-18 23:56:41.553 V/AmlogicVideoDecoderAwesome( 3203): media.omx.latency is not set used def=1.000000
12-18 23:56:41.553 D/AmlogicVideoDecoderAwesome( 3203): AmlogicVideoDecoder, mOmxInstancenum 1, mOmxInstanceID 10
12-18 23:56:41.553 W/AmlSysfsUtil( 3203): [amsysfs_get_sysfs_str] /sys/module/am_vecm/parameters/dolby_vision_enable failed!
12-18 23:56:41.554 D/AmlogicVideoDecoderAwesome( 3203): mCheckDvesDone = 1
12-18 23:56:41.554 V/AmlogicVideoDecoderAwesome( 3203): AmlogicVideoDecoderMpeg4
12-18 23:56:41.554 D/OmxVideoDecoder( 3203): drm use frame_mode
12-18 23:56:41.554 D/OmxVideoDecoder( 3203): libsecmem.so is V2
12-18 23:56:41.554 E/secmem_tz( 3203): [Secure_NegotiateVersion:479] Secure_NegotiateVersion 2 2 2 2 2 2
12-18 23:56:41.554 E/secmem_tz( 3203): [Secure_NegotiateVersion:488] Negotiated secmem version = 2
12-18 23:56:41.554 I/OmxVideoDecoder( 3203): we will use V2
12-18 23:56:41.554 D/InsManage( 3203): Register Instance 0xacf83a00, Active Number=1
12-18 23:56:41.554 W/OmxLogConf( 3203): Can not read property media.omx.log_levels, using 0
12-18 23:56:41.554 V/AmlogicVideoDecoderAwesome( 3203): media.omx.out_buffer1 is not set used def=4
12-18 23:56:41.554 D/OmxVideoDecoder( 3203): setInputCoding OMX.amlogic.mpeg4.decoder.awesome
12-18 23:56:41.554 D/OmxVideoDecoder( 3203): mIsLinux49=1, major=4, minor=9
12-18 23:56:41.554 D/OmxVideoDecoder( 3203): multi dec exist
12-18 23:56:41.554 D/OmxVideoDecoder( 3203): Use frame mode for multidec.
12-18 23:56:41.554 D/OmxVideoDecoder( 3203): Use min out buffer size
12-18 23:56:41.554 D/OmxVideoDecoder( 3203): mSupportPiPVideo = 1
12-18 23:56:41.555 D/OmxVideoDecoder( 3203): mMustOsdDisplay 0, mAmVideoUsed=0, mSupportPiPVideo=1, mPipVideoUsed=0, mVideoUsedByOmx=0
12-18 23:56:41.555 D/OMX-VENDOR-EXT( 3203): OMX.amlogic.mpeg4.decoder.awesome : Vendor extensions supported (8)
12-18 23:56:41.555 D/OMX-VENDOR-EXT( 3203):    vendor.4k-osd{{ enable : Int32 },  }
12-18 23:56:41.555 D/OMX-VENDOR-EXT( 3203):    vendor.unstable-pts{{ enable : Int32 },  }
12-18 23:56:41.555 D/OMX-VENDOR-EXT( 3203):    vendor.is-mvc{{ enable : Int32 },  }
12-18 23:56:41.555 D/OMX-VENDOR-EXT( 3203):    vendor.is-flv{{ nContainIndex : Int32 },  }
12-18 23:56:41.555 D/OMX-VENDOR-EXT( 3203):    vendor.dvconfig-box{{ disable : Int32 },  }
12-18 23:56:41.555 D/OMX-VENDOR-EXT( 3203):    vendor.profile-level{{ n-profile : Int32 },  { n-level : Int32 },  }
12-18 23:56:41.555 D/OMX-VENDOR-EXT( 3203):    vendor.nrdp{{ video-peek-in-tunnel : Int32 },  }
12-18 23:56:41.555 D/OMX-VENDOR-EXT( 3203):    vendor.display-layer{{ value : Int32 },  }
12-18 23:56:41.555 D/OmxComponentManagerImpl( 3203): IncreaseEntryNumByName pEntry->mNum=0, pEntry->mMaxNum:9,componentName:OMX.amlogic.mpeg4.decoder.awesome
12-18 23:56:41.555 I/omx_core( 3203): OMX_getHandle_num=1
12-18 23:56:41.555 D/OmxComponent( 3203): mApkName=media.codec
12-18 23:56:41.556 D/OmxVideoDecoder( 3203): setParameter 907 0x1000017
12-18 23:56:41.556 D/OmxVideoDecoder( 3203): setInputCoding video_decoder.mpeg4
12-18 23:56:41.558 E/OMXNodeInstance( 3203): getParameter(0xacf83bc8:amlogic.mpeg4.decoder.awesome, ParamVideoProfileLevelQuerySupported(0x600000f)) ERROR: BadParameter(0x80001005)
12-18 23:56:41.558 I/WebViewZygoteInit( 3508): Package preload done
12-18 23:56:41.559 D/OmxComponent( 3203): getExtensionIndex 1136 name="OMX.google.android.index.describeColorFormat"
12-18 23:56:41.559 D/OmxComponent( 3203): getExtensionIndex 1136 name="OMX.google.android.index.storeMetaDataInBuffers"
12-18 23:56:41.559 D/OmxComponent( 3203): getExtensionIndex 1136 name="OMX.google.android.index.storeANWBufferInMetadata"
12-18 23:56:41.559 D/OmxComponent( 3203): getExtensionIndex 1136 name="OMX.google.android.index.prepareForAdaptivePlayback"
12-18 23:56:41.559 D/OmxComponent( 3203): getExtensionIndex 1136 name="OMX.google.android.index.configureVideoTunnelMode"
12-18 23:56:41.559 D/OmxComponent( 3203): getExtensionIndex 1136 name="OMX.google.android.index.useAndroidNativeBuffer2"
12-18 23:56:41.559 D/OmxComponent( 3203): getExtensionIndex 1136 name="OMX.google.android.index.useAndroidNativeBuffer"
12-18 23:56:41.559 D/OmxComponent( 3203): getExtensionIndex 1136 name="OMX.google.android.index.enableAndroidNativeBuffers"
12-18 23:56:41.559 D/OmxComponent( 3203): getExtensionIndex 1136 name="OMX.google.android.index.allocateNativeHandle"
12-18 23:56:41.559 D/OmxComponent( 3203): getExtensionIndex 1136 name="OMX.google.android.index.getAndroidNativeBufferUsage"
12-18 23:56:41.559 V/OmxVideoDecoder( 3203): updatePort mUseNativeBuffers 0
12-18 23:56:41.560 D/OmxComponent( 3203): getExtensionIndex 1136 name="OMX.google.android.index.configureVideoTunnelMode"
12-18 23:56:41.560 D/OmxVideoDecoder( 3203): setParameter 907 0x7f000008
12-18 23:56:41.560 I/OmxVideoDecoder( 3203): OmxVideoDecoder::setParameter OMX_IndexAndroidConfigureVideoTunnelMode, enable=1
12-18 23:56:41.560 D/OmxComponentManagerImpl( 3203): DecreaseEntryNumByName pEntry->mNum=1, pEntry->mMaxNum:9,componentName:OMX.amlogic.mpeg4.decoder.awesome
12-18 23:56:41.560 I/omx_core( 3203): OMX_freeHandle_num_= 0
12-18 23:56:41.561 D/AmlogicVideoDecoderAwesome( 3203): ~AmlogicVideoDecoderAwesome
12-18 23:56:41.561 D/AmlogicVideoDecoderAwesome( 3203): ~AmlogicVideoDecoder
12-18 23:56:41.561 D/AmlogicVideoDecoderAwesome( 3203): ~AmlogicVideoDecoder, mOmxInstancenum 0
12-18 23:56:41.561 D/InsManage( 3203): UnRegisterInstance 0xacf83a00 Success, QuitClass 0x0
12-18 23:56:41.562 I/AmAVUtils( 3196): AmAVUtils::getComponentRole isEncoder :0 mime:video/mp4v-es 
12-18 23:56:41.562 V/AVUtils ( 3196): AVUtils::getComponentRole
12-18 23:56:41.564 I/OMXClient( 3196): IOmx service obtained
12-18 23:56:41.564 I/OMXMaster( 3203): makeComponentInstance(OMX.google.mpeg4.decoder) in omx@1.0-service process
12-18 23:56:41.569 E/OMXNodeInstance( 3203): getExtensionIndex(0xacf9cba0:google.mpeg4.decoder, OMX.google.android.index.configureVideoTunnelMode) ERROR: UnsupportedIndex(0x8000101a)
12-18 23:56:41.569 E/OMXNodeInstance( 3203): getExtensionIndex(0xacf9cba0:google.mpeg4.decoder, OMX.google.android.index.enableAndroidNativeBuffers) ERROR: UnsupportedIndex(0x8000101a)
12-18 23:56:41.574 I/AmAVUtils( 3196): AmAVUtils::getComponentRole isEncoder :0 mime:video/rm10 
12-18 23:56:41.574 V/AVUtils ( 3196): AVUtils::getComponentRole
12-18 23:56:41.576 I/OMXClient( 3196): IOmx service obtained
12-18 23:56:41.576 I/OMXMaster( 3203): makeComponentInstance(OMX.amlogic.rm10.decoder.sw) in omx@1.0-service process
12-18 23:56:41.576 V/AmlogicSoftOMXPlugin( 3203): makeComponentInstance 90
12-18 23:56:41.577 D/vol.VolumeDialogImpl( 3479): Init row : UI Indicatiors list size : 0
12-18 23:56:41.577 D/vol.VolumeDialogImpl( 3479): createVolumeIndicators : Row 3
12-18 23:56:41.578 I/AmSoftDec( 3203): get mimetype : video/rm10
12-18 23:56:41.578 I/AmFFmpegCodec( 3203): CreateCodec for codecMime : video/rm10
12-18 23:56:41.579 D/vol.VolumeDialogImpl( 3479):  createVolumeIndicators :: Total Indicators list size :20
12-18 23:56:41.587 E/OMXNodeInstance( 3203): getExtensionIndex(0xacf9cba0:amlogic.rm10.decoder.sw, OMX.google.android.index.configureVideoTunnelMode) ERROR: UnsupportedIndex(0x8000101a)
12-18 23:56:41.587 E/OMXNodeInstance( 3203): getExtensionIndex(0xacf9cba0:amlogic.rm10.decoder.sw, OMX.google.android.index.enableAndroidNativeBuffers) ERROR: UnsupportedIndex(0x8000101a)
12-18 23:56:41.587 E/OMXNodeInstance( 3203): getExtensionIndex(0xacf9cba0:amlogic.rm10.decoder.sw, OMX.google.android.index.prepareForAdaptivePlayback) ERROR: UnsupportedIndex(0x8000101a)
12-18 23:56:41.588 V/AmlogicSoftOMXPlugin( 3203): destroyComponentInstance 102
12-18 23:56:41.589 I/AmAVUtils( 3196): AmAVUtils::getComponentRole isEncoder :0 mime:video/rm20 
12-18 23:56:41.589 V/AVUtils ( 3196): AVUtils::getComponentRole
12-18 23:56:41.591 D/vol.VolumeDialogImpl( 3479): Init row : UI Indicatiors list size : 20
12-18 23:56:41.591 I/OMXClient( 3196): IOmx service obtained
12-18 23:56:41.592 I/OMXMaster( 3203): makeComponentInstance(OMX.amlogic.rm20.decoder.sw) in omx@1.0-service process
12-18 23:56:41.592 V/AmlogicSoftOMXPlugin( 3203): makeComponentInstance 90
12-18 23:56:41.593 I/AmSoftDec( 3203): get mimetype : video/rm20
12-18 23:56:41.594 I/AmFFmpegCodec( 3203): CreateCodec for codecMime : video/rm20
12-18 23:56:41.597 I/UFSD    ( 2997): mount() == 0 (errno=0 [Success])
12-18 23:56:41.600 V/vold    ( 2997): Waiting for FUSE to spin up...
12-18 23:56:41.603 E/OMXNodeInstance( 3203): getExtensionIndex(0xacf9cba0:amlogic.rm20.decoder.sw, OMX.google.android.index.configureVideoTunnelMode) ERROR: UnsupportedIndex(0x8000101a)
12-18 23:56:41.603 E/OMXNodeInstance( 3203): getExtensionIndex(0xacf9cba0:amlogic.rm20.decoder.sw, OMX.google.android.index.enableAndroidNativeBuffers) ERROR: UnsupportedIndex(0x8000101a)
12-18 23:56:41.603 E/OMXNodeInstance( 3203): getExtensionIndex(0xacf9cba0:amlogic.rm20.decoder.sw, OMX.google.android.index.prepareForAdaptivePlayback) ERROR: UnsupportedIndex(0x8000101a)
12-18 23:56:41.603 V/AmlogicSoftOMXPlugin( 3203): destroyComponentInstance 102
12-18 23:56:41.605 I/AmAVUtils( 3196): AmAVUtils::getComponentRole isEncoder :0 mime:video/rm30 
12-18 23:56:41.605 V/AVUtils ( 3196): AVUtils::getComponentRole
12-18 23:56:41.607 I/OMXClient( 3196): IOmx service obtained
12-18 23:56:41.607 I/OMXMaster( 3203): makeComponentInstance(OMX.amlogic.rm30.decoder.sw) in omx@1.0-service process
12-18 23:56:41.607 V/AmlogicSoftOMXPlugin( 3203): makeComponentInstance 90
12-18 23:56:41.609 I/AmSoftDec( 3203): get mimetype : video/rm30
12-18 23:56:41.609 I/AmFFmpegCodec( 3203): CreateCodec for codecMime : video/rm30
12-18 23:56:41.611 D/vol.VolumeDialogImpl( 3479): Init row : UI Indicatiors list size : 20
12-18 23:56:41.616 E/OMXNodeInstance( 3203): getExtensionIndex(0xacf9cba0:amlogic.rm30.decoder.sw, OMX.google.android.index.configureVideoTunnelMode) ERROR: UnsupportedIndex(0x8000101a)
12-18 23:56:41.617 E/OMXNodeInstance( 3203): getExtensionIndex(0xacf9cba0:amlogic.rm30.decoder.sw, OMX.google.android.index.enableAndroidNativeBuffers) ERROR: UnsupportedIndex(0x8000101a)
12-18 23:56:41.617 E/OMXNodeInstance( 3203): getExtensionIndex(0xacf9cba0:amlogic.rm30.decoder.sw, OMX.google.android.index.prepareForAdaptivePlayback) ERROR: UnsupportedIndex(0x8000101a)
12-18 23:56:41.617 V/AmlogicSoftOMXPlugin( 3203): destroyComponentInstance 102
12-18 23:56:41.619 I/AmAVUtils( 3196): AmAVUtils::getComponentRole isEncoder :0 mime:video/rm40 
12-18 23:56:41.619 V/AVUtils ( 3196): AVUtils::getComponentRole
12-18 23:56:41.620 I/OMXClient( 3196): IOmx service obtained
12-18 23:56:41.621 I/OMXMaster( 3203): makeComponentInstance(OMX.amlogic.rm40.decoder.sw) in omx@1.0-service process
12-18 23:56:41.621 V/AmlogicSoftOMXPlugin( 3203): makeComponentInstance 90
12-18 23:56:41.623 I/AmSoftDec( 3203): get mimetype : video/rm40
12-18 23:56:41.623 I/AmFFmpegCodec( 3203): CreateCodec for codecMime : video/rm40
12-18 23:56:41.626 D/vol.VolumeDialogImpl( 3479): Init row : UI Indicatiors list size : 20
12-18 23:56:41.630 E/OMXNodeInstance( 3203): getExtensionIndex(0xacf9cba0:amlogic.rm40.decoder.sw, OMX.google.android.index.configureVideoTunnelMode) ERROR: UnsupportedIndex(0x8000101a)
12-18 23:56:41.630 E/OMXNodeInstance( 3203): getExtensionIndex(0xacf9cba0:amlogic.rm40.decoder.sw, OMX.google.android.index.enableAndroidNativeBuffers) ERROR: UnsupportedIndex(0x8000101a)
12-18 23:56:41.630 E/OMXNodeInstance( 3203): getExtensionIndex(0xacf9cba0:amlogic.rm40.decoder.sw, OMX.google.android.index.prepareForAdaptivePlayback) ERROR: UnsupportedIndex(0x8000101a)
12-18 23:56:41.630 V/AmlogicSoftOMXPlugin( 3203): destroyComponentInstance 102
12-18 23:56:41.635 I/FacebookInitProvider( 3627): Failed to auto initialize the Facebook SDK
12-18 23:56:41.635 I/FacebookInitProvider( 3627): java.lang.IllegalStateException: SharedPreferences in credential encrypted storage are not available until after user is unlocked
12-18 23:56:41.635 I/FacebookInitProvider( 3627): 	at android.app.ContextImpl.getSharedPreferences(ContextImpl.java:419)
12-18 23:56:41.635 I/FacebookInitProvider( 3627): 	at android.app.ContextImpl.getSharedPreferences(ContextImpl.java:404)
12-18 23:56:41.635 I/FacebookInitProvider( 3627): 	at android.content.ContextWrapper.getSharedPreferences(ContextWrapper.java:174)
12-18 23:56:41.635 I/FacebookInitProvider( 3627): 	at com.facebook.appevents.AppEventsLoggerImpl$Companion.getAnonymousAppDeviceGUID(AppEventsLoggerImpl.kt:620)
12-18 23:56:41.635 I/FacebookInitProvider( 3627): 	at com.facebook.appevents.AppEventsLogger$Companion.getAnonymousAppDeviceGUID(AppEventsLogger.kt:657)
12-18 23:56:41.635 I/FacebookInitProvider( 3627): 	at com.facebook.appevents.AppEventsLogger.getAnonymousAppDeviceGUID(Unknown Source:2)
12-18 23:56:41.635 I/FacebookInitProvider( 3627): 	at com.facebook.FacebookSdk.sdkInitialize(FacebookSdk.java:298)
12-18 23:56:41.635 I/FacebookInitProvider( 3627): 	at com.facebook.FacebookSdk.sdkInitialize(FacebookSdk.java:260)
12-18 23:56:41.635 I/FacebookInitProvider( 3627): 	at com.facebook.internal.FacebookInitProvider.onCreate(FacebookInitProvider.kt:19)
12-18 23:56:41.635 I/FacebookInitProvider( 3627): 	at android.content.ContentProvider.attachInfo(ContentProvider.java:1919)
12-18 23:56:41.635 I/FacebookInitProvider( 3627): 	at android.content.ContentProvider.attachInfo(ContentProvider.java:1894)
12-18 23:56:41.635 I/FacebookInitProvider( 3627): 	at android.app.ActivityThread.installProvider(ActivityThread.java:6391)
12-18 23:56:41.635 I/FacebookInitProvider( 3627): 	at android.app.ActivityThread.installContentProviders(ActivityThread.java:5938)
12-18 23:56:41.635 I/FacebookInitProvider( 3627): 	at android.app.ActivityThread.handleBindApplication(ActivityThread.java:5853)
12-18 23:56:41.635 I/FacebookInitProvider( 3627): 	at android.app.ActivityThread.access$1100(ActivityThread.java:199)
12-18 23:56:41.635 I/FacebookInitProvider( 3627): 	at android.app.ActivityThread$H.handleMessage(ActivityThread.java:1650)
12-18 23:56:41.635 I/FacebookInitProvider( 3627): 	at android.os.Handler.dispatchMessage(Handler.java:106)
12-18 23:56:41.635 I/FacebookInitProvider( 3627): 	at android.os.Looper.loop(Looper.java:193)
12-18 23:56:41.635 I/FacebookInitProvider( 3627): 	at android.app.ActivityThread.main(ActivityThread.java:6669)
12-18 23:56:41.635 I/FacebookInitProvider( 3627): 	at java.lang.reflect.Method.invoke(Native Method)
12-18 23:56:41.635 I/FacebookInitProvider( 3627): 	at com.android.internal.os.RuntimeInit$MethodAndArgsCaller.run(RuntimeInit.java:493)
12-18 23:56:41.635 I/FacebookInitProvider( 3627): 	at com.android.internal.os.ZygoteInit.main(ZygoteInit.java:858)
12-18 23:56:41.637 W/sdcard  ( 3776): Device explicitly enabled sdcardfs
12-18 23:56:41.640 D/vol.VolumeDialogImpl( 3479): Init row : UI Indicatiors list size : 20
12-18 23:56:41.642 I/AmAVUtils( 3196): AmAVUtils::getComponentRole isEncoder :0 mime:video/vc1 
12-18 23:56:41.642 V/AVUtils ( 3196): AVUtils::getComponentRole
12-18 23:56:41.645 E/ADC     ( 3627): Initialization done
12-18 23:56:41.650 W/System.err( 3627): java.lang.IllegalStateException: SharedPreferences in credential encrypted storage are not available until after user is unlocked
12-18 23:56:41.650 V/vold    ( 2997): Waiting for FUSE to spin up...
12-18 23:56:41.650 I/OMXClient( 3196): IOmx service obtained
12-18 23:56:41.651 I/OMXMaster( 3203): makeComponentInstance(OMX.amlogic.vc1.decoder.awesome) in omx@1.0-service process
12-18 23:56:41.651 D/OmxComponentManagerImpl( 3203): support frame mode
12-18 23:56:41.651 D/OmxComponentManagerImpl( 3203): format not support multi-instance
12-18 23:56:41.651 D/OmxComponentManagerImpl( 3203): getEntryByName_2_num=0, componentName:OMX.amlogic.vc1.decoder.awesome
12-18 23:56:41.651 D/OmxComponentManagerImpl( 3203): have no decoder component
12-18 23:56:41.652 D/OmxComponentManagerImpl( 3203): amstream_hevc is free
12-18 23:56:41.652 D/OmxComponentManagerImpl( 3203): ret =0,*pEntry->mRoleNames=video_decoder.vc1
12-18 23:56:41.652 D/OmxComponentManagerImpl( 3203): amstream_vbuf is free
12-18 23:56:41.652 D/OmxComponentManagerImpl( 3203): ret =0,*pEntry->mRoleNames=video_decoder.vc1
12-18 23:56:41.652 D/OmxComponentManagerImpl( 3203): ionvide is free
12-18 23:56:41.652 D/OmxComponentManagerImpl( 3203): ready for creat omx decoder component
12-18 23:56:41.652 V/AmlogicVideoDecoderAwesome( 3203): AmlogicVideoDecoder:100 >
12-18 23:56:41.652 V/AmlogicVideoDecoderAwesome( 3203): initializeState_l:1541 >
12-18 23:56:41.652 V/AmlogicVideoDecoderAwesome( 3203): media.omx.latency is not set used def=1.000000
12-18 23:56:41.652 D/AmlogicVideoDecoderAwesome( 3203): AmlogicVideoDecoder, mOmxInstancenum 1, mOmxInstanceID 11
12-18 23:56:41.652 W/AmlSysfsUtil( 3203): [amsysfs_get_sysfs_str] /sys/module/am_vecm/parameters/dolby_vision_enable failed!
12-18 23:56:41.652 D/vol.VolumeDialogImpl( 3479): Init row : UI Indicatiors list size : 20
12-18 23:56:41.653 D/AmlogicVideoDecoderAwesome( 3203): mCheckDvesDone = 1
12-18 23:56:41.653 D/OmxVideoDecoder( 3203): drm use frame_mode
12-18 23:56:41.653 D/OmxVideoDecoder( 3203): libsecmem.so is V2
12-18 23:56:41.653 E/secmem_tz( 3203): [Secure_NegotiateVersion:479] Secure_NegotiateVersion 2 2 2 2 2 2
12-18 23:56:41.653 E/secmem_tz( 3203): [Secure_NegotiateVersion:488] Negotiated secmem version = 2
12-18 23:56:41.653 I/OmxVideoDecoder( 3203): we will use V2
12-18 23:56:41.653 D/libbt_vendor( 3086): set power on and delay 00ms
12-18 23:56:41.653 I/bt_userial_vendor( 3086): userial vendor open: opening /dev/ttyS1
12-18 23:56:41.660 D/InsManage( 3203): Register Instance 0xacf83a00, Active Number=1
12-18 23:56:41.660 W/OmxLogConf( 3203): Can not read property media.omx.log_levels, using 0
12-18 23:56:41.661 V/AmlogicVideoDecoderAwesome( 3203): media.omx.out_buffer1 is not set used def=4
12-18 23:56:41.661 D/OmxVideoDecoder( 3203): setInputCoding OMX.amlogic.vc1.decoder.awesome
12-18 23:56:41.661 D/OmxVideoDecoder( 3203): mIsLinux49=1, major=4, minor=9
12-18 23:56:41.661 I/vol.Events( 3479): writeEvent level_changed STREAM_VOICE_CALL 4
12-18 23:56:41.669 W/System.err( 3627): 	at android.app.ContextImpl.getSharedPreferences(ContextImpl.java:419)
12-18 23:56:41.669 W/System.err( 3627): 	at android.app.ContextImpl.getSharedPreferences(ContextImpl.java:404)
12-18 23:56:41.669 W/System.err( 3627): 	at android.content.ContextWrapper.getSharedPreferences(ContextWrapper.java:174)
12-18 23:56:41.669 W/System.err( 3627): 	at com.rjil.jiostbsetting.utils.ServiceTrackerKt.getPreferences(ServiceTracker.kt:29)
12-18 23:56:41.669 W/System.err( 3627): 	at com.rjil.jiostbsetting.utils.ServiceTrackerKt.getServiceState(ServiceTracker.kt:23)
12-18 23:56:41.669 W/System.err( 3627): 	at com.rjil.jiostbsetting.MyApplication.adcinit(MyApplication.kt:76)
12-18 23:56:41.669 W/System.err( 3627): 	at com.rjil.jiostbsetting.MyApplication.onCreate(MyApplication.kt:34)
12-18 23:56:41.669 W/System.err( 3627): 	at android.app.Instrumentation.callApplicationOnCreate(Instrumentation.java:1154)
12-18 23:56:41.669 W/System.err( 3627): 	at android.app.ActivityThread.handleBindApplication(ActivityThread.java:5871)
12-18 23:56:41.669 W/System.err( 3627): 	at android.app.ActivityThread.access$1100(ActivityThread.java:199)
12-18 23:56:41.669 W/System.err( 3627): 	at android.app.ActivityThread$H.handleMessage(ActivityThread.java:1650)
12-18 23:56:41.669 W/System.err( 3627): 	at android.os.Handler.dispatchMessage(Handler.java:106)
12-18 23:56:41.669 W/System.err( 3627): 	at android.os.Looper.loop(Looper.java:193)
12-18 23:56:41.669 W/System.err( 3627): 	at android.app.ActivityThread.main(ActivityThread.java:6669)
12-18 23:56:41.669 W/System.err( 3627): 	at java.lang.reflect.Method.invoke(Native Method)
12-18 23:56:41.669 W/System.err( 3627): 	at com.android.internal.os.RuntimeInit$MethodAndArgsCaller.run(RuntimeInit.java:493)
12-18 23:56:41.669 W/System.err( 3627): 	at com.android.internal.os.ZygoteInit.main(ZygoteInit.java:858)
12-18 23:56:41.672 D/OmxVideoDecoder( 3203): multi dec exist
12-18 23:56:41.672 D/OmxVideoDecoder( 3203): format is not avc, hevc, vp9, avs2, mpeg2, mpeg4, mjpeg, use single mode
12-18 23:56:41.672 D/OmxVideoDecoder( 3203): mSupportPiPVideo = 1
12-18 23:56:41.672 D/OmxVideoDecoder( 3203): mMustOsdDisplay 0, mAmVideoUsed=0, mSupportPiPVideo=1, mPipVideoUsed=0, mVideoUsedByOmx=0
12-18 23:56:41.672 D/OMX-VENDOR-EXT( 3203): OMX.amlogic.vc1.decoder.awesome : Vendor extensions supported (8)
12-18 23:56:41.673 I/vol.Events( 3479): writeEvent level_changed STREAM_SYSTEM 2
12-18 23:56:41.673 D/OMX-VENDOR-EXT( 3203):    vendor.4k-osd{{ enable : Int32 },  }
12-18 23:56:41.673 D/OMX-VENDOR-EXT( 3203):    vendor.unstable-pts{{ enable : Int32 },  }
12-18 23:56:41.673 D/OMX-VENDOR-EXT( 3203):    vendor.is-mvc{{ enable : Int32 },  }
12-18 23:56:41.674 D/OMX-VENDOR-EXT( 3203):    vendor.is-flv{{ nContainIndex : Int32 },  }
12-18 23:56:41.674 D/OMX-VENDOR-EXT( 3203):    vendor.dvconfig-box{{ disable : Int32 },  }
12-18 23:56:41.674 D/OMX-VENDOR-EXT( 3203):    vendor.profile-level{{ n-profile : Int32 },  { n-level : Int32 },  }
12-18 23:56:41.674 D/OMX-VENDOR-EXT( 3203):    vendor.nrdp{{ video-peek-in-tunnel : Int32 },  }
12-18 23:56:41.674 D/OMX-VENDOR-EXT( 3203):    vendor.display-layer{{ value : Int32 },  }
12-18 23:56:41.674 D/OmxComponentManagerImpl( 3203): IncreaseEntryNumByName pEntry->mNum=0, pEntry->mMaxNum:1,componentName:OMX.amlogic.vc1.decoder.awesome
12-18 23:56:41.674 I/omx_core( 3203): OMX_getHandle_num=1
12-18 23:56:41.675 D/OmxComponent( 3203): mApkName=media.codec
12-18 23:56:41.691 D/WifiService( 3332): setWifiEnabled: true pid=3627, uid=1000, package=com.rjil.jiostbsetting
12-18 23:56:41.691 I/chatty  ( 3332): uid=1000(system) Binder:3332_2 expire 1 line
12-18 23:56:41.693 D/SystemUIBootTiming( 3479): StartServicescom.android.systemui.volume.VolumeUI took to complete: 233ms
12-18 23:56:41.697 I/chatty  ( 3332): uid=1000(system) Binder:3332_6 expire 3 lines
12-18 23:56:41.706 I/bt_userial_vendor( 3086): userial vendor open: with HW flowctrl OFF
12-18 23:56:41.709 I/vol.Events( 3479): writeEvent level_changed STREAM_RING 2
12-18 23:56:41.711 I/vol.Events( 3479): writeEvent level_changed STREAM_MUSIC 25
12-18 23:56:41.713 W/android.hardware.wifi@1.0-service( 3107): found the march  wifi is: rtl8822cs: Operation not permitted
12-18 23:56:41.717 D/OmxVideoDecoder( 3203): setParameter 907 0x1000017
12-18 23:56:41.717 D/OmxVideoDecoder( 3203): setInputCoding video_decoder.vc1
12-18 23:56:41.718 E/OMXNodeInstance( 3203): getParameter(0xacf83bc8:amlogic.vc1.decoder.awesome, ParamVideoProfileLevelQuerySupported(0x600000f)) ERROR: BadParameter(0x80001005)
12-18 23:56:41.718 D/OmxComponent( 3203): getExtensionIndex 1136 name="OMX.google.android.index.describeColorFormat"
12-18 23:56:41.719 D/OmxComponent( 3203): getExtensionIndex 1136 name="OMX.google.android.index.storeMetaDataInBuffers"
12-18 23:56:41.719 D/OmxComponent( 3203): getExtensionIndex 1136 name="OMX.google.android.index.storeANWBufferInMetadata"
12-18 23:56:41.719 D/OmxComponent( 3203): getExtensionIndex 1136 name="OMX.google.android.index.prepareForAdaptivePlayback"
12-18 23:56:41.719 D/OmxComponent( 3203): getExtensionIndex 1136 name="OMX.google.android.index.configureVideoTunnelMode"
12-18 23:56:41.719 D/OmxComponent( 3203): getExtensionIndex 1136 name="OMX.google.android.index.useAndroidNativeBuffer2"
12-18 23:56:41.719 D/OmxComponent( 3203): getExtensionIndex 1136 name="OMX.google.android.index.useAndroidNativeBuffer"
12-18 23:56:41.719 D/OmxComponent( 3203): getExtensionIndex 1136 name="OMX.google.android.index.enableAndroidNativeBuffers"
12-18 23:56:41.719 D/OmxComponent( 3203): getExtensionIndex 1136 name="OMX.google.android.index.allocateNativeHandle"
12-18 23:56:41.719 D/OmxComponent( 3203): getExtensionIndex 1136 name="OMX.google.android.index.getAndroidNativeBufferUsage"
12-18 23:56:41.719 V/OmxVideoDecoder( 3203): updatePort mUseNativeBuffers 0
12-18 23:56:41.720 D/OmxComponent( 3203): getExtensionIndex 1136 name="OMX.google.android.index.configureVideoTunnelMode"
12-18 23:56:41.720 D/OmxVideoDecoder( 3203): setParameter 907 0x7f000008
12-18 23:56:41.720 I/OmxVideoDecoder( 3203): OmxVideoDecoder::setParameter OMX_IndexAndroidConfigureVideoTunnelMode, enable=1
12-18 23:56:41.720 D/OmxComponentManagerImpl( 3203): DecreaseEntryNumByName pEntry->mNum=1, pEntry->mMaxNum:1,componentName:OMX.amlogic.vc1.decoder.awesome
12-18 23:56:41.720 I/omx_core( 3203): OMX_freeHandle_num_= 0
12-18 23:56:41.725 I/vol.Events( 3479): writeEvent level_changed STREAM_ALARM 2
12-18 23:56:41.727 D/AmlogicVideoDecoderAwesome( 3203): ~AmlogicVideoDecoderAwesome
12-18 23:56:41.727 D/AmlogicVideoDecoderAwesome( 3203): ~AmlogicVideoDecoder
12-18 23:56:41.727 D/AmlogicVideoDecoderAwesome( 3203): ~AmlogicVideoDecoder, mOmxInstancenum 0
12-18 23:56:41.727 D/InsManage( 3203): UnRegisterInstance 0xacf83a00 Success, QuitClass 0x0
12-18 23:56:41.728 I/AmAVUtils( 3196): AmAVUtils::getComponentRole isEncoder :0 mime:video/x-vnd.on2.vp8 
12-18 23:56:41.728 V/AVUtils ( 3196): AVUtils::getComponentRole
12-18 23:56:41.731 I/OMXClient( 3196): IOmx service obtained
12-18 23:56:41.733 I/vol.Events( 3479): writeEvent level_changed STREAM_BLUETOOTH_SCO 4
12-18 23:56:41.733 I/OMXMaster( 3203): makeComponentInstance(OMX.amlogic.vp8.decoder.sw) in omx@1.0-service process
12-18 23:56:41.733 V/AmlogicSoftOMXPlugin( 3203): makeComponentInstance 90
12-18 23:56:41.741 I/AmSoftDec( 3203): get mimetype : video/x-vnd.on2.vp8
12-18 23:56:41.741 I/AmFFmpegCodec( 3203): CreateCodec for codecMime : video/x-vnd.on2.vp8
12-18 23:56:41.743 I/bt_userial_vendor( 3086): device fd = 6 open
12-18 23:56:41.744 D/bt_service( 3086): OsAllocateTimer bt_service sigev.sigev_notify_thread_id = syscall(__NR_gettid)!
12-18 23:56:41.744 D/bt_service( 3086): RTK_btservice_init init done!
12-18 23:56:41.745 D/bt_hwcfg_uart( 3086): RTKBT_RELEASE_NAME: 20200109_BT_ANDROID_9.0
12-18 23:56:41.745 D/bt_hwcfg_uart( 3086): 
12-18 23:56:41.745 D/bt_hwcfg_uart( 3086): Realtek libbt-vendor_uart Version 5.1.1 
12-18 23:56:41.745 D/bt_hwcfg_uart( 3086): hw_config_start, transtype = 0x11 
12-18 23:56:41.748 E/OMXNodeInstance( 3203): getExtensionIndex(0xacf9cba0:amlogic.vp8.decoder.sw, OMX.google.android.index.configureVideoTunnelMode) ERROR: UnsupportedIndex(0x8000101a)
12-18 23:56:41.748 E/OMXNodeInstance( 3203): getExtensionIndex(0xacf9cba0:amlogic.vp8.decoder.sw, OMX.google.android.index.enableAndroidNativeBuffers) ERROR: UnsupportedIndex(0x8000101a)
12-18 23:56:41.748 E/OMXNodeInstance( 3203): getExtensionIndex(0xacf9cba0:amlogic.vp8.decoder.sw, OMX.google.android.index.prepareForAdaptivePlayback) ERROR: UnsupportedIndex(0x8000101a)
12-18 23:56:41.748 V/AmlogicSoftOMXPlugin( 3203): destroyComponentInstance 102
12-18 23:56:41.750 I/AmAVUtils( 3196): AmAVUtils::getComponentRole isEncoder :0 mime:video/x-vnd.on2.vp8 
12-18 23:56:41.750 V/AVUtils ( 3196): AVUtils::getComponentRole
12-18 23:56:41.751 I/vol.Events( 3479): writeEvent zen_mode_config_changed [disallowAlarms=false disallowMedia=false disallowSystem=true disallowRinger=false]
12-18 23:56:41.752 I/OMXClient( 3196): IOmx service obtained
12-18 23:56:41.752 I/OMXMaster( 3203): makeComponentInstance(OMX.google.vp8.decoder) in omx@1.0-service process
12-18 23:56:41.767 E/OMXNodeInstance( 3203): getExtensionIndex(0xacf9cba0:google.vp8.decoder, OMX.google.android.index.configureVideoTunnelMode) ERROR: UnsupportedIndex(0x8000101a)
12-18 23:56:41.768 E/OMXNodeInstance( 3203): getExtensionIndex(0xacf9cba0:google.vp8.decoder, OMX.google.android.index.enableAndroidNativeBuffers) ERROR: UnsupportedIndex(0x8000101a)
12-18 23:56:41.770 I/AmAVUtils( 3196): AmAVUtils::getComponentRole isEncoder :0 mime:video/x-vnd.on2.vp9 
12-18 23:56:41.770 E/WindowManager( 3332): App trying to use insecure INPUT_FEATURE_NO_INPUT_CHANNEL flag. Ignoring
12-18 23:56:41.770 V/AVUtils ( 3196): AVUtils::getComponentRole
12-18 23:56:41.771 D/bt_hwcfg_uart( 3086): hw_cfg_cb.state = 1
12-18 23:56:41.774 I/OMXClient( 3196): IOmx service obtained
12-18 23:56:41.774 I/OMXMaster( 3203): makeComponentInstance(OMX.amlogic.vp9.decoder.awesome) in omx@1.0-service process
12-18 23:56:41.777 D/OmxComponentManagerImpl( 3203): support frame mode
12-18 23:56:41.777 D/OmxComponentManagerImpl( 3203): format support multi-instance
12-18 23:56:41.777 D/OmxComponentManagerImpl( 3203): getEntryByName_2_num=0, componentName:OMX.amlogic.vp9.decoder.awesome
12-18 23:56:41.778 V/AmlogicVideoDecoderAwesome( 3203): AmlogicVideoDecoder:100 >
12-18 23:56:41.778 V/AmlogicVideoDecoderAwesome( 3203): initializeState_l:1541 >
12-18 23:56:41.778 V/AmlogicVideoDecoderAwesome( 3203): media.omx.latency is not set used def=1.000000
12-18 23:56:41.778 D/AmlogicVideoDecoderAwesome( 3203): AmlogicVideoDecoder, mOmxInstancenum 1, mOmxInstanceID 12
12-18 23:56:41.778 W/AmlSysfsUtil( 3203): [amsysfs_get_sysfs_str] /sys/module/am_vecm/parameters/dolby_vision_enable failed!
12-18 23:56:41.778 D/AmlogicVideoDecoderAwesome( 3203): mCheckDvesDone = 1
12-18 23:56:41.778 D/AmlogicVideoDecoderAwesome( 3203): AmlogicVideoDecoderVp9 Ctor
12-18 23:56:41.779 D/OmxVideoDecoder( 3203): drm use frame_mode
12-18 23:56:41.779 D/OmxVideoDecoder( 3203): libsecmem.so is V2
12-18 23:56:41.779 E/secmem_tz( 3203): [Secure_NegotiateVersion:479] Secure_NegotiateVersion 2 2 2 2 2 2
12-18 23:56:41.779 E/secmem_tz( 3203): [Secure_NegotiateVersion:488] Negotiated secmem version = 2
12-18 23:56:41.779 I/OmxVideoDecoder( 3203): we will use V2
12-18 23:56:41.779 D/InsManage( 3203): Register Instance 0xacf83a00, Active Number=1
12-18 23:56:41.780 W/OmxLogConf( 3203): Can not read property media.omx.log_levels, using 0
12-18 23:56:41.780 V/AmlogicVideoDecoderAwesome( 3203): media.omx.out_buffer1 is not set used def=4
12-18 23:56:41.780 D/OmxVideoDecoder( 3203): setInputCoding OMX.amlogic.vp9.decoder.awesome
12-18 23:56:41.780 D/OmxVideoDecoder( 3203): mIsLinux49=1, major=4, minor=9
12-18 23:56:41.782 D/OmxVideoDecoder( 3203): multi dec exist
12-18 23:56:41.782 D/OmxVideoDecoder( 3203): Use frame mode for multidec.
12-18 23:56:41.782 D/OmxVideoDecoder( 3203): Use min out buffer size
12-18 23:56:41.782 D/OmxVideoDecoder( 3203): mSupportPiPVideo = 1
12-18 23:56:41.782 D/SystemUIBootTiming( 3479): StartServicescom.android.systemui.stackdivider.Divider took to complete: 89ms
12-18 23:56:41.782 D/OmxVideoDecoder( 3203): mMustOsdDisplay 0, mAmVideoUsed=0, mSupportPiPVideo=1, mPipVideoUsed=0, mVideoUsedByOmx=0
12-18 23:56:41.782 D/OMX-VENDOR-EXT( 3203): OMX.amlogic.vp9.decoder.awesome : Vendor extensions supported (8)
12-18 23:56:41.782 D/OMX-VENDOR-EXT( 3203):    vendor.4k-osd{{ enable : Int32 },  }
12-18 23:56:41.782 D/OMX-VENDOR-EXT( 3203):    vendor.unstable-pts{{ enable : Int32 },  }
12-18 23:56:41.782 D/OMX-VENDOR-EXT( 3203):    vendor.is-mvc{{ enable : Int32 },  }
12-18 23:56:41.782 D/OMX-VENDOR-EXT( 3203):    vendor.is-flv{{ nContainIndex : Int32 },  }
12-18 23:56:41.782 D/OMX-VENDOR-EXT( 3203):    vendor.dvconfig-box{{ disable : Int32 },  }
12-18 23:56:41.782 D/OMX-VENDOR-EXT( 3203):    vendor.profile-level{{ n-profile : Int32 },  { n-level : Int32 },  }
12-18 23:56:41.782 D/OMX-VENDOR-EXT( 3203):    vendor.nrdp{{ video-peek-in-tunnel : Int32 },  }
12-18 23:56:41.782 D/OMX-VENDOR-EXT( 3203):    vendor.display-layer{{ value : Int32 },  }
12-18 23:56:41.782 D/OmxComponentManagerImpl( 3203): IncreaseEntryNumByName pEntry->mNum=0, pEntry->mMaxNum:9,componentName:OMX.amlogic.vp9.decoder.awesome
12-18 23:56:41.782 I/omx_core( 3203): OMX_getHandle_num=1
12-18 23:56:41.782 D/OmxComponent( 3203): mApkName=media.codec
12-18 23:56:41.783 D/bt_hwcfg_uart( 3086): hw_cfg_cb.state = 2
12-18 23:56:41.783 D/bt_hwcfg_uart( 3086): lmp_subversion = 0x8822 hw_cfg_cb.hci_version = 0x8 hw_cfg_cb.hci_revision = 0xc
12-18 23:56:41.786 D/OmxVideoDecoder( 3203): setParameter 907 0x1000017
12-18 23:56:41.786 D/OmxVideoDecoder( 3203): setInputCoding video_decoder.vp9
12-18 23:56:41.787 E/OMXNodeInstance( 3203): getParameter(0xacf83bc8:amlogic.vp9.decoder.awesome, ParamVideoProfileLevelQuerySupported(0x600000f)) ERROR: BadParameter(0x80001005)
12-18 23:56:41.787 D/OmxComponent( 3203): getExtensionIndex 1136 name="OMX.google.android.index.describeColorFormat"
12-18 23:56:41.787 D/OmxComponent( 3203): getExtensionIndex 1136 name="OMX.google.android.index.storeMetaDataInBuffers"
12-18 23:56:41.787 D/OmxComponent( 3203): getExtensionIndex 1136 name="OMX.google.android.index.storeANWBufferInMetadata"
12-18 23:56:41.787 D/OmxComponent( 3203): getExtensionIndex 1136 name="OMX.google.android.index.prepareForAdaptivePlayback"
12-18 23:56:41.787 D/OmxComponent( 3203): getExtensionIndex 1136 name="OMX.google.android.index.configureVideoTunnelMode"
12-18 23:56:41.787 D/OmxComponent( 3203): getExtensionIndex 1136 name="OMX.google.android.index.useAndroidNativeBuffer2"
12-18 23:56:41.787 D/OmxComponent( 3203): getExtensionIndex 1136 name="OMX.google.android.index.useAndroidNativeBuffer"
12-18 23:56:41.787 D/OmxComponent( 3203): getExtensionIndex 1136 name="OMX.google.android.index.enableAndroidNativeBuffers"
12-18 23:56:41.787 D/OmxComponent( 3203): getExtensionIndex 1136 name="OMX.google.android.index.allocateNativeHandle"
12-18 23:56:41.787 D/OmxComponent( 3203): getExtensionIndex 1136 name="OMX.google.android.index.getAndroidNativeBufferUsage"
12-18 23:56:41.787 V/OmxVideoDecoder( 3203): updatePort mUseNativeBuffers 0
12-18 23:56:41.787 D/OmxComponent( 3203): getExtensionIndex 1136 name="OMX.google.android.index.configureVideoTunnelMode"
12-18 23:56:41.787 D/OmxVideoDecoder( 3203): setParameter 907 0x7f000008
12-18 23:56:41.787 I/OmxVideoDecoder( 3203): OmxVideoDecoder::setParameter OMX_IndexAndroidConfigureVideoTunnelMode, enable=1
12-18 23:56:41.787 I/StatusBarManagerService( 3332): registerStatusBar bar=com.android.internal.statusbar.IStatusBar$Stub$Proxy@edfdce8
12-18 23:56:41.788 D/OmxComponentManagerImpl( 3203): DecreaseEntryNumByName pEntry->mNum=1, pEntry->mMaxNum:9,componentName:OMX.amlogic.vp9.decoder.awesome
12-18 23:56:41.788 I/omx_core( 3203): OMX_freeHandle_num_= 0
12-18 23:56:41.788 D/SystemUIBootTiming( 3479): StartServicescom.android.systemui.SystemBars took to complete: 7ms
12-18 23:56:41.789 D/AmlogicVideoDecoderAwesome( 3203): AmlogicVideoDecoderVp9 Dtor
12-18 23:56:41.789 D/AmlogicVideoDecoderAwesome( 3203): ~AmlogicVideoDecoderAwesome
12-18 23:56:41.789 D/AmlogicVideoDecoderAwesome( 3203): ~AmlogicVideoDecoder
12-18 23:56:41.789 D/AmlogicVideoDecoderAwesome( 3203): ~AmlogicVideoDecoder, mOmxInstancenum 0
12-18 23:56:41.789 D/InsManage( 3203): UnRegisterInstance 0xacf83a00 Success, QuitClass 0x0
12-18 23:56:41.790 I/AmAVUtils( 3196): AmAVUtils::getComponentRole isEncoder :0 mime:video/x-vnd.on2.vp9 
12-18 23:56:41.790 V/AVUtils ( 3196): AVUtils::getComponentRole
12-18 23:56:41.793 I/OMXClient( 3196): IOmx service obtained
12-18 23:56:41.793 I/OMXMaster( 3203): makeComponentInstance(OMX.amlogic.vp9.decoder.awesome.secure) in omx@1.0-service process
12-18 23:56:41.793 E/OmxComponentManagerImpl( 3203): check video layer1
12-18 23:56:41.794 D/OmxComponentManagerImpl( 3203): support frame mode
12-18 23:56:41.794 D/OmxComponentManagerImpl( 3203): format support multi-instance
12-18 23:56:41.794 D/OmxComponentManagerImpl( 3203): getEntryByName_2_num=0, componentName:OMX.amlogic.vp9.decoder.awesome.secure
12-18 23:56:41.794 V/AmlogicVideoDecoderAwesome( 3203): AmlogicVideoDecoder:100 >
12-18 23:56:41.794 V/AmlogicVideoDecoderAwesome( 3203): initializeState_l:1541 >
12-18 23:56:41.794 V/AmlogicVideoDecoderAwesome( 3203): media.omx.latency is not set used def=1.000000
12-18 23:56:41.794 D/AmlogicVideoDecoderAwesome( 3203): AmlogicVideoDecoder, mOmxInstancenum 1, mOmxInstanceID 13
12-18 23:56:41.794 W/AmlSysfsUtil( 3203): [amsysfs_get_sysfs_str] /sys/module/am_vecm/parameters/dolby_vision_enable failed!
12-18 23:56:41.795 D/AmlogicVideoDecoderAwesome( 3203): mCheckDvesDone = 1
12-18 23:56:41.795 D/AmlogicVideoDecoderAwesome( 3203): AmlogicVideoDecoderVp9 Ctor
12-18 23:56:41.795 D/OmxVideoDecoder( 3203): drm use frame_mode
12-18 23:56:41.795 D/OmxVideoDecoder( 3203): libsecmem.so is V2
12-18 23:56:41.795 E/secmem_tz( 3203): [Secure_NegotiateVersion:479] Secure_NegotiateVersion 2 2 2 2 2 2
